/Users/chrrum01/STM32CubeIDE/workspace_1.9.0/IOT_HTTP_WebServer/Core/Src/console.c:46:25:webserver_console_config	8	static
/Users/chrrum01/STM32CubeIDE/workspace_1.9.0/IOT_HTTP_WebServer/Core/Src/console.c:81:6:webserver_console_print_header	8	static
/Users/chrrum01/STM32CubeIDE/workspace_1.9.0/IOT_HTTP_WebServer/Core/Src/console.c:94:25:webserver_console_get_ssid	24	static
/Users/chrrum01/STM32CubeIDE/workspace_1.9.0/IOT_HTTP_WebServer/Core/Src/console.c:150:25:webserver_console_get_password	24	static
/Users/chrrum01/STM32CubeIDE/workspace_1.9.0/IOT_HTTP_WebServer/Core/Src/console.c:204:1:__io_putchar	16	static
/Users/chrrum01/STM32CubeIDE/workspace_1.9.0/IOT_HTTP_WebServer/Core/Src/console.c:218:1:__io_getchar	16	static
