/Users/chrrum01/STM32CubeIDE/workspace_1.9.0/IOT_HTTP_WebServer/Core/Src/system_config.c:42:25:system_init	8	static
/Users/chrrum01/STM32CubeIDE/workspace_1.9.0/IOT_HTTP_WebServer/Core/Src/system_config.c:64:6:instruction_cache_enable	8	static
/Users/chrrum01/STM32CubeIDE/workspace_1.9.0/IOT_HTTP_WebServer/Core/Src/system_config.c:94:25:system_clock_config	128	static
/Users/chrrum01/STM32CubeIDE/workspace_1.9.0/IOT_HTTP_WebServer/Core/Src/system_config.c:152:32:lptim_config	16	static
/Users/chrrum01/STM32CubeIDE/workspace_1.9.0/IOT_HTTP_WebServer/Core/Src/system_config.c:218:13:LPTIM_UpdateEventCallback	16	static
