/Users/chrrum01/STM32CubeIDE/workspace_1.9.0/IOT_HTTP_WebServer/Middlewares/ST/STM32_Network_Library/core/net_address.c:36:9:net_ntoa_r	56	static
/Users/chrrum01/STM32CubeIDE/workspace_1.9.0/IOT_HTTP_WebServer/Middlewares/ST/STM32_Network_Library/core/net_address.c:98:9:net_ntoa	16	static
/Users/chrrum01/STM32CubeIDE/workspace_1.9.0/IOT_HTTP_WebServer/Middlewares/ST/STM32_Network_Library/core/net_address.c:109:9:net_aton	64	static
/Users/chrrum01/STM32CubeIDE/workspace_1.9.0/IOT_HTTP_WebServer/Middlewares/ST/STM32_Network_Library/core/net_address.c:275:9:net_aton_r	24	static
/Users/chrrum01/STM32CubeIDE/workspace_1.9.0/IOT_HTTP_WebServer/Middlewares/ST/STM32_Network_Library/core/net_address.c:295:10:net_get_port	16	static
/Users/chrrum01/STM32CubeIDE/workspace_1.9.0/IOT_HTTP_WebServer/Middlewares/ST/STM32_Network_Library/core/net_address.c:299:6:net_set_port	16	static
/Users/chrrum01/STM32CubeIDE/workspace_1.9.0/IOT_HTTP_WebServer/Middlewares/ST/STM32_Network_Library/core/net_address.c:304:15:net_get_ip_addr	24	static
