/Users/chrrum01/STM32CubeIDE/workspace_1.9.0/IOT_HTTP_WebServer/Middlewares/ST/STM32_Network_Library/core/net_state.c:70:13:set_state	16	static
/Users/chrrum01/STM32CubeIDE/workspace_1.9.0/IOT_HTTP_WebServer/Middlewares/ST/STM32_Network_Library/core/net_state.c:78:16:net_state_initialized	24	static
/Users/chrrum01/STM32CubeIDE/workspace_1.9.0/IOT_HTTP_WebServer/Middlewares/ST/STM32_Network_Library/core/net_state.c:110:16:net_state_starting	24	static
/Users/chrrum01/STM32CubeIDE/workspace_1.9.0/IOT_HTTP_WebServer/Middlewares/ST/STM32_Network_Library/core/net_state.c:135:16:net_state_ready	24	static
/Users/chrrum01/STM32CubeIDE/workspace_1.9.0/IOT_HTTP_WebServer/Middlewares/ST/STM32_Network_Library/core/net_state.c:167:16:net_state_connecting	24	static
/Users/chrrum01/STM32CubeIDE/workspace_1.9.0/IOT_HTTP_WebServer/Middlewares/ST/STM32_Network_Library/core/net_state.c:187:16:net_state_connected	24	static
/Users/chrrum01/STM32CubeIDE/workspace_1.9.0/IOT_HTTP_WebServer/Middlewares/ST/STM32_Network_Library/core/net_state.c:217:16:net_state_disconnecting	24	static
/Users/chrrum01/STM32CubeIDE/workspace_1.9.0/IOT_HTTP_WebServer/Middlewares/ST/STM32_Network_Library/core/net_state.c:233:16:net_state_stopping	24	static
/Users/chrrum01/STM32CubeIDE/workspace_1.9.0/IOT_HTTP_WebServer/Middlewares/ST/STM32_Network_Library/core/net_state.c:249:16:net_state_connection_lost	24	static
/Users/chrrum01/STM32CubeIDE/workspace_1.9.0/IOT_HTTP_WebServer/Middlewares/ST/STM32_Network_Library/core/net_state.c:266:9:net_state_manage_event	24	static
