/Users/chrrum01/STM32CubeIDE/workspace_1.9.0/IOT_HTTP_WebServer/Drivers/BSP/B-U585I-IOT02A/b_u585i_iot02a_bus.c:205:9:BSP_I2C1_Init	16	static
/Users/chrrum01/STM32CubeIDE/workspace_1.9.0/IOT_HTTP_WebServer/Drivers/BSP/B-U585I-IOT02A/b_u585i_iot02a_bus.c:255:9:BSP_I2C1_DeInit	16	static
/Users/chrrum01/STM32CubeIDE/workspace_1.9.0/IOT_HTTP_WebServer/Drivers/BSP/B-U585I-IOT02A/b_u585i_iot02a_bus.c:283:26:MX_I2C1_Init	24	static
/Users/chrrum01/STM32CubeIDE/workspace_1.9.0/IOT_HTTP_WebServer/Drivers/BSP/B-U585I-IOT02A/b_u585i_iot02a_bus.c:329:9:BSP_I2C1_WriteReg	40	static
/Users/chrrum01/STM32CubeIDE/workspace_1.9.0/IOT_HTTP_WebServer/Drivers/BSP/B-U585I-IOT02A/b_u585i_iot02a_bus.c:368:9:BSP_I2C1_ReadReg	40	static
/Users/chrrum01/STM32CubeIDE/workspace_1.9.0/IOT_HTTP_WebServer/Drivers/BSP/B-U585I-IOT02A/b_u585i_iot02a_bus.c:407:9:BSP_I2C1_WriteReg16	40	static
/Users/chrrum01/STM32CubeIDE/workspace_1.9.0/IOT_HTTP_WebServer/Drivers/BSP/B-U585I-IOT02A/b_u585i_iot02a_bus.c:446:9:BSP_I2C1_ReadReg16	40	static
/Users/chrrum01/STM32CubeIDE/workspace_1.9.0/IOT_HTTP_WebServer/Drivers/BSP/B-U585I-IOT02A/b_u585i_iot02a_bus.c:484:9:BSP_I2C1_Recv	24	static
/Users/chrrum01/STM32CubeIDE/workspace_1.9.0/IOT_HTTP_WebServer/Drivers/BSP/B-U585I-IOT02A/b_u585i_iot02a_bus.c:522:9:BSP_I2C1_Send	24	static
/Users/chrrum01/STM32CubeIDE/workspace_1.9.0/IOT_HTTP_WebServer/Drivers/BSP/B-U585I-IOT02A/b_u585i_iot02a_bus.c:560:9:BSP_I2C1_IsReady	24	static
/Users/chrrum01/STM32CubeIDE/workspace_1.9.0/IOT_HTTP_WebServer/Drivers/BSP/B-U585I-IOT02A/b_u585i_iot02a_bus.c:659:9:BSP_I2C2_Init	16	static
/Users/chrrum01/STM32CubeIDE/workspace_1.9.0/IOT_HTTP_WebServer/Drivers/BSP/B-U585I-IOT02A/b_u585i_iot02a_bus.c:709:9:BSP_I2C2_DeInit	16	static
/Users/chrrum01/STM32CubeIDE/workspace_1.9.0/IOT_HTTP_WebServer/Drivers/BSP/B-U585I-IOT02A/b_u585i_iot02a_bus.c:737:26:MX_I2C2_Init	24	static
/Users/chrrum01/STM32CubeIDE/workspace_1.9.0/IOT_HTTP_WebServer/Drivers/BSP/B-U585I-IOT02A/b_u585i_iot02a_bus.c:783:9:BSP_I2C2_WriteReg	40	static
/Users/chrrum01/STM32CubeIDE/workspace_1.9.0/IOT_HTTP_WebServer/Drivers/BSP/B-U585I-IOT02A/b_u585i_iot02a_bus.c:822:9:BSP_I2C2_ReadReg	40	static
/Users/chrrum01/STM32CubeIDE/workspace_1.9.0/IOT_HTTP_WebServer/Drivers/BSP/B-U585I-IOT02A/b_u585i_iot02a_bus.c:861:9:BSP_I2C2_WriteReg16	40	static
/Users/chrrum01/STM32CubeIDE/workspace_1.9.0/IOT_HTTP_WebServer/Drivers/BSP/B-U585I-IOT02A/b_u585i_iot02a_bus.c:900:9:BSP_I2C2_ReadReg16	40	static
/Users/chrrum01/STM32CubeIDE/workspace_1.9.0/IOT_HTTP_WebServer/Drivers/BSP/B-U585I-IOT02A/b_u585i_iot02a_bus.c:938:9:BSP_I2C2_Recv	24	static
/Users/chrrum01/STM32CubeIDE/workspace_1.9.0/IOT_HTTP_WebServer/Drivers/BSP/B-U585I-IOT02A/b_u585i_iot02a_bus.c:976:9:BSP_I2C2_Send	24	static
/Users/chrrum01/STM32CubeIDE/workspace_1.9.0/IOT_HTTP_WebServer/Drivers/BSP/B-U585I-IOT02A/b_u585i_iot02a_bus.c:1014:9:BSP_I2C2_IsReady	24	static
/Users/chrrum01/STM32CubeIDE/workspace_1.9.0/IOT_HTTP_WebServer/Drivers/BSP/B-U585I-IOT02A/b_u585i_iot02a_bus.c:1038:9:BSP_GetTick	8	static
/Users/chrrum01/STM32CubeIDE/workspace_1.9.0/IOT_HTTP_WebServer/Drivers/BSP/B-U585I-IOT02A/b_u585i_iot02a_bus.c:1130:17:I2C_GetTiming	32	static
/Users/chrrum01/STM32CubeIDE/workspace_1.9.0/IOT_HTTP_WebServer/Drivers/BSP/B-U585I-IOT02A/b_u585i_iot02a_bus.c:1168:13:I2C_Compute_PRESC_SCLDEL_SDADEL	64	static
/Users/chrrum01/STM32CubeIDE/workspace_1.9.0/IOT_HTTP_WebServer/Drivers/BSP/B-U585I-IOT02A/b_u585i_iot02a_bus.c:1253:17:I2C_Compute_SCLL_SCLH	80	static
/Users/chrrum01/STM32CubeIDE/workspace_1.9.0/IOT_HTTP_WebServer/Drivers/BSP/B-U585I-IOT02A/b_u585i_iot02a_bus.c:1334:13:I2C1_MspInit	48	static
/Users/chrrum01/STM32CubeIDE/workspace_1.9.0/IOT_HTTP_WebServer/Drivers/BSP/B-U585I-IOT02A/b_u585i_iot02a_bus.c:1379:13:I2C1_MspDeInit	40	static
/Users/chrrum01/STM32CubeIDE/workspace_1.9.0/IOT_HTTP_WebServer/Drivers/BSP/B-U585I-IOT02A/b_u585i_iot02a_bus.c:1405:16:I2C1_WriteReg	40	static
/Users/chrrum01/STM32CubeIDE/workspace_1.9.0/IOT_HTTP_WebServer/Drivers/BSP/B-U585I-IOT02A/b_u585i_iot02a_bus.c:1424:16:I2C1_ReadReg	40	static
/Users/chrrum01/STM32CubeIDE/workspace_1.9.0/IOT_HTTP_WebServer/Drivers/BSP/B-U585I-IOT02A/b_u585i_iot02a_bus.c:1441:16:I2C1_Recv	24	static
/Users/chrrum01/STM32CubeIDE/workspace_1.9.0/IOT_HTTP_WebServer/Drivers/BSP/B-U585I-IOT02A/b_u585i_iot02a_bus.c:1458:16:I2C1_Send	24	static
/Users/chrrum01/STM32CubeIDE/workspace_1.9.0/IOT_HTTP_WebServer/Drivers/BSP/B-U585I-IOT02A/b_u585i_iot02a_bus.c:1473:13:I2C2_MspInit	48	static
/Users/chrrum01/STM32CubeIDE/workspace_1.9.0/IOT_HTTP_WebServer/Drivers/BSP/B-U585I-IOT02A/b_u585i_iot02a_bus.c:1518:13:I2C2_MspDeInit	40	static
/Users/chrrum01/STM32CubeIDE/workspace_1.9.0/IOT_HTTP_WebServer/Drivers/BSP/B-U585I-IOT02A/b_u585i_iot02a_bus.c:1544:16:I2C2_WriteReg	40	static
/Users/chrrum01/STM32CubeIDE/workspace_1.9.0/IOT_HTTP_WebServer/Drivers/BSP/B-U585I-IOT02A/b_u585i_iot02a_bus.c:1563:16:I2C2_ReadReg	40	static
/Users/chrrum01/STM32CubeIDE/workspace_1.9.0/IOT_HTTP_WebServer/Drivers/BSP/B-U585I-IOT02A/b_u585i_iot02a_bus.c:1580:16:I2C2_Recv	24	static
/Users/chrrum01/STM32CubeIDE/workspace_1.9.0/IOT_HTTP_WebServer/Drivers/BSP/B-U585I-IOT02A/b_u585i_iot02a_bus.c:1597:16:I2C2_Send	24	static
