/Users/chrrum01/STM32CubeIDE/workspace_1.9.0/IOT_HTTP_WebServer/Drivers/STM32U5xx_HAL_Driver/Src/stm32u5xx_hal_spi.c:235:19:HAL_SPI_Init	24	static
/Users/chrrum01/STM32CubeIDE/workspace_1.9.0/IOT_HTTP_WebServer/Drivers/STM32U5xx_HAL_Driver/Src/stm32u5xx_hal_spi.c:475:19:HAL_SPI_DeInit	16	static
/Users/chrrum01/STM32CubeIDE/workspace_1.9.0/IOT_HTTP_WebServer/Drivers/STM32U5xx_HAL_Driver/Src/stm32u5xx_hal_spi.c:519:13:HAL_SPI_MspInit	16	static
/Users/chrrum01/STM32CubeIDE/workspace_1.9.0/IOT_HTTP_WebServer/Drivers/STM32U5xx_HAL_Driver/Src/stm32u5xx_hal_spi.c:535:13:HAL_SPI_MspDeInit	16	static
/Users/chrrum01/STM32CubeIDE/workspace_1.9.0/IOT_HTTP_WebServer/Drivers/STM32U5xx_HAL_Driver/Src/stm32u5xx_hal_spi.c:807:19:HAL_SPI_Transmit	48	static
/Users/chrrum01/STM32CubeIDE/workspace_1.9.0/IOT_HTTP_WebServer/Drivers/STM32U5xx_HAL_Driver/Src/stm32u5xx_hal_spi.c:1026:19:HAL_SPI_Receive	48	static
/Users/chrrum01/STM32CubeIDE/workspace_1.9.0/IOT_HTTP_WebServer/Drivers/STM32U5xx_HAL_Driver/Src/stm32u5xx_hal_spi.c:1230:19:HAL_SPI_TransmitReceive	64	static
/Users/chrrum01/STM32CubeIDE/workspace_1.9.0/IOT_HTTP_WebServer/Drivers/STM32U5xx_HAL_Driver/Src/stm32u5xx_hal_spi.c:1458:19:HAL_SPI_Transmit_IT	32	static
/Users/chrrum01/STM32CubeIDE/workspace_1.9.0/IOT_HTTP_WebServer/Drivers/STM32U5xx_HAL_Driver/Src/stm32u5xx_hal_spi.c:1542:19:HAL_SPI_Receive_IT	32	static
/Users/chrrum01/STM32CubeIDE/workspace_1.9.0/IOT_HTTP_WebServer/Drivers/STM32U5xx_HAL_Driver/Src/stm32u5xx_hal_spi.c:1639:19:HAL_SPI_TransmitReceive_IT	48	static
/Users/chrrum01/STM32CubeIDE/workspace_1.9.0/IOT_HTTP_WebServer/Drivers/STM32U5xx_HAL_Driver/Src/stm32u5xx_hal_spi.c:1818:19:HAL_SPI_Transmit_DMA	32	static
/Users/chrrum01/STM32CubeIDE/workspace_1.9.0/IOT_HTTP_WebServer/Drivers/STM32U5xx_HAL_Driver/Src/stm32u5xx_hal_spi.c:2013:19:HAL_SPI_Receive_DMA	32	static
/Users/chrrum01/STM32CubeIDE/workspace_1.9.0/IOT_HTTP_WebServer/Drivers/STM32U5xx_HAL_Driver/Src/stm32u5xx_hal_spi.c:2215:19:HAL_SPI_TransmitReceive_DMA	32	static
/Users/chrrum01/STM32CubeIDE/workspace_1.9.0/IOT_HTTP_WebServer/Drivers/STM32U5xx_HAL_Driver/Src/stm32u5xx_hal_spi.c:2515:19:HAL_SPI_Abort	24	static
/Users/chrrum01/STM32CubeIDE/workspace_1.9.0/IOT_HTTP_WebServer/Drivers/STM32U5xx_HAL_Driver/Src/stm32u5xx_hal_spi.c:2624:19:HAL_SPI_Abort_IT	32	static
/Users/chrrum01/STM32CubeIDE/workspace_1.9.0/IOT_HTTP_WebServer/Drivers/STM32U5xx_HAL_Driver/Src/stm32u5xx_hal_spi.c:2746:19:HAL_SPI_DMAPause	16	static
/Users/chrrum01/STM32CubeIDE/workspace_1.9.0/IOT_HTTP_WebServer/Drivers/STM32U5xx_HAL_Driver/Src/stm32u5xx_hal_spi.c:2761:19:HAL_SPI_DMAResume	16	static
/Users/chrrum01/STM32CubeIDE/workspace_1.9.0/IOT_HTTP_WebServer/Drivers/STM32U5xx_HAL_Driver/Src/stm32u5xx_hal_spi.c:2776:19:HAL_SPI_DMAStop	16	static
/Users/chrrum01/STM32CubeIDE/workspace_1.9.0/IOT_HTTP_WebServer/Drivers/STM32U5xx_HAL_Driver/Src/stm32u5xx_hal_spi.c:2790:6:HAL_SPI_IRQHandler	48	static
/Users/chrrum01/STM32CubeIDE/workspace_1.9.0/IOT_HTTP_WebServer/Drivers/STM32U5xx_HAL_Driver/Src/stm32u5xx_hal_spi.c:3030:13:HAL_SPI_TxCpltCallback	16	static
/Users/chrrum01/STM32CubeIDE/workspace_1.9.0/IOT_HTTP_WebServer/Drivers/STM32U5xx_HAL_Driver/Src/stm32u5xx_hal_spi.c:3046:13:HAL_SPI_RxCpltCallback	16	static
/Users/chrrum01/STM32CubeIDE/workspace_1.9.0/IOT_HTTP_WebServer/Drivers/STM32U5xx_HAL_Driver/Src/stm32u5xx_hal_spi.c:3062:13:HAL_SPI_TxRxCpltCallback	16	static
/Users/chrrum01/STM32CubeIDE/workspace_1.9.0/IOT_HTTP_WebServer/Drivers/STM32U5xx_HAL_Driver/Src/stm32u5xx_hal_spi.c:3078:13:HAL_SPI_TxHalfCpltCallback	16	static
/Users/chrrum01/STM32CubeIDE/workspace_1.9.0/IOT_HTTP_WebServer/Drivers/STM32U5xx_HAL_Driver/Src/stm32u5xx_hal_spi.c:3094:13:HAL_SPI_RxHalfCpltCallback	16	static
/Users/chrrum01/STM32CubeIDE/workspace_1.9.0/IOT_HTTP_WebServer/Drivers/STM32U5xx_HAL_Driver/Src/stm32u5xx_hal_spi.c:3110:13:HAL_SPI_TxRxHalfCpltCallback	16	static
/Users/chrrum01/STM32CubeIDE/workspace_1.9.0/IOT_HTTP_WebServer/Drivers/STM32U5xx_HAL_Driver/Src/stm32u5xx_hal_spi.c:3126:13:HAL_SPI_ErrorCallback	16	static
/Users/chrrum01/STM32CubeIDE/workspace_1.9.0/IOT_HTTP_WebServer/Drivers/STM32U5xx_HAL_Driver/Src/stm32u5xx_hal_spi.c:3144:13:HAL_SPI_AbortCpltCallback	16	static
/Users/chrrum01/STM32CubeIDE/workspace_1.9.0/IOT_HTTP_WebServer/Drivers/STM32U5xx_HAL_Driver/Src/stm32u5xx_hal_spi.c:3179:22:HAL_SPI_GetState	16	static
/Users/chrrum01/STM32CubeIDE/workspace_1.9.0/IOT_HTTP_WebServer/Drivers/STM32U5xx_HAL_Driver/Src/stm32u5xx_hal_spi.c:3191:10:HAL_SPI_GetError	16	static
/Users/chrrum01/STM32CubeIDE/workspace_1.9.0/IOT_HTTP_WebServer/Drivers/STM32U5xx_HAL_Driver/Src/stm32u5xx_hal_spi.c:3216:13:SPI_DMATransmitCplt	24	static
/Users/chrrum01/STM32CubeIDE/workspace_1.9.0/IOT_HTTP_WebServer/Drivers/STM32U5xx_HAL_Driver/Src/stm32u5xx_hal_spi.c:3244:13:SPI_DMAReceiveCplt	24	static
/Users/chrrum01/STM32CubeIDE/workspace_1.9.0/IOT_HTTP_WebServer/Drivers/STM32U5xx_HAL_Driver/Src/stm32u5xx_hal_spi.c:3272:13:SPI_DMATransmitReceiveCplt	24	static
/Users/chrrum01/STM32CubeIDE/workspace_1.9.0/IOT_HTTP_WebServer/Drivers/STM32U5xx_HAL_Driver/Src/stm32u5xx_hal_spi.c:3301:13:SPI_DMAHalfTransmitCplt	24	static
/Users/chrrum01/STM32CubeIDE/workspace_1.9.0/IOT_HTTP_WebServer/Drivers/STM32U5xx_HAL_Driver/Src/stm32u5xx_hal_spi.c:3318:13:SPI_DMAHalfReceiveCplt	24	static
/Users/chrrum01/STM32CubeIDE/workspace_1.9.0/IOT_HTTP_WebServer/Drivers/STM32U5xx_HAL_Driver/Src/stm32u5xx_hal_spi.c:3335:13:SPI_DMAHalfTransmitReceiveCplt	24	static
/Users/chrrum01/STM32CubeIDE/workspace_1.9.0/IOT_HTTP_WebServer/Drivers/STM32U5xx_HAL_Driver/Src/stm32u5xx_hal_spi.c:3352:13:SPI_DMAError	24	static
/Users/chrrum01/STM32CubeIDE/workspace_1.9.0/IOT_HTTP_WebServer/Drivers/STM32U5xx_HAL_Driver/Src/stm32u5xx_hal_spi.c:3378:13:SPI_DMAAbortOnError	24	static
/Users/chrrum01/STM32CubeIDE/workspace_1.9.0/IOT_HTTP_WebServer/Drivers/STM32U5xx_HAL_Driver/Src/stm32u5xx_hal_spi.c:3402:13:SPI_DMATxAbortCallback	24	static
/Users/chrrum01/STM32CubeIDE/workspace_1.9.0/IOT_HTTP_WebServer/Drivers/STM32U5xx_HAL_Driver/Src/stm32u5xx_hal_spi.c:3439:13:SPI_DMARxAbortCallback	24	static
/Users/chrrum01/STM32CubeIDE/workspace_1.9.0/IOT_HTTP_WebServer/Drivers/STM32U5xx_HAL_Driver/Src/stm32u5xx_hal_spi.c:3474:13:SPI_RxISR_8BIT	16	static
/Users/chrrum01/STM32CubeIDE/workspace_1.9.0/IOT_HTTP_WebServer/Drivers/STM32U5xx_HAL_Driver/Src/stm32u5xx_hal_spi.c:3496:13:SPI_RxISR_16BIT	24	static
/Users/chrrum01/STM32CubeIDE/workspace_1.9.0/IOT_HTTP_WebServer/Drivers/STM32U5xx_HAL_Driver/Src/stm32u5xx_hal_spi.c:3524:13:SPI_RxISR_32BIT	16	static
/Users/chrrum01/STM32CubeIDE/workspace_1.9.0/IOT_HTTP_WebServer/Drivers/STM32U5xx_HAL_Driver/Src/stm32u5xx_hal_spi.c:3546:13:SPI_TxISR_8BIT	16	static
/Users/chrrum01/STM32CubeIDE/workspace_1.9.0/IOT_HTTP_WebServer/Drivers/STM32U5xx_HAL_Driver/Src/stm32u5xx_hal_spi.c:3567:13:SPI_TxISR_16BIT	24	static
/Users/chrrum01/STM32CubeIDE/workspace_1.9.0/IOT_HTTP_WebServer/Drivers/STM32U5xx_HAL_Driver/Src/stm32u5xx_hal_spi.c:3594:13:SPI_TxISR_32BIT	16	static
/Users/chrrum01/STM32CubeIDE/workspace_1.9.0/IOT_HTTP_WebServer/Drivers/STM32U5xx_HAL_Driver/Src/stm32u5xx_hal_spi.c:3615:13:SPI_AbortTransfer	16	static
/Users/chrrum01/STM32CubeIDE/workspace_1.9.0/IOT_HTTP_WebServer/Drivers/STM32U5xx_HAL_Driver/Src/stm32u5xx_hal_spi.c:3654:13:SPI_CloseTransfer	24	static
/Users/chrrum01/STM32CubeIDE/workspace_1.9.0/IOT_HTTP_WebServer/Drivers/STM32U5xx_HAL_Driver/Src/stm32u5xx_hal_spi.c:3731:26:SPI_WaitOnFlagUntilTimeout	24	static
/Users/chrrum01/STM32CubeIDE/workspace_1.9.0/IOT_HTTP_WebServer/Drivers/STM32U5xx_HAL_Driver/Src/stm32u5xx_hal_spi.c:3752:17:SPI_GetPacketSize	24	static
