/Users/chrrum01/STM32CubeIDE/workspace_1.9.0/IOT_HTTP_WebServer/Drivers/BSP/Components/mx_wifi/mx_wifi.c:97:16:mx_aton	64	static
/Users/chrrum01/STM32CubeIDE/workspace_1.9.0/IOT_HTTP_WebServer/Drivers/BSP/Components/mx_wifi/mx_wifi.c:262:16:mx_aton_r	24	static
/Users/chrrum01/STM32CubeIDE/workspace_1.9.0/IOT_HTTP_WebServer/Drivers/BSP/Components/mx_wifi/mx_wifi.c:290:18:MX_WIFI_RegisterBusIO	32	static
/Users/chrrum01/STM32CubeIDE/workspace_1.9.0/IOT_HTTP_WebServer/Drivers/BSP/Components/mx_wifi/mx_wifi.c:321:18:MX_WIFI_HardResetModule	24	static
/Users/chrrum01/STM32CubeIDE/workspace_1.9.0/IOT_HTTP_WebServer/Drivers/BSP/Components/mx_wifi/mx_wifi.c:356:18:MX_WIFI_SetTimeout	24	static
/Users/chrrum01/STM32CubeIDE/workspace_1.9.0/IOT_HTTP_WebServer/Drivers/BSP/Components/mx_wifi/mx_wifi.c:381:6:_MX_WIFI_RecvThread	24	static
/Users/chrrum01/STM32CubeIDE/workspace_1.9.0/IOT_HTTP_WebServer/Drivers/BSP/Components/mx_wifi/mx_wifi.c:404:18:MX_WIFI_Init	32	static
/Users/chrrum01/STM32CubeIDE/workspace_1.9.0/IOT_HTTP_WebServer/Drivers/BSP/Components/mx_wifi/mx_wifi.c:485:18:MX_WIFI_DeInit	24	static
/Users/chrrum01/STM32CubeIDE/workspace_1.9.0/IOT_HTTP_WebServer/Drivers/BSP/Components/mx_wifi/mx_wifi.c:522:18:MX_WIFI_IO_YIELD	24	static
/Users/chrrum01/STM32CubeIDE/workspace_1.9.0/IOT_HTTP_WebServer/Drivers/BSP/Components/mx_wifi/mx_wifi.c:537:18:MX_WIFI_ResetModule	32	static
/Users/chrrum01/STM32CubeIDE/workspace_1.9.0/IOT_HTTP_WebServer/Drivers/BSP/Components/mx_wifi/mx_wifi.c:561:18:MX_WIFI_ResetToFactoryDefault	32	static
/Users/chrrum01/STM32CubeIDE/workspace_1.9.0/IOT_HTTP_WebServer/Drivers/BSP/Components/mx_wifi/mx_wifi.c:587:18:MX_WIFI_GetVersion	40	static
/Users/chrrum01/STM32CubeIDE/workspace_1.9.0/IOT_HTTP_WebServer/Drivers/BSP/Components/mx_wifi/mx_wifi.c:619:18:MX_WIFI_GetMACAddress	24	static
/Users/chrrum01/STM32CubeIDE/workspace_1.9.0/IOT_HTTP_WebServer/Drivers/BSP/Components/mx_wifi/mx_wifi.c:644:18:MX_WIFI_Scan	80	static
/Users/chrrum01/STM32CubeIDE/workspace_1.9.0/IOT_HTTP_WebServer/Drivers/BSP/Components/mx_wifi/mx_wifi.c:683:8:MX_WIFI_Get_scan_result	32	static
/Users/chrrum01/STM32CubeIDE/workspace_1.9.0/IOT_HTTP_WebServer/Drivers/BSP/Components/mx_wifi/mx_wifi.c:706:18:MX_WIFI_RegisterStatusCallback	32	static
/Users/chrrum01/STM32CubeIDE/workspace_1.9.0/IOT_HTTP_WebServer/Drivers/BSP/Components/mx_wifi/mx_wifi.c:730:18:MX_WIFI_UnRegisterStatusCallback	24	static
/Users/chrrum01/STM32CubeIDE/workspace_1.9.0/IOT_HTTP_WebServer/Drivers/BSP/Components/mx_wifi/mx_wifi.c:755:18:MX_WIFI_RegisterStatusCallback_if	32	static
/Users/chrrum01/STM32CubeIDE/workspace_1.9.0/IOT_HTTP_WebServer/Drivers/BSP/Components/mx_wifi/mx_wifi.c:790:18:MX_WIFI_UnRegisterStatusCallback_if	24	static
/Users/chrrum01/STM32CubeIDE/workspace_1.9.0/IOT_HTTP_WebServer/Drivers/BSP/Components/mx_wifi/mx_wifi.c:816:16:mx_ntoa	48	static
/Users/chrrum01/STM32CubeIDE/workspace_1.9.0/IOT_HTTP_WebServer/Drivers/BSP/Components/mx_wifi/mx_wifi.c:883:18:MX_WIFI_Connect	296	static
/Users/chrrum01/STM32CubeIDE/workspace_1.9.0/IOT_HTTP_WebServer/Drivers/BSP/Components/mx_wifi/mx_wifi.c:949:18:MX_WIFI_EAP_Connect	32	static
/Users/chrrum01/STM32CubeIDE/workspace_1.9.0/IOT_HTTP_WebServer/Drivers/BSP/Components/mx_wifi/mx_wifi.c:1041:18:MX_WIFI_Disconnect	40	static
/Users/chrrum01/STM32CubeIDE/workspace_1.9.0/IOT_HTTP_WebServer/Drivers/BSP/Components/mx_wifi/mx_wifi.c:1072:18:MX_WIFI_WPS_Connect	24	static
/Users/chrrum01/STM32CubeIDE/workspace_1.9.0/IOT_HTTP_WebServer/Drivers/BSP/Components/mx_wifi/mx_wifi.c:1107:18:MX_WIFI_WPS_Stop	24	static
/Users/chrrum01/STM32CubeIDE/workspace_1.9.0/IOT_HTTP_WebServer/Drivers/BSP/Components/mx_wifi/mx_wifi.c:1142:8:MX_WIFI_IsConnected	152	static
/Users/chrrum01/STM32CubeIDE/workspace_1.9.0/IOT_HTTP_WebServer/Drivers/BSP/Components/mx_wifi/mx_wifi.c:1171:18:MX_WIFI_GetIPAddress	128	static
/Users/chrrum01/STM32CubeIDE/workspace_1.9.0/IOT_HTTP_WebServer/Drivers/BSP/Components/mx_wifi/mx_wifi.c:1220:18:MX_WIFI_GetIP6Address	32	static
/Users/chrrum01/STM32CubeIDE/workspace_1.9.0/IOT_HTTP_WebServer/Drivers/BSP/Components/mx_wifi/mx_wifi.c:1254:9:MX_WIFI_GetIP6AddressState	32	static
/Users/chrrum01/STM32CubeIDE/workspace_1.9.0/IOT_HTTP_WebServer/Drivers/BSP/Components/mx_wifi/mx_wifi.c:1290:18:MX_WIFI_StartAP	216	static
/Users/chrrum01/STM32CubeIDE/workspace_1.9.0/IOT_HTTP_WebServer/Drivers/BSP/Components/mx_wifi/mx_wifi.c:1326:18:MX_WIFI_StopAP	40	static
/Users/chrrum01/STM32CubeIDE/workspace_1.9.0/IOT_HTTP_WebServer/Drivers/BSP/Components/mx_wifi/mx_wifi.c:1356:9:MX_WIFI_Socket_create	56	static
/Users/chrrum01/STM32CubeIDE/workspace_1.9.0/IOT_HTTP_WebServer/Drivers/BSP/Components/mx_wifi/mx_wifi.c:1391:9:MX_WIFI_Socket_setsockopt	80	static
/Users/chrrum01/STM32CubeIDE/workspace_1.9.0/IOT_HTTP_WebServer/Drivers/BSP/Components/mx_wifi/mx_wifi.c:1436:9:MX_WIFI_Socket_getsockopt	80	static
/Users/chrrum01/STM32CubeIDE/workspace_1.9.0/IOT_HTTP_WebServer/Drivers/BSP/Components/mx_wifi/mx_wifi.c:1479:9:MX_WIFI_Socket_bind	80	static
/Users/chrrum01/STM32CubeIDE/workspace_1.9.0/IOT_HTTP_WebServer/Drivers/BSP/Components/mx_wifi/mx_wifi.c:1519:9:MX_WIFI_Socket_listen	56	static
/Users/chrrum01/STM32CubeIDE/workspace_1.9.0/IOT_HTTP_WebServer/Drivers/BSP/Components/mx_wifi/mx_wifi.c:1558:9:MX_WIFI_Socket_accept	80	static
/Users/chrrum01/STM32CubeIDE/workspace_1.9.0/IOT_HTTP_WebServer/Drivers/BSP/Components/mx_wifi/mx_wifi.c:1599:9:MX_WIFI_Socket_connect	80	static
/Users/chrrum01/STM32CubeIDE/workspace_1.9.0/IOT_HTTP_WebServer/Drivers/BSP/Components/mx_wifi/mx_wifi.c:1642:9:MX_WIFI_Socket_shutdown	56	static
/Users/chrrum01/STM32CubeIDE/workspace_1.9.0/IOT_HTTP_WebServer/Drivers/BSP/Components/mx_wifi/mx_wifi.c:1679:9:MX_WIFI_Socket_close	40	static
/Users/chrrum01/STM32CubeIDE/workspace_1.9.0/IOT_HTTP_WebServer/Drivers/BSP/Components/mx_wifi/mx_wifi.c:1718:9:MX_WIFI_Socket_send	56	static
/Users/chrrum01/STM32CubeIDE/workspace_1.9.0/IOT_HTTP_WebServer/Drivers/BSP/Components/mx_wifi/mx_wifi.c:1775:9:MX_WIFI_Socket_sendto	56	static
/Users/chrrum01/STM32CubeIDE/workspace_1.9.0/IOT_HTTP_WebServer/Drivers/BSP/Components/mx_wifi/mx_wifi.c:1833:9:MX_WIFI_Socket_recv	64	static
/Users/chrrum01/STM32CubeIDE/workspace_1.9.0/IOT_HTTP_WebServer/Drivers/BSP/Components/mx_wifi/mx_wifi.c:1893:9:MX_WIFI_Socket_recvfrom	64	static
/Users/chrrum01/STM32CubeIDE/workspace_1.9.0/IOT_HTTP_WebServer/Drivers/BSP/Components/mx_wifi/mx_wifi.c:1953:9:MX_WIFI_Socket_gethostbyname	328	static
/Users/chrrum01/STM32CubeIDE/workspace_1.9.0/IOT_HTTP_WebServer/Drivers/BSP/Components/mx_wifi/mx_wifi.c:2000:9:MX_WIFI_Socket_ping	368	static
/Users/chrrum01/STM32CubeIDE/workspace_1.9.0/IOT_HTTP_WebServer/Drivers/BSP/Components/mx_wifi/mx_wifi.c:2159:9:MX_WIFI_Socket_getpeername	80	static
/Users/chrrum01/STM32CubeIDE/workspace_1.9.0/IOT_HTTP_WebServer/Drivers/BSP/Components/mx_wifi/mx_wifi.c:2198:9:MX_WIFI_Socket_getsockname	80	static
/Users/chrrum01/STM32CubeIDE/workspace_1.9.0/IOT_HTTP_WebServer/Drivers/BSP/Components/mx_wifi/mx_wifi.c:2239:9:MX_WIFI_MDNS_start	176	static
/Users/chrrum01/STM32CubeIDE/workspace_1.9.0/IOT_HTTP_WebServer/Drivers/BSP/Components/mx_wifi/mx_wifi.c:2276:9:MX_WIFI_MDNS_stop	40	static
/Users/chrrum01/STM32CubeIDE/workspace_1.9.0/IOT_HTTP_WebServer/Drivers/BSP/Components/mx_wifi/mx_wifi.c:2309:9:MX_WIFI_MDNS_announce_service	520	static
/Users/chrrum01/STM32CubeIDE/workspace_1.9.0/IOT_HTTP_WebServer/Drivers/BSP/Components/mx_wifi/mx_wifi.c:2348:9:MX_WIFI_MDNS_deannounce_service	520	static
/Users/chrrum01/STM32CubeIDE/workspace_1.9.0/IOT_HTTP_WebServer/Drivers/BSP/Components/mx_wifi/mx_wifi.c:2387:9:MX_WIFI_MDNS_deannounce_service_all	40	static
/Users/chrrum01/STM32CubeIDE/workspace_1.9.0/IOT_HTTP_WebServer/Drivers/BSP/Components/mx_wifi/mx_wifi.c:2424:9:MX_WIFI_MDNS_iface_state_change	40	static
/Users/chrrum01/STM32CubeIDE/workspace_1.9.0/IOT_HTTP_WebServer/Drivers/BSP/Components/mx_wifi/mx_wifi.c:2463:9:MX_WIFI_MDNS_set_hostname	104	static
/Users/chrrum01/STM32CubeIDE/workspace_1.9.0/IOT_HTTP_WebServer/Drivers/BSP/Components/mx_wifi/mx_wifi.c:2500:9:MX_WIFI_MDNS_set_txt_rec	784	static
/Users/chrrum01/STM32CubeIDE/workspace_1.9.0/IOT_HTTP_WebServer/Drivers/BSP/Components/mx_wifi/mx_wifi.c:2542:9:MX_WIFI_TLS_set_ver	40	static
/Users/chrrum01/STM32CubeIDE/workspace_1.9.0/IOT_HTTP_WebServer/Drivers/BSP/Components/mx_wifi/mx_wifi.c:2579:9:MX_WIFI_TLS_set_clientCertificate	56	static
/Users/chrrum01/STM32CubeIDE/workspace_1.9.0/IOT_HTTP_WebServer/Drivers/BSP/Components/mx_wifi/mx_wifi.c:2627:9:MX_WIFI_TLS_set_clientPrivateKey	56	static
/Users/chrrum01/STM32CubeIDE/workspace_1.9.0/IOT_HTTP_WebServer/Drivers/BSP/Components/mx_wifi/mx_wifi.c:2682:9:MX_WIFI_TLS_connect	48	static
/Users/chrrum01/STM32CubeIDE/workspace_1.9.0/IOT_HTTP_WebServer/Drivers/BSP/Components/mx_wifi/mx_wifi.c:2716:9:MX_WIFI_TLS_connect_sni	56	static
/Users/chrrum01/STM32CubeIDE/workspace_1.9.0/IOT_HTTP_WebServer/Drivers/BSP/Components/mx_wifi/mx_wifi.c:2778:9:MX_WIFI_TLS_send	56	static
/Users/chrrum01/STM32CubeIDE/workspace_1.9.0/IOT_HTTP_WebServer/Drivers/BSP/Components/mx_wifi/mx_wifi.c:2831:9:MX_WIFI_TLS_recv	56	static
/Users/chrrum01/STM32CubeIDE/workspace_1.9.0/IOT_HTTP_WebServer/Drivers/BSP/Components/mx_wifi/mx_wifi.c:2884:9:MX_WIFI_TLS_close	40	static
/Users/chrrum01/STM32CubeIDE/workspace_1.9.0/IOT_HTTP_WebServer/Drivers/BSP/Components/mx_wifi/mx_wifi.c:2920:9:MX_WIFI_TLS_set_nonblock	56	static
/Users/chrrum01/STM32CubeIDE/workspace_1.9.0/IOT_HTTP_WebServer/Drivers/BSP/Components/mx_wifi/mx_wifi.c:2955:9:MX_WIFI_Webserver_start	24	static
/Users/chrrum01/STM32CubeIDE/workspace_1.9.0/IOT_HTTP_WebServer/Drivers/BSP/Components/mx_wifi/mx_wifi.c:2994:9:MX_WIFI_Webserver_stop	24	static
/Users/chrrum01/STM32CubeIDE/workspace_1.9.0/IOT_HTTP_WebServer/Drivers/BSP/Components/mx_wifi/mx_wifi.c:3036:9:MX_WIFI_FOTA_start	32	static
/Users/chrrum01/STM32CubeIDE/workspace_1.9.0/IOT_HTTP_WebServer/Drivers/BSP/Components/mx_wifi/mx_wifi.c:3216:9:MX_WIFI_station_powersave	40	static
