../../Drivers/BSP/Components/mx_wifi/mx_wifi_bare_os.h:49:25:mx_buf_alloc	24	static
/Users/chrrum01/STM32CubeIDE/workspace_1.9.0/IOT_HTTP_WebServer/WebServer/Target/net_conf_mxchip_spi.c:136:13:MX_WIFI_IO_DELAY	16	static
/Users/chrrum01/STM32CubeIDE/workspace_1.9.0/IOT_HTTP_WebServer/WebServer/Target/net_conf_mxchip_spi.c:146:8:MX_WIFI_SPI_Init	24	static
/Users/chrrum01/STM32CubeIDE/workspace_1.9.0/IOT_HTTP_WebServer/WebServer/Target/net_conf_mxchip_spi.c:166:15:MX_WIFI_SPI_DeInit	8	static
/Users/chrrum01/STM32CubeIDE/workspace_1.9.0/IOT_HTTP_WebServer/WebServer/Target/net_conf_mxchip_spi.c:172:6:HAL_SPI_TransferCallback	16	static
/Users/chrrum01/STM32CubeIDE/workspace_1.9.0/IOT_HTTP_WebServer/WebServer/Target/net_conf_mxchip_spi.c:177:6:HAL_SPI_ErrorCallback	16	static
/Users/chrrum01/STM32CubeIDE/workspace_1.9.0/IOT_HTTP_WebServer/WebServer/Target/net_conf_mxchip_spi.c:188:6:mxchip_WIFI_ISR	16	static
/Users/chrrum01/STM32CubeIDE/workspace_1.9.0/IOT_HTTP_WebServer/WebServer/Target/net_conf_mxchip_spi.c:201:15:wait_flow_high	24	static
/Users/chrrum01/STM32CubeIDE/workspace_1.9.0/IOT_HTTP_WebServer/WebServer/Target/net_conf_mxchip_spi.c:217:10:MX_WIFI_SPI_Write	16	static
/Users/chrrum01/STM32CubeIDE/workspace_1.9.0/IOT_HTTP_WebServer/WebServer/Target/net_conf_mxchip_spi.c:237:17:MX_WIFI_SPI_Read	16	static
/Users/chrrum01/STM32CubeIDE/workspace_1.9.0/IOT_HTTP_WebServer/WebServer/Target/net_conf_mxchip_spi.c:277:18:TransmitReceive	40	static
/Users/chrrum01/STM32CubeIDE/workspace_1.9.0/IOT_HTTP_WebServer/WebServer/Target/net_conf_mxchip_spi.c:286:18:Transmit	32	static
/Users/chrrum01/STM32CubeIDE/workspace_1.9.0/IOT_HTTP_WebServer/WebServer/Target/net_conf_mxchip_spi.c:294:18:Receive	32	static
/Users/chrrum01/STM32CubeIDE/workspace_1.9.0/IOT_HTTP_WebServer/WebServer/Target/net_conf_mxchip_spi.c:303:6:process_txrx_poll	56	static
/Users/chrrum01/STM32CubeIDE/workspace_1.9.0/IOT_HTTP_WebServer/WebServer/Target/net_conf_mxchip_spi.c:460:15:mx_wifi_spi_txrx_start	16	static
/Users/chrrum01/STM32CubeIDE/workspace_1.9.0/IOT_HTTP_WebServer/WebServer/Target/net_conf_mxchip_spi.c:474:15:mx_wifi_spi_txrx_stop	4	static
/Users/chrrum01/STM32CubeIDE/workspace_1.9.0/IOT_HTTP_WebServer/WebServer/Target/net_conf_mxchip_spi.c:487:9:mxwifi_probe	24	static
/Users/chrrum01/STM32CubeIDE/workspace_1.9.0/IOT_HTTP_WebServer/WebServer/Target/net_conf_mxchip_spi.c:503:18:wifi_obj_get	4	static
