10:45:56 **** Incremental Build of configuration Debug for project IOT_HTTP_WebServer ****
make -j7 all 
arm-none-eabi-gcc "/Users/chrrum01/STM32CubeIDE/workspace_1.9.0/IOT_HTTP_WebServer/Core/Src/console.c" -mcpu=cortex-m33 -std=gnu11 -g3 -DDEBUG -DSTM32U585xx -DUSE_HAL_DRIVER -c -I../../Drivers/CMSIS/Include -I../../Drivers/CMSIS/Device/ST/STM32U5xx/Include -I../../Drivers/STM32U5xx_HAL_Driver/Inc -I../../Drivers/BSP/B-U585I-IOT02A -I../../Drivers/BSP/Components/mx_wifi -I../../Middlewares/ST/STM32_Network_Library/Includes -I../../Core/Inc -I../../WebServer/App -I../../WebServer/App/wifi -I../../WebServer/App/web_addons -I../../WebServer/App/sensors -I../../WebServer/App/http -I../../WebServer/Target -O0 -ffunction-sections -fdata-sections -Wall -fstack-usage -MMD -MP -MF"Demonstration/User/Core/console.d" -MT"Demonstration/User/Core/console.o" --specs=nano.specs -mfpu=fpv5-sp-d16 -mfloat-abi=hard -mthumb -o "Demonstration/User/Core/console.o"
arm-none-eabi-gcc -o "IOT_HTTP_WebServer.elf" @"objects.list"   -mcpu=cortex-m33 -T"/Users/chrrum01/STM32CubeIDE/workspace_1.9.0/IOT_HTTP_WebServer/STM32CubeIDE/STM32U585AIIX_FLASH.ld" --specs=nosys.specs -Wl,-Map="IOT_HTTP_WebServer.map" -Wl,--gc-sections -static --specs=nano.specs -mfpu=fpv5-sp-d16 -mfloat-abi=hard -mthumb -u _printf_float -u _scanf_float -Wl,--start-group -lc -lm -Wl,--end-group
Finished building target: IOT_HTTP_WebServer.elf
 
arm-none-eabi-size   IOT_HTTP_WebServer.elf 
arm-none-eabi-objdump -h -S  IOT_HTTP_WebServer.elf  > "IOT_HTTP_WebServer.list"
arm-none-eabi-objcopy  -O ihex  IOT_HTTP_WebServer.elf  "IOT_HTTP_WebServer.hex"
   text	   data	    bss	    dec	    hex	filename
1618088	    752	  77800	1696640	 19e380	IOT_HTTP_WebServer.elf
Finished building: default.size.stdout
 
Finished building: IOT_HTTP_WebServer.hex
 
Finished building: IOT_HTTP_WebServer.list
 
