/Users/chrrum01/STM32CubeIDE/workspace_1.9.0/IOT_HTTP_WebServer/Drivers/STM32U5xx_HAL_Driver/Src/stm32u5xx_hal_i2c_ex.c:101:19:HAL_I2CEx_ConfigAnalogFilter	16	static
/Users/chrrum01/STM32CubeIDE/workspace_1.9.0/IOT_HTTP_WebServer/Drivers/STM32U5xx_HAL_Driver/Src/stm32u5xx_hal_i2c_ex.c:145:19:HAL_I2CEx_ConfigDigitalFilter	24	static
/Users/chrrum01/STM32CubeIDE/workspace_1.9.0/IOT_HTTP_WebServer/Drivers/STM32U5xx_HAL_Driver/Src/stm32u5xx_hal_i2c_ex.c:213:19:HAL_I2CEx_EnableWakeUp	16	static
/Users/chrrum01/STM32CubeIDE/workspace_1.9.0/IOT_HTTP_WebServer/Drivers/STM32U5xx_HAL_Driver/Src/stm32u5xx_hal_i2c_ex.c:252:19:HAL_I2CEx_DisableWakeUp	16	static
/Users/chrrum01/STM32CubeIDE/workspace_1.9.0/IOT_HTTP_WebServer/Drivers/STM32U5xx_HAL_Driver/Src/stm32u5xx_hal_i2c_ex.c:308:19:HAL_I2CEx_ConfigFastModePlus	16	static
/Users/chrrum01/STM32CubeIDE/workspace_1.9.0/IOT_HTTP_WebServer/Drivers/STM32U5xx_HAL_Driver/Src/stm32u5xx_hal_i2c_ex.c:376:19:HAL_I2CEx_SetConfigAutonomousMode	16	static
/Users/chrrum01/STM32CubeIDE/workspace_1.9.0/IOT_HTTP_WebServer/Drivers/STM32U5xx_HAL_Driver/Src/stm32u5xx_hal_i2c_ex.c:423:19:HAL_I2CEx_GetConfigAutonomousMode	24	static
/Users/chrrum01/STM32CubeIDE/workspace_1.9.0/IOT_HTTP_WebServer/Drivers/STM32U5xx_HAL_Driver/Src/stm32u5xx_hal_i2c_ex.c:449:19:HAL_I2CEx_ClearConfigAutonomousMode	16	static
