/Users/chrrum01/STM32CubeIDE/workspace_1.9.0/IOT_HTTP_WebServer/Middlewares/ST/STM32_Network_Library/netif/wifi_if/mx_wifi/net_mx_wifi.c:384:9:mx_wifi_driver	16	static
/Users/chrrum01/STM32CubeIDE/workspace_1.9.0/IOT_HTTP_WebServer/Middlewares/ST/STM32_Network_Library/netif/wifi_if/mx_wifi/net_mx_wifi.c:399:16:mx_wifi_if_init	32	static
/Users/chrrum01/STM32CubeIDE/workspace_1.9.0/IOT_HTTP_WebServer/Middlewares/ST/STM32_Network_Library/netif/wifi_if/mx_wifi/net_mx_wifi.c:483:16:mx_wifi_if_deinit	24	static
/Users/chrrum01/STM32CubeIDE/workspace_1.9.0/IOT_HTTP_WebServer/Middlewares/ST/STM32_Network_Library/netif/wifi_if/mx_wifi/net_mx_wifi.c:508:16:mx_wifi_if_start	24	static
/Users/chrrum01/STM32CubeIDE/workspace_1.9.0/IOT_HTTP_WebServer/Middlewares/ST/STM32_Network_Library/netif/wifi_if/mx_wifi/net_mx_wifi.c:523:16:hw_start	32	static
/Users/chrrum01/STM32CubeIDE/workspace_1.9.0/IOT_HTTP_WebServer/Middlewares/ST/STM32_Network_Library/netif/wifi_if/mx_wifi/net_mx_wifi.c:598:16:mx_wifi_if_stop	24	static
/Users/chrrum01/STM32CubeIDE/workspace_1.9.0/IOT_HTTP_WebServer/Middlewares/ST/STM32_Network_Library/netif/wifi_if/mx_wifi/net_mx_wifi.c:628:16:mx_wifi_if_yield	24	static
/Users/chrrum01/STM32CubeIDE/workspace_1.9.0/IOT_HTTP_WebServer/Middlewares/ST/STM32_Network_Library/netif/wifi_if/mx_wifi/net_mx_wifi.c:645:13:mx_wifi_status_changed	32	static
/Users/chrrum01/STM32CubeIDE/workspace_1.9.0/IOT_HTTP_WebServer/Middlewares/ST/STM32_Network_Library/netif/wifi_if/mx_wifi/net_mx_wifi.c:774:16:mx_wifi_if_start_station	32	static
/Users/chrrum01/STM32CubeIDE/workspace_1.9.0/IOT_HTTP_WebServer/Middlewares/ST/STM32_Network_Library/netif/wifi_if/mx_wifi/net_mx_wifi.c:830:16:mx_wifi_if_start_softap	208	static
/Users/chrrum01/STM32CubeIDE/workspace_1.9.0/IOT_HTTP_WebServer/Middlewares/ST/STM32_Network_Library/netif/wifi_if/mx_wifi/net_mx_wifi.c:880:16:mx_wifi_if_disconnect	24	static
/Users/chrrum01/STM32CubeIDE/workspace_1.9.0/IOT_HTTP_WebServer/Middlewares/ST/STM32_Network_Library/netif/wifi_if/mx_wifi/net_mx_wifi.c:908:16:mx_wifi_if_connect	40	static
/Users/chrrum01/STM32CubeIDE/workspace_1.9.0/IOT_HTTP_WebServer/Middlewares/ST/STM32_Network_Library/netif/wifi_if/mx_wifi/net_mx_wifi.c:999:16:mx_wifi_scan	40	static
/Users/chrrum01/STM32CubeIDE/workspace_1.9.0/IOT_HTTP_WebServer/Middlewares/ST/STM32_Network_Library/netif/wifi_if/mx_wifi/net_mx_wifi.c:1022:16:mx_wifi_get_scan_result	56	static
/Users/chrrum01/STM32CubeIDE/workspace_1.9.0/IOT_HTTP_WebServer/Middlewares/ST/STM32_Network_Library/netif/wifi_if/mx_wifi/net_mx_wifi.c:1095:16:mx_wifi_socket	32	static
/Users/chrrum01/STM32CubeIDE/workspace_1.9.0/IOT_HTTP_WebServer/Middlewares/ST/STM32_Network_Library/netif/wifi_if/mx_wifi/net_mx_wifi.c:1113:16:mx_wifi_setsockopt	40	static
/Users/chrrum01/STM32CubeIDE/workspace_1.9.0/IOT_HTTP_WebServer/Middlewares/ST/STM32_Network_Library/netif/wifi_if/mx_wifi/net_mx_wifi.c:1131:16:mx_wifi_getsockopt	40	static
/Users/chrrum01/STM32CubeIDE/workspace_1.9.0/IOT_HTTP_WebServer/Middlewares/ST/STM32_Network_Library/netif/wifi_if/mx_wifi/net_mx_wifi.c:1147:16:mx_wifi_bind	56	static
/Users/chrrum01/STM32CubeIDE/workspace_1.9.0/IOT_HTTP_WebServer/Middlewares/ST/STM32_Network_Library/netif/wifi_if/mx_wifi/net_mx_wifi.c:1172:16:mx_wifi_listen	24	static
/Users/chrrum01/STM32CubeIDE/workspace_1.9.0/IOT_HTTP_WebServer/Middlewares/ST/STM32_Network_Library/netif/wifi_if/mx_wifi/net_mx_wifi.c:1188:16:mx_wifi_accept	56	static
/Users/chrrum01/STM32CubeIDE/workspace_1.9.0/IOT_HTTP_WebServer/Middlewares/ST/STM32_Network_Library/netif/wifi_if/mx_wifi/net_mx_wifi.c:1211:16:mx_wifi_connect	56	static
/Users/chrrum01/STM32CubeIDE/workspace_1.9.0/IOT_HTTP_WebServer/Middlewares/ST/STM32_Network_Library/netif/wifi_if/mx_wifi/net_mx_wifi.c:1233:16:mx_wifi_shutdown	24	static
/Users/chrrum01/STM32CubeIDE/workspace_1.9.0/IOT_HTTP_WebServer/Middlewares/ST/STM32_Network_Library/netif/wifi_if/mx_wifi/net_mx_wifi.c:1248:16:mx_wifi_close	24	static
/Users/chrrum01/STM32CubeIDE/workspace_1.9.0/IOT_HTTP_WebServer/Middlewares/ST/STM32_Network_Library/netif/wifi_if/mx_wifi/net_mx_wifi.c:1266:16:mx_wifi_send	40	static
/Users/chrrum01/STM32CubeIDE/workspace_1.9.0/IOT_HTTP_WebServer/Middlewares/ST/STM32_Network_Library/netif/wifi_if/mx_wifi/net_mx_wifi.c:1283:16:mx_wifi_recv	40	static
/Users/chrrum01/STM32CubeIDE/workspace_1.9.0/IOT_HTTP_WebServer/Middlewares/ST/STM32_Network_Library/netif/wifi_if/mx_wifi/net_mx_wifi.c:1309:16:mx_wifi_sendto	72	static
/Users/chrrum01/STM32CubeIDE/workspace_1.9.0/IOT_HTTP_WebServer/Middlewares/ST/STM32_Network_Library/netif/wifi_if/mx_wifi/net_mx_wifi.c:1338:16:mx_wifi_recvfrom	72	static
/Users/chrrum01/STM32CubeIDE/workspace_1.9.0/IOT_HTTP_WebServer/Middlewares/ST/STM32_Network_Library/netif/wifi_if/mx_wifi/net_mx_wifi.c:1364:16:mx_wifi_gethostbyname	56	static
/Users/chrrum01/STM32CubeIDE/workspace_1.9.0/IOT_HTTP_WebServer/Middlewares/ST/STM32_Network_Library/netif/wifi_if/mx_wifi/net_mx_wifi.c:1414:16:mx_wifi_ping	64	static
/Users/chrrum01/STM32CubeIDE/workspace_1.9.0/IOT_HTTP_WebServer/Middlewares/ST/STM32_Network_Library/netif/wifi_if/mx_wifi/net_mx_wifi.c:1441:16:mx_wifi_getsockname	40	static
/Users/chrrum01/STM32CubeIDE/workspace_1.9.0/IOT_HTTP_WebServer/Middlewares/ST/STM32_Network_Library/netif/wifi_if/mx_wifi/net_mx_wifi.c:1460:16:mx_wifi_getpeername	40	static
