/Users/chrrum01/STM32CubeIDE/workspace_1.9.0/IOT_HTTP_WebServer/Middlewares/ST/STM32_Network_Library/core/net_core.c:32:13:netif_add_to_list	24	static
/Users/chrrum01/STM32CubeIDE/workspace_1.9.0/IOT_HTTP_WebServer/Middlewares/ST/STM32_Network_Library/core/net_core.c:54:13:netif_remove_from_list	24	static
/Users/chrrum01/STM32CubeIDE/workspace_1.9.0/IOT_HTTP_WebServer/Middlewares/ST/STM32_Network_Library/core/net_core.c:83:18:net_if_find	32	static
/Users/chrrum01/STM32CubeIDE/workspace_1.9.0/IOT_HTTP_WebServer/Middlewares/ST/STM32_Network_Library/core/net_core.c:115:18:netif_check	24	static
/Users/chrrum01/STM32CubeIDE/workspace_1.9.0/IOT_HTTP_WebServer/Middlewares/ST/STM32_Network_Library/core/net_core.c:140:9:net_if_wait_state	48	static
/Users/chrrum01/STM32CubeIDE/workspace_1.9.0/IOT_HTTP_WebServer/Middlewares/ST/STM32_Network_Library/core/net_core.c:161:6:net_if_notify	32	static
/Users/chrrum01/STM32CubeIDE/workspace_1.9.0/IOT_HTTP_WebServer/Middlewares/ST/STM32_Network_Library/core/net_core.c:195:9:net_if_init	32	static
/Users/chrrum01/STM32CubeIDE/workspace_1.9.0/IOT_HTTP_WebServer/Middlewares/ST/STM32_Network_Library/core/net_core.c:246:9:net_if_deinit	24	static
/Users/chrrum01/STM32CubeIDE/workspace_1.9.0/IOT_HTTP_WebServer/Middlewares/ST/STM32_Network_Library/core/net_core.c:274:9:net_if_start	16	static
/Users/chrrum01/STM32CubeIDE/workspace_1.9.0/IOT_HTTP_WebServer/Middlewares/ST/STM32_Network_Library/core/net_core.c:285:9:net_if_stop	16	static
/Users/chrrum01/STM32CubeIDE/workspace_1.9.0/IOT_HTTP_WebServer/Middlewares/ST/STM32_Network_Library/core/net_core.c:296:9:net_if_yield	32	static
/Users/chrrum01/STM32CubeIDE/workspace_1.9.0/IOT_HTTP_WebServer/Middlewares/ST/STM32_Network_Library/core/net_core.c:339:9:net_if_connect	16	static
/Users/chrrum01/STM32CubeIDE/workspace_1.9.0/IOT_HTTP_WebServer/Middlewares/ST/STM32_Network_Library/core/net_core.c:350:9:net_if_disconnect	16	static
/Users/chrrum01/STM32CubeIDE/workspace_1.9.0/IOT_HTTP_WebServer/Middlewares/ST/STM32_Network_Library/core/net_core.c:361:9:net_if_atcmd	32	static
/Users/chrrum01/STM32CubeIDE/workspace_1.9.0/IOT_HTTP_WebServer/Middlewares/ST/STM32_Network_Library/core/net_core.c:381:9:net_if_getState	24	static
/Users/chrrum01/STM32CubeIDE/workspace_1.9.0/IOT_HTTP_WebServer/Middlewares/ST/STM32_Network_Library/core/net_core.c:411:9:net_if_powersave_enable	24	static
/Users/chrrum01/STM32CubeIDE/workspace_1.9.0/IOT_HTTP_WebServer/Middlewares/ST/STM32_Network_Library/core/net_core.c:447:9:net_if_get_mac_address	24	static
/Users/chrrum01/STM32CubeIDE/workspace_1.9.0/IOT_HTTP_WebServer/Middlewares/ST/STM32_Network_Library/core/net_core.c:480:9:net_if_get_ip_address	24	static
/Users/chrrum01/STM32CubeIDE/workspace_1.9.0/IOT_HTTP_WebServer/Middlewares/ST/STM32_Network_Library/core/net_core.c:515:9:net_if_gethostbyname	32	static
/Users/chrrum01/STM32CubeIDE/workspace_1.9.0/IOT_HTTP_WebServer/Middlewares/ST/STM32_Network_Library/core/net_core.c:537:9:net_if_ping	48	static
/Users/chrrum01/STM32CubeIDE/workspace_1.9.0/IOT_HTTP_WebServer/Middlewares/ST/STM32_Network_Library/core/net_core.c:556:9:net_if_set_dhcp_mode	24	static
/Users/chrrum01/STM32CubeIDE/workspace_1.9.0/IOT_HTTP_WebServer/Middlewares/ST/STM32_Network_Library/core/net_core.c:575:9:net_if_set_dhcp_server_mode	24	static
/Users/chrrum01/STM32CubeIDE/workspace_1.9.0/IOT_HTTP_WebServer/Middlewares/ST/STM32_Network_Library/core/net_core.c:594:9:net_if_set_dhcp_version	24	static
/Users/chrrum01/STM32CubeIDE/workspace_1.9.0/IOT_HTTP_WebServer/Middlewares/ST/STM32_Network_Library/core/net_core.c:616:9:net_if_set_ipaddr	32	static
