/Users/chrrum01/STM32CubeIDE/workspace_1.9.0/IOT_HTTP_WebServer/Drivers/BSP/Components/hts221/hts221_reg.c:47:9:hts221_read_reg	40	static
/Users/chrrum01/STM32CubeIDE/workspace_1.9.0/IOT_HTTP_WebServer/Drivers/BSP/Components/hts221/hts221_reg.c:65:9:hts221_write_reg	40	static
/Users/chrrum01/STM32CubeIDE/workspace_1.9.0/IOT_HTTP_WebServer/Drivers/BSP/Components/hts221/hts221_reg.c:94:9:hts221_humidity_avg_set	24	static
/Users/chrrum01/STM32CubeIDE/workspace_1.9.0/IOT_HTTP_WebServer/Drivers/BSP/Components/hts221/hts221_reg.c:116:9:hts221_humidity_avg_get	24	static
/Users/chrrum01/STM32CubeIDE/workspace_1.9.0/IOT_HTTP_WebServer/Drivers/BSP/Components/hts221/hts221_reg.c:171:9:hts221_temperature_avg_set	24	static
/Users/chrrum01/STM32CubeIDE/workspace_1.9.0/IOT_HTTP_WebServer/Drivers/BSP/Components/hts221/hts221_reg.c:194:9:hts221_temperature_avg_get	24	static
/Users/chrrum01/STM32CubeIDE/workspace_1.9.0/IOT_HTTP_WebServer/Drivers/BSP/Components/hts221/hts221_reg.c:250:9:hts221_data_rate_set	24	static
/Users/chrrum01/STM32CubeIDE/workspace_1.9.0/IOT_HTTP_WebServer/Drivers/BSP/Components/hts221/hts221_reg.c:272:9:hts221_data_rate_get	24	static
/Users/chrrum01/STM32CubeIDE/workspace_1.9.0/IOT_HTTP_WebServer/Drivers/BSP/Components/hts221/hts221_reg.c:311:9:hts221_block_data_update_set	24	static
/Users/chrrum01/STM32CubeIDE/workspace_1.9.0/IOT_HTTP_WebServer/Drivers/BSP/Components/hts221/hts221_reg.c:333:9:hts221_block_data_update_get	24	static
/Users/chrrum01/STM32CubeIDE/workspace_1.9.0/IOT_HTTP_WebServer/Drivers/BSP/Components/hts221/hts221_reg.c:350:9:hts221_one_shoot_trigger_set	24	static
/Users/chrrum01/STM32CubeIDE/workspace_1.9.0/IOT_HTTP_WebServer/Drivers/BSP/Components/hts221/hts221_reg.c:372:9:hts221_one_shoot_trigger_get	24	static
/Users/chrrum01/STM32CubeIDE/workspace_1.9.0/IOT_HTTP_WebServer/Drivers/BSP/Components/hts221/hts221_reg.c:389:9:hts221_temp_data_ready_get	24	static
/Users/chrrum01/STM32CubeIDE/workspace_1.9.0/IOT_HTTP_WebServer/Drivers/BSP/Components/hts221/hts221_reg.c:406:9:hts221_hum_data_ready_get	24	static
/Users/chrrum01/STM32CubeIDE/workspace_1.9.0/IOT_HTTP_WebServer/Drivers/BSP/Components/hts221/hts221_reg.c:423:9:hts221_humidity_raw_get	24	static
/Users/chrrum01/STM32CubeIDE/workspace_1.9.0/IOT_HTTP_WebServer/Drivers/BSP/Components/hts221/hts221_reg.c:441:9:hts221_temperature_raw_get	24	static
/Users/chrrum01/STM32CubeIDE/workspace_1.9.0/IOT_HTTP_WebServer/Drivers/BSP/Components/hts221/hts221_reg.c:471:9:hts221_device_id_get	24	static
/Users/chrrum01/STM32CubeIDE/workspace_1.9.0/IOT_HTTP_WebServer/Drivers/BSP/Components/hts221/hts221_reg.c:486:9:hts221_power_on_set	24	static
/Users/chrrum01/STM32CubeIDE/workspace_1.9.0/IOT_HTTP_WebServer/Drivers/BSP/Components/hts221/hts221_reg.c:508:9:hts221_power_on_get	24	static
/Users/chrrum01/STM32CubeIDE/workspace_1.9.0/IOT_HTTP_WebServer/Drivers/BSP/Components/hts221/hts221_reg.c:526:9:hts221_heater_set	24	static
/Users/chrrum01/STM32CubeIDE/workspace_1.9.0/IOT_HTTP_WebServer/Drivers/BSP/Components/hts221/hts221_reg.c:548:9:hts221_heater_get	24	static
/Users/chrrum01/STM32CubeIDE/workspace_1.9.0/IOT_HTTP_WebServer/Drivers/BSP/Components/hts221/hts221_reg.c:565:9:hts221_boot_set	24	static
/Users/chrrum01/STM32CubeIDE/workspace_1.9.0/IOT_HTTP_WebServer/Drivers/BSP/Components/hts221/hts221_reg.c:587:9:hts221_boot_get	24	static
/Users/chrrum01/STM32CubeIDE/workspace_1.9.0/IOT_HTTP_WebServer/Drivers/BSP/Components/hts221/hts221_reg.c:604:9:hts221_status_get	24	static
/Users/chrrum01/STM32CubeIDE/workspace_1.9.0/IOT_HTTP_WebServer/Drivers/BSP/Components/hts221/hts221_reg.c:631:9:hts221_drdy_on_int_set	24	static
/Users/chrrum01/STM32CubeIDE/workspace_1.9.0/IOT_HTTP_WebServer/Drivers/BSP/Components/hts221/hts221_reg.c:653:9:hts221_drdy_on_int_get	24	static
/Users/chrrum01/STM32CubeIDE/workspace_1.9.0/IOT_HTTP_WebServer/Drivers/BSP/Components/hts221/hts221_reg.c:669:9:hts221_pin_mode_set	24	static
/Users/chrrum01/STM32CubeIDE/workspace_1.9.0/IOT_HTTP_WebServer/Drivers/BSP/Components/hts221/hts221_reg.c:691:9:hts221_pin_mode_get	24	static
/Users/chrrum01/STM32CubeIDE/workspace_1.9.0/IOT_HTTP_WebServer/Drivers/BSP/Components/hts221/hts221_reg.c:722:9:hts221_int_polarity_set	24	static
/Users/chrrum01/STM32CubeIDE/workspace_1.9.0/IOT_HTTP_WebServer/Drivers/BSP/Components/hts221/hts221_reg.c:745:9:hts221_int_polarity_get	24	static
/Users/chrrum01/STM32CubeIDE/workspace_1.9.0/IOT_HTTP_WebServer/Drivers/BSP/Components/hts221/hts221_reg.c:790:9:hts221_hum_rh_point_0_get	24	static
/Users/chrrum01/STM32CubeIDE/workspace_1.9.0/IOT_HTTP_WebServer/Drivers/BSP/Components/hts221/hts221_reg.c:807:9:hts221_hum_rh_point_1_get	24	static
/Users/chrrum01/STM32CubeIDE/workspace_1.9.0/IOT_HTTP_WebServer/Drivers/BSP/Components/hts221/hts221_reg.c:824:9:hts221_temp_deg_point_0_get	32	static
/Users/chrrum01/STM32CubeIDE/workspace_1.9.0/IOT_HTTP_WebServer/Drivers/BSP/Components/hts221/hts221_reg.c:848:9:hts221_temp_deg_point_1_get	32	static
/Users/chrrum01/STM32CubeIDE/workspace_1.9.0/IOT_HTTP_WebServer/Drivers/BSP/Components/hts221/hts221_reg.c:872:9:hts221_hum_adc_point_0_get	24	static
/Users/chrrum01/STM32CubeIDE/workspace_1.9.0/IOT_HTTP_WebServer/Drivers/BSP/Components/hts221/hts221_reg.c:891:9:hts221_hum_adc_point_1_get	24	static
/Users/chrrum01/STM32CubeIDE/workspace_1.9.0/IOT_HTTP_WebServer/Drivers/BSP/Components/hts221/hts221_reg.c:910:9:hts221_temp_adc_point_0_get	24	static
/Users/chrrum01/STM32CubeIDE/workspace_1.9.0/IOT_HTTP_WebServer/Drivers/BSP/Components/hts221/hts221_reg.c:929:9:hts221_temp_adc_point_1_get	24	static
