/Users/chrrum01/STM32CubeIDE/workspace_1.9.0/IOT_HTTP_WebServer/Drivers/BSP/Components/ism330dhcx/ism330dhcx_reg.c:48:9:ism330dhcx_read_reg	40	static
/Users/chrrum01/STM32CubeIDE/workspace_1.9.0/IOT_HTTP_WebServer/Drivers/BSP/Components/ism330dhcx/ism330dhcx_reg.c:67:9:ism330dhcx_write_reg	40	static
/Users/chrrum01/STM32CubeIDE/workspace_1.9.0/IOT_HTTP_WebServer/Drivers/BSP/Components/ism330dhcx/ism330dhcx_reg.c:88:9:ism330dhcx_from_fs2g_to_mg	16	static
/Users/chrrum01/STM32CubeIDE/workspace_1.9.0/IOT_HTTP_WebServer/Drivers/BSP/Components/ism330dhcx/ism330dhcx_reg.c:93:9:ism330dhcx_from_fs4g_to_mg	16	static
/Users/chrrum01/STM32CubeIDE/workspace_1.9.0/IOT_HTTP_WebServer/Drivers/BSP/Components/ism330dhcx/ism330dhcx_reg.c:98:9:ism330dhcx_from_fs8g_to_mg	16	static
/Users/chrrum01/STM32CubeIDE/workspace_1.9.0/IOT_HTTP_WebServer/Drivers/BSP/Components/ism330dhcx/ism330dhcx_reg.c:103:9:ism330dhcx_from_fs16g_to_mg	16	static
/Users/chrrum01/STM32CubeIDE/workspace_1.9.0/IOT_HTTP_WebServer/Drivers/BSP/Components/ism330dhcx/ism330dhcx_reg.c:108:9:ism330dhcx_from_fs125dps_to_mdps	16	static
/Users/chrrum01/STM32CubeIDE/workspace_1.9.0/IOT_HTTP_WebServer/Drivers/BSP/Components/ism330dhcx/ism330dhcx_reg.c:113:9:ism330dhcx_from_fs250dps_to_mdps	16	static
/Users/chrrum01/STM32CubeIDE/workspace_1.9.0/IOT_HTTP_WebServer/Drivers/BSP/Components/ism330dhcx/ism330dhcx_reg.c:118:9:ism330dhcx_from_fs500dps_to_mdps	16	static
/Users/chrrum01/STM32CubeIDE/workspace_1.9.0/IOT_HTTP_WebServer/Drivers/BSP/Components/ism330dhcx/ism330dhcx_reg.c:123:9:ism330dhcx_from_fs1000dps_to_mdps	16	static
/Users/chrrum01/STM32CubeIDE/workspace_1.9.0/IOT_HTTP_WebServer/Drivers/BSP/Components/ism330dhcx/ism330dhcx_reg.c:128:9:ism330dhcx_from_fs2000dps_to_mdps	16	static
/Users/chrrum01/STM32CubeIDE/workspace_1.9.0/IOT_HTTP_WebServer/Drivers/BSP/Components/ism330dhcx/ism330dhcx_reg.c:133:9:ism330dhcx_from_fs4000dps_to_mdps	16	static
/Users/chrrum01/STM32CubeIDE/workspace_1.9.0/IOT_HTTP_WebServer/Drivers/BSP/Components/ism330dhcx/ism330dhcx_reg.c:138:9:ism330dhcx_from_lsb_to_celsius	16	static
/Users/chrrum01/STM32CubeIDE/workspace_1.9.0/IOT_HTTP_WebServer/Drivers/BSP/Components/ism330dhcx/ism330dhcx_reg.c:143:9:ism330dhcx_from_lsb_to_nsec	16	static
/Users/chrrum01/STM32CubeIDE/workspace_1.9.0/IOT_HTTP_WebServer/Drivers/BSP/Components/ism330dhcx/ism330dhcx_reg.c:169:9:ism330dhcx_xl_full_scale_set	24	static
/Users/chrrum01/STM32CubeIDE/workspace_1.9.0/IOT_HTTP_WebServer/Drivers/BSP/Components/ism330dhcx/ism330dhcx_reg.c:194:9:ism330dhcx_xl_full_scale_get	24	static
/Users/chrrum01/STM32CubeIDE/workspace_1.9.0/IOT_HTTP_WebServer/Drivers/BSP/Components/ism330dhcx/ism330dhcx_reg.c:235:9:ism330dhcx_xl_data_rate_set	32	static
/Users/chrrum01/STM32CubeIDE/workspace_1.9.0/IOT_HTTP_WebServer/Drivers/BSP/Components/ism330dhcx/ism330dhcx_reg.c:454:9:ism330dhcx_xl_data_rate_get	24	static
/Users/chrrum01/STM32CubeIDE/workspace_1.9.0/IOT_HTTP_WebServer/Drivers/BSP/Components/ism330dhcx/ism330dhcx_reg.c:527:9:ism330dhcx_gy_full_scale_set	24	static
/Users/chrrum01/STM32CubeIDE/workspace_1.9.0/IOT_HTTP_WebServer/Drivers/BSP/Components/ism330dhcx/ism330dhcx_reg.c:552:9:ism330dhcx_gy_full_scale_get	24	static
/Users/chrrum01/STM32CubeIDE/workspace_1.9.0/IOT_HTTP_WebServer/Drivers/BSP/Components/ism330dhcx/ism330dhcx_reg.c:601:9:ism330dhcx_gy_data_rate_set	32	static
/Users/chrrum01/STM32CubeIDE/workspace_1.9.0/IOT_HTTP_WebServer/Drivers/BSP/Components/ism330dhcx/ism330dhcx_reg.c:820:9:ism330dhcx_gy_data_rate_get	24	static
/Users/chrrum01/STM32CubeIDE/workspace_1.9.0/IOT_HTTP_WebServer/Drivers/BSP/Components/ism330dhcx/ism330dhcx_reg.c:889:9:ism330dhcx_block_data_update_set	24	static
/Users/chrrum01/STM32CubeIDE/workspace_1.9.0/IOT_HTTP_WebServer/Drivers/BSP/Components/ism330dhcx/ism330dhcx_reg.c:914:9:ism330dhcx_block_data_update_get	24	static
/Users/chrrum01/STM32CubeIDE/workspace_1.9.0/IOT_HTTP_WebServer/Drivers/BSP/Components/ism330dhcx/ism330dhcx_reg.c:934:9:ism330dhcx_xl_offset_weight_set	24	static
/Users/chrrum01/STM32CubeIDE/workspace_1.9.0/IOT_HTTP_WebServer/Drivers/BSP/Components/ism330dhcx/ism330dhcx_reg.c:960:9:ism330dhcx_xl_offset_weight_get	24	static
/Users/chrrum01/STM32CubeIDE/workspace_1.9.0/IOT_HTTP_WebServer/Drivers/BSP/Components/ism330dhcx/ism330dhcx_reg.c:993:9:ism330dhcx_xl_power_mode_set	24	static
/Users/chrrum01/STM32CubeIDE/workspace_1.9.0/IOT_HTTP_WebServer/Drivers/BSP/Components/ism330dhcx/ism330dhcx_reg.c:1018:9:ism330dhcx_xl_power_mode_get	24	static
/Users/chrrum01/STM32CubeIDE/workspace_1.9.0/IOT_HTTP_WebServer/Drivers/BSP/Components/ism330dhcx/ism330dhcx_reg.c:1051:9:ism330dhcx_gy_power_mode_set	24	static
/Users/chrrum01/STM32CubeIDE/workspace_1.9.0/IOT_HTTP_WebServer/Drivers/BSP/Components/ism330dhcx/ism330dhcx_reg.c:1076:9:ism330dhcx_gy_power_mode_get	24	static
/Users/chrrum01/STM32CubeIDE/workspace_1.9.0/IOT_HTTP_WebServer/Drivers/BSP/Components/ism330dhcx/ism330dhcx_reg.c:1111:9:ism330dhcx_all_sources_get	24	static
/Users/chrrum01/STM32CubeIDE/workspace_1.9.0/IOT_HTTP_WebServer/Drivers/BSP/Components/ism330dhcx/ism330dhcx_reg.c:1172:9:ism330dhcx_status_reg_get	24	static
/Users/chrrum01/STM32CubeIDE/workspace_1.9.0/IOT_HTTP_WebServer/Drivers/BSP/Components/ism330dhcx/ism330dhcx_reg.c:1189:9:ism330dhcx_xl_flag_data_ready_get	24	static
/Users/chrrum01/STM32CubeIDE/workspace_1.9.0/IOT_HTTP_WebServer/Drivers/BSP/Components/ism330dhcx/ism330dhcx_reg.c:1208:9:ism330dhcx_gy_flag_data_ready_get	24	static
/Users/chrrum01/STM32CubeIDE/workspace_1.9.0/IOT_HTTP_WebServer/Drivers/BSP/Components/ism330dhcx/ism330dhcx_reg.c:1227:9:ism330dhcx_temp_flag_data_ready_get	24	static
/Users/chrrum01/STM32CubeIDE/workspace_1.9.0/IOT_HTTP_WebServer/Drivers/BSP/Components/ism330dhcx/ism330dhcx_reg.c:1248:9:ism330dhcx_xl_usr_offset_x_set	24	static
/Users/chrrum01/STM32CubeIDE/workspace_1.9.0/IOT_HTTP_WebServer/Drivers/BSP/Components/ism330dhcx/ism330dhcx_reg.c:1266:9:ism330dhcx_xl_usr_offset_x_get	24	static
/Users/chrrum01/STM32CubeIDE/workspace_1.9.0/IOT_HTTP_WebServer/Drivers/BSP/Components/ism330dhcx/ism330dhcx_reg.c:1284:9:ism330dhcx_xl_usr_offset_y_set	24	static
/Users/chrrum01/STM32CubeIDE/workspace_1.9.0/IOT_HTTP_WebServer/Drivers/BSP/Components/ism330dhcx/ism330dhcx_reg.c:1302:9:ism330dhcx_xl_usr_offset_y_get	24	static
/Users/chrrum01/STM32CubeIDE/workspace_1.9.0/IOT_HTTP_WebServer/Drivers/BSP/Components/ism330dhcx/ism330dhcx_reg.c:1320:9:ism330dhcx_xl_usr_offset_z_set	24	static
/Users/chrrum01/STM32CubeIDE/workspace_1.9.0/IOT_HTTP_WebServer/Drivers/BSP/Components/ism330dhcx/ism330dhcx_reg.c:1338:9:ism330dhcx_xl_usr_offset_z_get	24	static
/Users/chrrum01/STM32CubeIDE/workspace_1.9.0/IOT_HTTP_WebServer/Drivers/BSP/Components/ism330dhcx/ism330dhcx_reg.c:1354:9:ism330dhcx_xl_usr_offset_set	24	static
/Users/chrrum01/STM32CubeIDE/workspace_1.9.0/IOT_HTTP_WebServer/Drivers/BSP/Components/ism330dhcx/ism330dhcx_reg.c:1378:9:ism330dhcx_xl_usr_offset_get	24	static
/Users/chrrum01/STM32CubeIDE/workspace_1.9.0/IOT_HTTP_WebServer/Drivers/BSP/Components/ism330dhcx/ism330dhcx_reg.c:1408:9:ism330dhcx_timestamp_rst	24	static
/Users/chrrum01/STM32CubeIDE/workspace_1.9.0/IOT_HTTP_WebServer/Drivers/BSP/Components/ism330dhcx/ism330dhcx_reg.c:1422:9:ism330dhcx_timestamp_set	24	static
/Users/chrrum01/STM32CubeIDE/workspace_1.9.0/IOT_HTTP_WebServer/Drivers/BSP/Components/ism330dhcx/ism330dhcx_reg.c:1446:9:ism330dhcx_timestamp_get	24	static
/Users/chrrum01/STM32CubeIDE/workspace_1.9.0/IOT_HTTP_WebServer/Drivers/BSP/Components/ism330dhcx/ism330dhcx_reg.c:1466:9:ism330dhcx_timestamp_raw_get	24	static
/Users/chrrum01/STM32CubeIDE/workspace_1.9.0/IOT_HTTP_WebServer/Drivers/BSP/Components/ism330dhcx/ism330dhcx_reg.c:1498:9:ism330dhcx_rounding_mode_set	24	static
/Users/chrrum01/STM32CubeIDE/workspace_1.9.0/IOT_HTTP_WebServer/Drivers/BSP/Components/ism330dhcx/ism330dhcx_reg.c:1523:9:ism330dhcx_rounding_mode_get	24	static
/Users/chrrum01/STM32CubeIDE/workspace_1.9.0/IOT_HTTP_WebServer/Drivers/BSP/Components/ism330dhcx/ism330dhcx_reg.c:1566:9:ism330dhcx_temperature_raw_get	24	static
/Users/chrrum01/STM32CubeIDE/workspace_1.9.0/IOT_HTTP_WebServer/Drivers/BSP/Components/ism330dhcx/ism330dhcx_reg.c:1586:9:ism330dhcx_angular_rate_raw_get	32	static
/Users/chrrum01/STM32CubeIDE/workspace_1.9.0/IOT_HTTP_WebServer/Drivers/BSP/Components/ism330dhcx/ism330dhcx_reg.c:1610:9:ism330dhcx_acceleration_raw_get	32	static
/Users/chrrum01/STM32CubeIDE/workspace_1.9.0/IOT_HTTP_WebServer/Drivers/BSP/Components/ism330dhcx/ism330dhcx_reg.c:1633:9:ism330dhcx_fifo_out_raw_get	24	static
/Users/chrrum01/STM32CubeIDE/workspace_1.9.0/IOT_HTTP_WebServer/Drivers/BSP/Components/ism330dhcx/ism330dhcx_reg.c:1648:9:ism330dhcx_number_of_steps_get	24	static
/Users/chrrum01/STM32CubeIDE/workspace_1.9.0/IOT_HTTP_WebServer/Drivers/BSP/Components/ism330dhcx/ism330dhcx_reg.c:1675:9:ism330dhcx_steps_reset	24	static
/Users/chrrum01/STM32CubeIDE/workspace_1.9.0/IOT_HTTP_WebServer/Drivers/BSP/Components/ism330dhcx/ism330dhcx_reg.c:1706:9:ism330dhcx_mlc_out_get	24	static
/Users/chrrum01/STM32CubeIDE/workspace_1.9.0/IOT_HTTP_WebServer/Drivers/BSP/Components/ism330dhcx/ism330dhcx_reg.c:1742:9:ism330dhcx_device_conf_set	24	static
/Users/chrrum01/STM32CubeIDE/workspace_1.9.0/IOT_HTTP_WebServer/Drivers/BSP/Components/ism330dhcx/ism330dhcx_reg.c:1766:9:ism330dhcx_device_conf_get	24	static
/Users/chrrum01/STM32CubeIDE/workspace_1.9.0/IOT_HTTP_WebServer/Drivers/BSP/Components/ism330dhcx/ism330dhcx_reg.c:1786:9:ism330dhcx_odr_cal_reg_set	24	static
/Users/chrrum01/STM32CubeIDE/workspace_1.9.0/IOT_HTTP_WebServer/Drivers/BSP/Components/ism330dhcx/ism330dhcx_reg.c:1812:9:ism330dhcx_odr_cal_reg_get	24	static
/Users/chrrum01/STM32CubeIDE/workspace_1.9.0/IOT_HTTP_WebServer/Drivers/BSP/Components/ism330dhcx/ism330dhcx_reg.c:1831:9:ism330dhcx_mem_bank_set	24	static
/Users/chrrum01/STM32CubeIDE/workspace_1.9.0/IOT_HTTP_WebServer/Drivers/BSP/Components/ism330dhcx/ism330dhcx_reg.c:1857:9:ism330dhcx_mem_bank_get	24	static
/Users/chrrum01/STM32CubeIDE/workspace_1.9.0/IOT_HTTP_WebServer/Drivers/BSP/Components/ism330dhcx/ism330dhcx_reg.c:1895:9:ism330dhcx_ln_pg_write_byte	40	static
/Users/chrrum01/STM32CubeIDE/workspace_1.9.0/IOT_HTTP_WebServer/Drivers/BSP/Components/ism330dhcx/ism330dhcx_reg.c:1965:9:ism330dhcx_ln_pg_write	48	static
/Users/chrrum01/STM32CubeIDE/workspace_1.9.0/IOT_HTTP_WebServer/Drivers/BSP/Components/ism330dhcx/ism330dhcx_reg.c:2065:9:ism330dhcx_ln_pg_read_byte	40	static
/Users/chrrum01/STM32CubeIDE/workspace_1.9.0/IOT_HTTP_WebServer/Drivers/BSP/Components/ism330dhcx/ism330dhcx_reg.c:2134:9:ism330dhcx_data_ready_mode_set	24	static
/Users/chrrum01/STM32CubeIDE/workspace_1.9.0/IOT_HTTP_WebServer/Drivers/BSP/Components/ism330dhcx/ism330dhcx_reg.c:2160:9:ism330dhcx_data_ready_mode_get	24	static
/Users/chrrum01/STM32CubeIDE/workspace_1.9.0/IOT_HTTP_WebServer/Drivers/BSP/Components/ism330dhcx/ism330dhcx_reg.c:2193:9:ism330dhcx_device_id_get	24	static
/Users/chrrum01/STM32CubeIDE/workspace_1.9.0/IOT_HTTP_WebServer/Drivers/BSP/Components/ism330dhcx/ism330dhcx_reg.c:2208:9:ism330dhcx_reset_set	24	static
/Users/chrrum01/STM32CubeIDE/workspace_1.9.0/IOT_HTTP_WebServer/Drivers/BSP/Components/ism330dhcx/ism330dhcx_reg.c:2232:9:ism330dhcx_reset_get	24	static
/Users/chrrum01/STM32CubeIDE/workspace_1.9.0/IOT_HTTP_WebServer/Drivers/BSP/Components/ism330dhcx/ism330dhcx_reg.c:2251:9:ism330dhcx_auto_increment_set	24	static
/Users/chrrum01/STM32CubeIDE/workspace_1.9.0/IOT_HTTP_WebServer/Drivers/BSP/Components/ism330dhcx/ism330dhcx_reg.c:2276:9:ism330dhcx_auto_increment_get	24	static
/Users/chrrum01/STM32CubeIDE/workspace_1.9.0/IOT_HTTP_WebServer/Drivers/BSP/Components/ism330dhcx/ism330dhcx_reg.c:2294:9:ism330dhcx_boot_set	24	static
/Users/chrrum01/STM32CubeIDE/workspace_1.9.0/IOT_HTTP_WebServer/Drivers/BSP/Components/ism330dhcx/ism330dhcx_reg.c:2318:9:ism330dhcx_boot_get	24	static
/Users/chrrum01/STM32CubeIDE/workspace_1.9.0/IOT_HTTP_WebServer/Drivers/BSP/Components/ism330dhcx/ism330dhcx_reg.c:2338:9:ism330dhcx_xl_self_test_set	24	static
/Users/chrrum01/STM32CubeIDE/workspace_1.9.0/IOT_HTTP_WebServer/Drivers/BSP/Components/ism330dhcx/ism330dhcx_reg.c:2363:9:ism330dhcx_xl_self_test_get	24	static
/Users/chrrum01/STM32CubeIDE/workspace_1.9.0/IOT_HTTP_WebServer/Drivers/BSP/Components/ism330dhcx/ism330dhcx_reg.c:2400:9:ism330dhcx_gy_self_test_set	24	static
/Users/chrrum01/STM32CubeIDE/workspace_1.9.0/IOT_HTTP_WebServer/Drivers/BSP/Components/ism330dhcx/ism330dhcx_reg.c:2425:9:ism330dhcx_gy_self_test_get	24	static
/Users/chrrum01/STM32CubeIDE/workspace_1.9.0/IOT_HTTP_WebServer/Drivers/BSP/Components/ism330dhcx/ism330dhcx_reg.c:2475:9:ism330dhcx_xl_filter_lp2_set	24	static
/Users/chrrum01/STM32CubeIDE/workspace_1.9.0/IOT_HTTP_WebServer/Drivers/BSP/Components/ism330dhcx/ism330dhcx_reg.c:2499:9:ism330dhcx_xl_filter_lp2_get	24	static
/Users/chrrum01/STM32CubeIDE/workspace_1.9.0/IOT_HTTP_WebServer/Drivers/BSP/Components/ism330dhcx/ism330dhcx_reg.c:2518:9:ism330dhcx_gy_filter_lp1_set	24	static
/Users/chrrum01/STM32CubeIDE/workspace_1.9.0/IOT_HTTP_WebServer/Drivers/BSP/Components/ism330dhcx/ism330dhcx_reg.c:2543:9:ism330dhcx_gy_filter_lp1_get	24	static
/Users/chrrum01/STM32CubeIDE/workspace_1.9.0/IOT_HTTP_WebServer/Drivers/BSP/Components/ism330dhcx/ism330dhcx_reg.c:2562:9:ism330dhcx_filter_settling_mask_set	24	static
/Users/chrrum01/STM32CubeIDE/workspace_1.9.0/IOT_HTTP_WebServer/Drivers/BSP/Components/ism330dhcx/ism330dhcx_reg.c:2588:9:ism330dhcx_filter_settling_mask_get	24	static
/Users/chrrum01/STM32CubeIDE/workspace_1.9.0/IOT_HTTP_WebServer/Drivers/BSP/Components/ism330dhcx/ism330dhcx_reg.c:2607:9:ism330dhcx_gy_lp1_bandwidth_set	24	static
/Users/chrrum01/STM32CubeIDE/workspace_1.9.0/IOT_HTTP_WebServer/Drivers/BSP/Components/ism330dhcx/ism330dhcx_reg.c:2632:9:ism330dhcx_gy_lp1_bandwidth_get	24	static
/Users/chrrum01/STM32CubeIDE/workspace_1.9.0/IOT_HTTP_WebServer/Drivers/BSP/Components/ism330dhcx/ism330dhcx_reg.c:2689:9:ism330dhcx_xl_lp2_on_6d_set	24	static
/Users/chrrum01/STM32CubeIDE/workspace_1.9.0/IOT_HTTP_WebServer/Drivers/BSP/Components/ism330dhcx/ism330dhcx_reg.c:2713:9:ism330dhcx_xl_lp2_on_6d_get	24	static
/Users/chrrum01/STM32CubeIDE/workspace_1.9.0/IOT_HTTP_WebServer/Drivers/BSP/Components/ism330dhcx/ism330dhcx_reg.c:2732:9:ism330dhcx_xl_hp_path_on_out_set	24	static
/Users/chrrum01/STM32CubeIDE/workspace_1.9.0/IOT_HTTP_WebServer/Drivers/BSP/Components/ism330dhcx/ism330dhcx_reg.c:2760:9:ism330dhcx_xl_hp_path_on_out_get	24	static
/Users/chrrum01/STM32CubeIDE/workspace_1.9.0/IOT_HTTP_WebServer/Drivers/BSP/Components/ism330dhcx/ism330dhcx_reg.c:2881:9:ism330dhcx_xl_fast_settling_set	24	static
/Users/chrrum01/STM32CubeIDE/workspace_1.9.0/IOT_HTTP_WebServer/Drivers/BSP/Components/ism330dhcx/ism330dhcx_reg.c:2908:9:ism330dhcx_xl_fast_settling_get	24	static
/Users/chrrum01/STM32CubeIDE/workspace_1.9.0/IOT_HTTP_WebServer/Drivers/BSP/Components/ism330dhcx/ism330dhcx_reg.c:2928:9:ism330dhcx_xl_hp_path_internal_set	24	static
/Users/chrrum01/STM32CubeIDE/workspace_1.9.0/IOT_HTTP_WebServer/Drivers/BSP/Components/ism330dhcx/ism330dhcx_reg.c:2954:9:ism330dhcx_xl_hp_path_internal_get	24	static
/Users/chrrum01/STM32CubeIDE/workspace_1.9.0/IOT_HTTP_WebServer/Drivers/BSP/Components/ism330dhcx/ism330dhcx_reg.c:2988:9:ism330dhcx_gy_hp_path_internal_set	24	static
/Users/chrrum01/STM32CubeIDE/workspace_1.9.0/IOT_HTTP_WebServer/Drivers/BSP/Components/ism330dhcx/ism330dhcx_reg.c:3015:9:ism330dhcx_gy_hp_path_internal_get	24	static
/Users/chrrum01/STM32CubeIDE/workspace_1.9.0/IOT_HTTP_WebServer/Drivers/BSP/Components/ism330dhcx/ism330dhcx_reg.c:3074:9:ism330dhcx_aux_sdo_ocs_mode_set	24	static
/Users/chrrum01/STM32CubeIDE/workspace_1.9.0/IOT_HTTP_WebServer/Drivers/BSP/Components/ism330dhcx/ism330dhcx_reg.c:3100:9:ism330dhcx_aux_sdo_ocs_mode_get	24	static
/Users/chrrum01/STM32CubeIDE/workspace_1.9.0/IOT_HTTP_WebServer/Drivers/BSP/Components/ism330dhcx/ism330dhcx_reg.c:3133:9:ism330dhcx_aux_pw_on_ctrl_set	24	static
/Users/chrrum01/STM32CubeIDE/workspace_1.9.0/IOT_HTTP_WebServer/Drivers/BSP/Components/ism330dhcx/ism330dhcx_reg.c:3159:9:ism330dhcx_aux_pw_on_ctrl_get	24	static
/Users/chrrum01/STM32CubeIDE/workspace_1.9.0/IOT_HTTP_WebServer/Drivers/BSP/Components/ism330dhcx/ism330dhcx_reg.c:3192:9:ism330dhcx_aux_status_reg_get	24	static
/Users/chrrum01/STM32CubeIDE/workspace_1.9.0/IOT_HTTP_WebServer/Drivers/BSP/Components/ism330dhcx/ism330dhcx_reg.c:3209:9:ism330dhcx_aux_xl_flag_data_ready_get	24	static
/Users/chrrum01/STM32CubeIDE/workspace_1.9.0/IOT_HTTP_WebServer/Drivers/BSP/Components/ism330dhcx/ism330dhcx_reg.c:3228:9:ism330dhcx_aux_gy_flag_data_ready_get	24	static
/Users/chrrum01/STM32CubeIDE/workspace_1.9.0/IOT_HTTP_WebServer/Drivers/BSP/Components/ism330dhcx/ism330dhcx_reg.c:3247:9:ism330dhcx_aux_gy_flag_settling_get	24	static
/Users/chrrum01/STM32CubeIDE/workspace_1.9.0/IOT_HTTP_WebServer/Drivers/BSP/Components/ism330dhcx/ism330dhcx_reg.c:3267:9:ism330dhcx_aux_xl_self_test_set	24	static
/Users/chrrum01/STM32CubeIDE/workspace_1.9.0/IOT_HTTP_WebServer/Drivers/BSP/Components/ism330dhcx/ism330dhcx_reg.c:3293:9:ism330dhcx_aux_xl_self_test_get	24	static
/Users/chrrum01/STM32CubeIDE/workspace_1.9.0/IOT_HTTP_WebServer/Drivers/BSP/Components/ism330dhcx/ism330dhcx_reg.c:3330:9:ism330dhcx_aux_den_polarity_set	24	static
/Users/chrrum01/STM32CubeIDE/workspace_1.9.0/IOT_HTTP_WebServer/Drivers/BSP/Components/ism330dhcx/ism330dhcx_reg.c:3355:9:ism330dhcx_aux_den_polarity_get	24	static
/Users/chrrum01/STM32CubeIDE/workspace_1.9.0/IOT_HTTP_WebServer/Drivers/BSP/Components/ism330dhcx/ism330dhcx_reg.c:3388:9:ism330dhcx_aux_den_mode_set	32	static
/Users/chrrum01/STM32CubeIDE/workspace_1.9.0/IOT_HTTP_WebServer/Drivers/BSP/Components/ism330dhcx/ism330dhcx_reg.c:3425:9:ism330dhcx_aux_den_mode_get	32	static
/Users/chrrum01/STM32CubeIDE/workspace_1.9.0/IOT_HTTP_WebServer/Drivers/BSP/Components/ism330dhcx/ism330dhcx_reg.c:3469:9:ism330dhcx_aux_drdy_on_int2_set	24	static
/Users/chrrum01/STM32CubeIDE/workspace_1.9.0/IOT_HTTP_WebServer/Drivers/BSP/Components/ism330dhcx/ism330dhcx_reg.c:3495:9:ism330dhcx_aux_drdy_on_int2_get	24	static
/Users/chrrum01/STM32CubeIDE/workspace_1.9.0/IOT_HTTP_WebServer/Drivers/BSP/Components/ism330dhcx/ism330dhcx_reg.c:3519:9:ism330dhcx_aux_mode_set	24	static
/Users/chrrum01/STM32CubeIDE/workspace_1.9.0/IOT_HTTP_WebServer/Drivers/BSP/Components/ism330dhcx/ism330dhcx_reg.c:3551:9:ism330dhcx_aux_mode_get	24	static
/Users/chrrum01/STM32CubeIDE/workspace_1.9.0/IOT_HTTP_WebServer/Drivers/BSP/Components/ism330dhcx/ism330dhcx_reg.c:3588:9:ism330dhcx_aux_gy_full_scale_set	24	static
/Users/chrrum01/STM32CubeIDE/workspace_1.9.0/IOT_HTTP_WebServer/Drivers/BSP/Components/ism330dhcx/ism330dhcx_reg.c:3614:9:ism330dhcx_aux_gy_full_scale_get	24	static
/Users/chrrum01/STM32CubeIDE/workspace_1.9.0/IOT_HTTP_WebServer/Drivers/BSP/Components/ism330dhcx/ism330dhcx_reg.c:3659:9:ism330dhcx_aux_spi_mode_set	24	static
/Users/chrrum01/STM32CubeIDE/workspace_1.9.0/IOT_HTTP_WebServer/Drivers/BSP/Components/ism330dhcx/ism330dhcx_reg.c:3684:9:ism330dhcx_aux_spi_mode_get	24	static
/Users/chrrum01/STM32CubeIDE/workspace_1.9.0/IOT_HTTP_WebServer/Drivers/BSP/Components/ism330dhcx/ism330dhcx_reg.c:3717:9:ism330dhcx_aux_gy_lp1_bandwidth_set	24	static
/Users/chrrum01/STM32CubeIDE/workspace_1.9.0/IOT_HTTP_WebServer/Drivers/BSP/Components/ism330dhcx/ism330dhcx_reg.c:3742:9:ism330dhcx_aux_gy_lp1_bandwidth_get	24	static
/Users/chrrum01/STM32CubeIDE/workspace_1.9.0/IOT_HTTP_WebServer/Drivers/BSP/Components/ism330dhcx/ism330dhcx_reg.c:3783:9:ism330dhcx_aux_gy_hp_bandwidth_set	24	static
/Users/chrrum01/STM32CubeIDE/workspace_1.9.0/IOT_HTTP_WebServer/Drivers/BSP/Components/ism330dhcx/ism330dhcx_reg.c:3809:9:ism330dhcx_aux_gy_hp_bandwidth_get	24	static
/Users/chrrum01/STM32CubeIDE/workspace_1.9.0/IOT_HTTP_WebServer/Drivers/BSP/Components/ism330dhcx/ism330dhcx_reg.c:3856:9:ism330dhcx_aux_gy_clamp_set	24	static
/Users/chrrum01/STM32CubeIDE/workspace_1.9.0/IOT_HTTP_WebServer/Drivers/BSP/Components/ism330dhcx/ism330dhcx_reg.c:3883:9:ism330dhcx_aux_gy_clamp_get	24	static
/Users/chrrum01/STM32CubeIDE/workspace_1.9.0/IOT_HTTP_WebServer/Drivers/BSP/Components/ism330dhcx/ism330dhcx_reg.c:3916:9:ism330dhcx_aux_gy_self_test_set	24	static
/Users/chrrum01/STM32CubeIDE/workspace_1.9.0/IOT_HTTP_WebServer/Drivers/BSP/Components/ism330dhcx/ism330dhcx_reg.c:3941:9:ism330dhcx_aux_gy_self_test_get	24	static
/Users/chrrum01/STM32CubeIDE/workspace_1.9.0/IOT_HTTP_WebServer/Drivers/BSP/Components/ism330dhcx/ism330dhcx_reg.c:3978:9:ism330dhcx_aux_xl_bandwidth_set	24	static
/Users/chrrum01/STM32CubeIDE/workspace_1.9.0/IOT_HTTP_WebServer/Drivers/BSP/Components/ism330dhcx/ism330dhcx_reg.c:4003:9:ism330dhcx_aux_xl_bandwidth_get	24	static
/Users/chrrum01/STM32CubeIDE/workspace_1.9.0/IOT_HTTP_WebServer/Drivers/BSP/Components/ism330dhcx/ism330dhcx_reg.c:4060:9:ism330dhcx_aux_xl_full_scale_set	24	static
/Users/chrrum01/STM32CubeIDE/workspace_1.9.0/IOT_HTTP_WebServer/Drivers/BSP/Components/ism330dhcx/ism330dhcx_reg.c:4085:9:ism330dhcx_aux_xl_full_scale_get	24	static
/Users/chrrum01/STM32CubeIDE/workspace_1.9.0/IOT_HTTP_WebServer/Drivers/BSP/Components/ism330dhcx/ism330dhcx_reg.c:4139:9:ism330dhcx_sdo_sa0_mode_set	24	static
/Users/chrrum01/STM32CubeIDE/workspace_1.9.0/IOT_HTTP_WebServer/Drivers/BSP/Components/ism330dhcx/ism330dhcx_reg.c:4164:9:ism330dhcx_sdo_sa0_mode_get	24	static
/Users/chrrum01/STM32CubeIDE/workspace_1.9.0/IOT_HTTP_WebServer/Drivers/BSP/Components/ism330dhcx/ism330dhcx_reg.c:4197:9:ism330dhcx_spi_mode_set	24	static
/Users/chrrum01/STM32CubeIDE/workspace_1.9.0/IOT_HTTP_WebServer/Drivers/BSP/Components/ism330dhcx/ism330dhcx_reg.c:4222:9:ism330dhcx_spi_mode_get	24	static
/Users/chrrum01/STM32CubeIDE/workspace_1.9.0/IOT_HTTP_WebServer/Drivers/BSP/Components/ism330dhcx/ism330dhcx_reg.c:4255:9:ism330dhcx_i2c_interface_set	24	static
/Users/chrrum01/STM32CubeIDE/workspace_1.9.0/IOT_HTTP_WebServer/Drivers/BSP/Components/ism330dhcx/ism330dhcx_reg.c:4280:9:ism330dhcx_i2c_interface_get	24	static
/Users/chrrum01/STM32CubeIDE/workspace_1.9.0/IOT_HTTP_WebServer/Drivers/BSP/Components/ism330dhcx/ism330dhcx_reg.c:4327:9:ism330dhcx_pin_int1_route_set	24	static
/Users/chrrum01/STM32CubeIDE/workspace_1.9.0/IOT_HTTP_WebServer/Drivers/BSP/Components/ism330dhcx/ism330dhcx_reg.c:4447:9:ism330dhcx_pin_int1_route_get	24	static
/Users/chrrum01/STM32CubeIDE/workspace_1.9.0/IOT_HTTP_WebServer/Drivers/BSP/Components/ism330dhcx/ism330dhcx_reg.c:4499:9:ism330dhcx_pin_int2_route_set	24	static
/Users/chrrum01/STM32CubeIDE/workspace_1.9.0/IOT_HTTP_WebServer/Drivers/BSP/Components/ism330dhcx/ism330dhcx_reg.c:4617:9:ism330dhcx_pin_int2_route_get	24	static
/Users/chrrum01/STM32CubeIDE/workspace_1.9.0/IOT_HTTP_WebServer/Drivers/BSP/Components/ism330dhcx/ism330dhcx_reg.c:4668:9:ism330dhcx_pin_mode_set	24	static
/Users/chrrum01/STM32CubeIDE/workspace_1.9.0/IOT_HTTP_WebServer/Drivers/BSP/Components/ism330dhcx/ism330dhcx_reg.c:4693:9:ism330dhcx_pin_mode_get	24	static
/Users/chrrum01/STM32CubeIDE/workspace_1.9.0/IOT_HTTP_WebServer/Drivers/BSP/Components/ism330dhcx/ism330dhcx_reg.c:4726:9:ism330dhcx_pin_polarity_set	24	static
/Users/chrrum01/STM32CubeIDE/workspace_1.9.0/IOT_HTTP_WebServer/Drivers/BSP/Components/ism330dhcx/ism330dhcx_reg.c:4751:9:ism330dhcx_pin_polarity_get	24	static
/Users/chrrum01/STM32CubeIDE/workspace_1.9.0/IOT_HTTP_WebServer/Drivers/BSP/Components/ism330dhcx/ism330dhcx_reg.c:4784:9:ism330dhcx_all_on_int1_set	24	static
/Users/chrrum01/STM32CubeIDE/workspace_1.9.0/IOT_HTTP_WebServer/Drivers/BSP/Components/ism330dhcx/ism330dhcx_reg.c:4808:9:ism330dhcx_all_on_int1_get	24	static
/Users/chrrum01/STM32CubeIDE/workspace_1.9.0/IOT_HTTP_WebServer/Drivers/BSP/Components/ism330dhcx/ism330dhcx_reg.c:4826:9:ism330dhcx_int_notification_set	32	static
/Users/chrrum01/STM32CubeIDE/workspace_1.9.0/IOT_HTTP_WebServer/Drivers/BSP/Components/ism330dhcx/ism330dhcx_reg.c:4872:9:ism330dhcx_int_notification_get	32	static
/Users/chrrum01/STM32CubeIDE/workspace_1.9.0/IOT_HTTP_WebServer/Drivers/BSP/Components/ism330dhcx/ism330dhcx_reg.c:4943:9:ism330dhcx_wkup_ths_weight_set	24	static
/Users/chrrum01/STM32CubeIDE/workspace_1.9.0/IOT_HTTP_WebServer/Drivers/BSP/Components/ism330dhcx/ism330dhcx_reg.c:4970:9:ism330dhcx_wkup_ths_weight_get	24	static
/Users/chrrum01/STM32CubeIDE/workspace_1.9.0/IOT_HTTP_WebServer/Drivers/BSP/Components/ism330dhcx/ism330dhcx_reg.c:5004:9:ism330dhcx_wkup_threshold_set	24	static
/Users/chrrum01/STM32CubeIDE/workspace_1.9.0/IOT_HTTP_WebServer/Drivers/BSP/Components/ism330dhcx/ism330dhcx_reg.c:5029:9:ism330dhcx_wkup_threshold_get	24	static
/Users/chrrum01/STM32CubeIDE/workspace_1.9.0/IOT_HTTP_WebServer/Drivers/BSP/Components/ism330dhcx/ism330dhcx_reg.c:5047:9:ism330dhcx_xl_usr_offset_on_wkup_set	24	static
/Users/chrrum01/STM32CubeIDE/workspace_1.9.0/IOT_HTTP_WebServer/Drivers/BSP/Components/ism330dhcx/ism330dhcx_reg.c:5072:9:ism330dhcx_xl_usr_offset_on_wkup_get	24	static
/Users/chrrum01/STM32CubeIDE/workspace_1.9.0/IOT_HTTP_WebServer/Drivers/BSP/Components/ism330dhcx/ism330dhcx_reg.c:5091:9:ism330dhcx_wkup_dur_set	24	static
/Users/chrrum01/STM32CubeIDE/workspace_1.9.0/IOT_HTTP_WebServer/Drivers/BSP/Components/ism330dhcx/ism330dhcx_reg.c:5115:9:ism330dhcx_wkup_dur_get	24	static
/Users/chrrum01/STM32CubeIDE/workspace_1.9.0/IOT_HTTP_WebServer/Drivers/BSP/Components/ism330dhcx/ism330dhcx_reg.c:5146:9:ism330dhcx_gy_sleep_mode_set	24	static
/Users/chrrum01/STM32CubeIDE/workspace_1.9.0/IOT_HTTP_WebServer/Drivers/BSP/Components/ism330dhcx/ism330dhcx_reg.c:5170:9:ism330dhcx_gy_sleep_mode_get	24	static
/Users/chrrum01/STM32CubeIDE/workspace_1.9.0/IOT_HTTP_WebServer/Drivers/BSP/Components/ism330dhcx/ism330dhcx_reg.c:5190:9:ism330dhcx_act_pin_notification_set	24	static
/Users/chrrum01/STM32CubeIDE/workspace_1.9.0/IOT_HTTP_WebServer/Drivers/BSP/Components/ism330dhcx/ism330dhcx_reg.c:5217:9:ism330dhcx_act_pin_notification_get	24	static
/Users/chrrum01/STM32CubeIDE/workspace_1.9.0/IOT_HTTP_WebServer/Drivers/BSP/Components/ism330dhcx/ism330dhcx_reg.c:5250:9:ism330dhcx_act_mode_set	24	static
/Users/chrrum01/STM32CubeIDE/workspace_1.9.0/IOT_HTTP_WebServer/Drivers/BSP/Components/ism330dhcx/ism330dhcx_reg.c:5275:9:ism330dhcx_act_mode_get	24	static
/Users/chrrum01/STM32CubeIDE/workspace_1.9.0/IOT_HTTP_WebServer/Drivers/BSP/Components/ism330dhcx/ism330dhcx_reg.c:5316:9:ism330dhcx_act_sleep_dur_set	24	static
/Users/chrrum01/STM32CubeIDE/workspace_1.9.0/IOT_HTTP_WebServer/Drivers/BSP/Components/ism330dhcx/ism330dhcx_reg.c:5340:9:ism330dhcx_act_sleep_dur_get	24	static
/Users/chrrum01/STM32CubeIDE/workspace_1.9.0/IOT_HTTP_WebServer/Drivers/BSP/Components/ism330dhcx/ism330dhcx_reg.c:5371:9:ism330dhcx_tap_detection_on_z_set	24	static
/Users/chrrum01/STM32CubeIDE/workspace_1.9.0/IOT_HTTP_WebServer/Drivers/BSP/Components/ism330dhcx/ism330dhcx_reg.c:5396:9:ism330dhcx_tap_detection_on_z_get	24	static
/Users/chrrum01/STM32CubeIDE/workspace_1.9.0/IOT_HTTP_WebServer/Drivers/BSP/Components/ism330dhcx/ism330dhcx_reg.c:5415:9:ism330dhcx_tap_detection_on_y_set	24	static
/Users/chrrum01/STM32CubeIDE/workspace_1.9.0/IOT_HTTP_WebServer/Drivers/BSP/Components/ism330dhcx/ism330dhcx_reg.c:5440:9:ism330dhcx_tap_detection_on_y_get	24	static
/Users/chrrum01/STM32CubeIDE/workspace_1.9.0/IOT_HTTP_WebServer/Drivers/BSP/Components/ism330dhcx/ism330dhcx_reg.c:5459:9:ism330dhcx_tap_detection_on_x_set	24	static
/Users/chrrum01/STM32CubeIDE/workspace_1.9.0/IOT_HTTP_WebServer/Drivers/BSP/Components/ism330dhcx/ism330dhcx_reg.c:5484:9:ism330dhcx_tap_detection_on_x_get	24	static
/Users/chrrum01/STM32CubeIDE/workspace_1.9.0/IOT_HTTP_WebServer/Drivers/BSP/Components/ism330dhcx/ism330dhcx_reg.c:5503:9:ism330dhcx_tap_threshold_x_set	24	static
/Users/chrrum01/STM32CubeIDE/workspace_1.9.0/IOT_HTTP_WebServer/Drivers/BSP/Components/ism330dhcx/ism330dhcx_reg.c:5527:9:ism330dhcx_tap_threshold_x_get	24	static
/Users/chrrum01/STM32CubeIDE/workspace_1.9.0/IOT_HTTP_WebServer/Drivers/BSP/Components/ism330dhcx/ism330dhcx_reg.c:5546:9:ism330dhcx_tap_axis_priority_set	24	static
/Users/chrrum01/STM32CubeIDE/workspace_1.9.0/IOT_HTTP_WebServer/Drivers/BSP/Components/ism330dhcx/ism330dhcx_reg.c:5571:9:ism330dhcx_tap_axis_priority_get	24	static
/Users/chrrum01/STM32CubeIDE/workspace_1.9.0/IOT_HTTP_WebServer/Drivers/BSP/Components/ism330dhcx/ism330dhcx_reg.c:5620:9:ism330dhcx_tap_threshold_y_set	24	static
/Users/chrrum01/STM32CubeIDE/workspace_1.9.0/IOT_HTTP_WebServer/Drivers/BSP/Components/ism330dhcx/ism330dhcx_reg.c:5644:9:ism330dhcx_tap_threshold_y_get	24	static
/Users/chrrum01/STM32CubeIDE/workspace_1.9.0/IOT_HTTP_WebServer/Drivers/BSP/Components/ism330dhcx/ism330dhcx_reg.c:5663:9:ism330dhcx_tap_threshold_z_set	24	static
/Users/chrrum01/STM32CubeIDE/workspace_1.9.0/IOT_HTTP_WebServer/Drivers/BSP/Components/ism330dhcx/ism330dhcx_reg.c:5687:9:ism330dhcx_tap_threshold_z_get	24	static
/Users/chrrum01/STM32CubeIDE/workspace_1.9.0/IOT_HTTP_WebServer/Drivers/BSP/Components/ism330dhcx/ism330dhcx_reg.c:5710:9:ism330dhcx_tap_shock_set	24	static
/Users/chrrum01/STM32CubeIDE/workspace_1.9.0/IOT_HTTP_WebServer/Drivers/BSP/Components/ism330dhcx/ism330dhcx_reg.c:5738:9:ism330dhcx_tap_shock_get	24	static
/Users/chrrum01/STM32CubeIDE/workspace_1.9.0/IOT_HTTP_WebServer/Drivers/BSP/Components/ism330dhcx/ism330dhcx_reg.c:5760:9:ism330dhcx_tap_quiet_set	24	static
/Users/chrrum01/STM32CubeIDE/workspace_1.9.0/IOT_HTTP_WebServer/Drivers/BSP/Components/ism330dhcx/ism330dhcx_reg.c:5788:9:ism330dhcx_tap_quiet_get	24	static
/Users/chrrum01/STM32CubeIDE/workspace_1.9.0/IOT_HTTP_WebServer/Drivers/BSP/Components/ism330dhcx/ism330dhcx_reg.c:5812:9:ism330dhcx_tap_dur_set	24	static
/Users/chrrum01/STM32CubeIDE/workspace_1.9.0/IOT_HTTP_WebServer/Drivers/BSP/Components/ism330dhcx/ism330dhcx_reg.c:5840:9:ism330dhcx_tap_dur_get	24	static
/Users/chrrum01/STM32CubeIDE/workspace_1.9.0/IOT_HTTP_WebServer/Drivers/BSP/Components/ism330dhcx/ism330dhcx_reg.c:5858:9:ism330dhcx_tap_mode_set	24	static
/Users/chrrum01/STM32CubeIDE/workspace_1.9.0/IOT_HTTP_WebServer/Drivers/BSP/Components/ism330dhcx/ism330dhcx_reg.c:5883:9:ism330dhcx_tap_mode_get	24	static
/Users/chrrum01/STM32CubeIDE/workspace_1.9.0/IOT_HTTP_WebServer/Drivers/BSP/Components/ism330dhcx/ism330dhcx_reg.c:5929:9:ism330dhcx_6d_threshold_set	24	static
/Users/chrrum01/STM32CubeIDE/workspace_1.9.0/IOT_HTTP_WebServer/Drivers/BSP/Components/ism330dhcx/ism330dhcx_reg.c:5954:9:ism330dhcx_6d_threshold_get	24	static
/Users/chrrum01/STM32CubeIDE/workspace_1.9.0/IOT_HTTP_WebServer/Drivers/BSP/Components/ism330dhcx/ism330dhcx_reg.c:5995:9:ism330dhcx_4d_mode_set	24	static
/Users/chrrum01/STM32CubeIDE/workspace_1.9.0/IOT_HTTP_WebServer/Drivers/BSP/Components/ism330dhcx/ism330dhcx_reg.c:6019:9:ism330dhcx_4d_mode_get	24	static
/Users/chrrum01/STM32CubeIDE/workspace_1.9.0/IOT_HTTP_WebServer/Drivers/BSP/Components/ism330dhcx/ism330dhcx_reg.c:6050:9:ism330dhcx_ff_threshold_set	24	static
/Users/chrrum01/STM32CubeIDE/workspace_1.9.0/IOT_HTTP_WebServer/Drivers/BSP/Components/ism330dhcx/ism330dhcx_reg.c:6075:9:ism330dhcx_ff_threshold_get	24	static
/Users/chrrum01/STM32CubeIDE/workspace_1.9.0/IOT_HTTP_WebServer/Drivers/BSP/Components/ism330dhcx/ism330dhcx_reg.c:6132:9:ism330dhcx_ff_dur_set	32	static
/Users/chrrum01/STM32CubeIDE/workspace_1.9.0/IOT_HTTP_WebServer/Drivers/BSP/Components/ism330dhcx/ism330dhcx_reg.c:6168:9:ism330dhcx_ff_dur_get	32	static
/Users/chrrum01/STM32CubeIDE/workspace_1.9.0/IOT_HTTP_WebServer/Drivers/BSP/Components/ism330dhcx/ism330dhcx_reg.c:6206:9:ism330dhcx_fifo_watermark_set	32	static
/Users/chrrum01/STM32CubeIDE/workspace_1.9.0/IOT_HTTP_WebServer/Drivers/BSP/Components/ism330dhcx/ism330dhcx_reg.c:6237:9:ism330dhcx_fifo_watermark_get	32	static
/Users/chrrum01/STM32CubeIDE/workspace_1.9.0/IOT_HTTP_WebServer/Drivers/BSP/Components/ism330dhcx/ism330dhcx_reg.c:6264:9:ism330dhcx_compression_algo_init_set	24	static
/Users/chrrum01/STM32CubeIDE/workspace_1.9.0/IOT_HTTP_WebServer/Drivers/BSP/Components/ism330dhcx/ism330dhcx_reg.c:6298:9:ism330dhcx_compression_algo_init_get	24	static
/Users/chrrum01/STM32CubeIDE/workspace_1.9.0/IOT_HTTP_WebServer/Drivers/BSP/Components/ism330dhcx/ism330dhcx_reg.c:6326:9:ism330dhcx_compression_algo_set	32	static
/Users/chrrum01/STM32CubeIDE/workspace_1.9.0/IOT_HTTP_WebServer/Drivers/BSP/Components/ism330dhcx/ism330dhcx_reg.c:6375:9:ism330dhcx_compression_algo_get	24	static
/Users/chrrum01/STM32CubeIDE/workspace_1.9.0/IOT_HTTP_WebServer/Drivers/BSP/Components/ism330dhcx/ism330dhcx_reg.c:6421:9:ism330dhcx_fifo_virtual_sens_odr_chg_set	24	static
/Users/chrrum01/STM32CubeIDE/workspace_1.9.0/IOT_HTTP_WebServer/Drivers/BSP/Components/ism330dhcx/ism330dhcx_reg.c:6446:9:ism330dhcx_fifo_virtual_sens_odr_chg_get	24	static
/Users/chrrum01/STM32CubeIDE/workspace_1.9.0/IOT_HTTP_WebServer/Drivers/BSP/Components/ism330dhcx/ism330dhcx_reg.c:6465:9:ism330dhcx_compression_algo_real_time_set	24	static
/Users/chrrum01/STM32CubeIDE/workspace_1.9.0/IOT_HTTP_WebServer/Drivers/BSP/Components/ism330dhcx/ism330dhcx_reg.c:6490:9:ism330dhcx_compression_algo_real_time_get	24	static
/Users/chrrum01/STM32CubeIDE/workspace_1.9.0/IOT_HTTP_WebServer/Drivers/BSP/Components/ism330dhcx/ism330dhcx_reg.c:6510:9:ism330dhcx_fifo_stop_on_wtm_set	24	static
/Users/chrrum01/STM32CubeIDE/workspace_1.9.0/IOT_HTTP_WebServer/Drivers/BSP/Components/ism330dhcx/ism330dhcx_reg.c:6536:9:ism330dhcx_fifo_stop_on_wtm_get	24	static
/Users/chrrum01/STM32CubeIDE/workspace_1.9.0/IOT_HTTP_WebServer/Drivers/BSP/Components/ism330dhcx/ism330dhcx_reg.c:6556:9:ism330dhcx_fifo_xl_batch_set	24	static
/Users/chrrum01/STM32CubeIDE/workspace_1.9.0/IOT_HTTP_WebServer/Drivers/BSP/Components/ism330dhcx/ism330dhcx_reg.c:6582:9:ism330dhcx_fifo_xl_batch_get	24	static
/Users/chrrum01/STM32CubeIDE/workspace_1.9.0/IOT_HTTP_WebServer/Drivers/BSP/Components/ism330dhcx/ism330dhcx_reg.c:6656:9:ism330dhcx_fifo_gy_batch_set	24	static
/Users/chrrum01/STM32CubeIDE/workspace_1.9.0/IOT_HTTP_WebServer/Drivers/BSP/Components/ism330dhcx/ism330dhcx_reg.c:6682:9:ism330dhcx_fifo_gy_batch_get	24	static
/Users/chrrum01/STM32CubeIDE/workspace_1.9.0/IOT_HTTP_WebServer/Drivers/BSP/Components/ism330dhcx/ism330dhcx_reg.c:6755:9:ism330dhcx_fifo_mode_set	24	static
/Users/chrrum01/STM32CubeIDE/workspace_1.9.0/IOT_HTTP_WebServer/Drivers/BSP/Components/ism330dhcx/ism330dhcx_reg.c:6780:9:ism330dhcx_fifo_mode_get	24	static
/Users/chrrum01/STM32CubeIDE/workspace_1.9.0/IOT_HTTP_WebServer/Drivers/BSP/Components/ism330dhcx/ism330dhcx_reg.c:6830:9:ism330dhcx_fifo_temp_batch_set	24	static
/Users/chrrum01/STM32CubeIDE/workspace_1.9.0/IOT_HTTP_WebServer/Drivers/BSP/Components/ism330dhcx/ism330dhcx_reg.c:6856:9:ism330dhcx_fifo_temp_batch_get	24	static
/Users/chrrum01/STM32CubeIDE/workspace_1.9.0/IOT_HTTP_WebServer/Drivers/BSP/Components/ism330dhcx/ism330dhcx_reg.c:6899:9:ism330dhcx_fifo_timestamp_decimation_set	24	static
/Users/chrrum01/STM32CubeIDE/workspace_1.9.0/IOT_HTTP_WebServer/Drivers/BSP/Components/ism330dhcx/ism330dhcx_reg.c:6927:9:ism330dhcx_fifo_timestamp_decimation_get	24	static
/Users/chrrum01/STM32CubeIDE/workspace_1.9.0/IOT_HTTP_WebServer/Drivers/BSP/Components/ism330dhcx/ism330dhcx_reg.c:6970:9:ism330dhcx_fifo_cnt_event_batch_set	24	static
/Users/chrrum01/STM32CubeIDE/workspace_1.9.0/IOT_HTTP_WebServer/Drivers/BSP/Components/ism330dhcx/ism330dhcx_reg.c:6997:9:ism330dhcx_fifo_cnt_event_batch_get	24	static
/Users/chrrum01/STM32CubeIDE/workspace_1.9.0/IOT_HTTP_WebServer/Drivers/BSP/Components/ism330dhcx/ism330dhcx_reg.c:7031:9:ism330dhcx_rst_batch_counter_set	24	static
/Users/chrrum01/STM32CubeIDE/workspace_1.9.0/IOT_HTTP_WebServer/Drivers/BSP/Components/ism330dhcx/ism330dhcx_reg.c:7057:9:ism330dhcx_rst_batch_counter_get	24	static
/Users/chrrum01/STM32CubeIDE/workspace_1.9.0/IOT_HTTP_WebServer/Drivers/BSP/Components/ism330dhcx/ism330dhcx_reg.c:7077:9:ism330dhcx_batch_counter_threshold_set	32	static
/Users/chrrum01/STM32CubeIDE/workspace_1.9.0/IOT_HTTP_WebServer/Drivers/BSP/Components/ism330dhcx/ism330dhcx_reg.c:7111:9:ism330dhcx_batch_counter_threshold_get	32	static
/Users/chrrum01/STM32CubeIDE/workspace_1.9.0/IOT_HTTP_WebServer/Drivers/BSP/Components/ism330dhcx/ism330dhcx_reg.c:7138:9:ism330dhcx_fifo_data_level_get	32	static
/Users/chrrum01/STM32CubeIDE/workspace_1.9.0/IOT_HTTP_WebServer/Drivers/BSP/Components/ism330dhcx/ism330dhcx_reg.c:7165:9:ism330dhcx_fifo_status_get	24	static
/Users/chrrum01/STM32CubeIDE/workspace_1.9.0/IOT_HTTP_WebServer/Drivers/BSP/Components/ism330dhcx/ism330dhcx_reg.c:7182:9:ism330dhcx_fifo_full_flag_get	24	static
/Users/chrrum01/STM32CubeIDE/workspace_1.9.0/IOT_HTTP_WebServer/Drivers/BSP/Components/ism330dhcx/ism330dhcx_reg.c:7201:9:ism330dhcx_fifo_ovr_flag_get	24	static
/Users/chrrum01/STM32CubeIDE/workspace_1.9.0/IOT_HTTP_WebServer/Drivers/BSP/Components/ism330dhcx/ism330dhcx_reg.c:7219:9:ism330dhcx_fifo_wtm_flag_get	24	static
/Users/chrrum01/STM32CubeIDE/workspace_1.9.0/IOT_HTTP_WebServer/Drivers/BSP/Components/ism330dhcx/ism330dhcx_reg.c:7237:9:ism330dhcx_fifo_sensor_tag_get	24	static
/Users/chrrum01/STM32CubeIDE/workspace_1.9.0/IOT_HTTP_WebServer/Drivers/BSP/Components/ism330dhcx/ism330dhcx_reg.c:7351:9:ism330dhcx_fifo_pedo_batch_set	24	static
/Users/chrrum01/STM32CubeIDE/workspace_1.9.0/IOT_HTTP_WebServer/Drivers/BSP/Components/ism330dhcx/ism330dhcx_reg.c:7384:9:ism330dhcx_fifo_pedo_batch_get	24	static
/Users/chrrum01/STM32CubeIDE/workspace_1.9.0/IOT_HTTP_WebServer/Drivers/BSP/Components/ism330dhcx/ism330dhcx_reg.c:7412:9:ism330dhcx_sh_batch_slave_0_set	24	static
/Users/chrrum01/STM32CubeIDE/workspace_1.9.0/IOT_HTTP_WebServer/Drivers/BSP/Components/ism330dhcx/ism330dhcx_reg.c:7446:9:ism330dhcx_sh_batch_slave_0_get	24	static
/Users/chrrum01/STM32CubeIDE/workspace_1.9.0/IOT_HTTP_WebServer/Drivers/BSP/Components/ism330dhcx/ism330dhcx_reg.c:7475:9:ism330dhcx_sh_batch_slave_1_set	24	static
/Users/chrrum01/STM32CubeIDE/workspace_1.9.0/IOT_HTTP_WebServer/Drivers/BSP/Components/ism330dhcx/ism330dhcx_reg.c:7509:9:ism330dhcx_sh_batch_slave_1_get	24	static
/Users/chrrum01/STM32CubeIDE/workspace_1.9.0/IOT_HTTP_WebServer/Drivers/BSP/Components/ism330dhcx/ism330dhcx_reg.c:7538:9:ism330dhcx_sh_batch_slave_2_set	24	static
/Users/chrrum01/STM32CubeIDE/workspace_1.9.0/IOT_HTTP_WebServer/Drivers/BSP/Components/ism330dhcx/ism330dhcx_reg.c:7572:9:ism330dhcx_sh_batch_slave_2_get	24	static
/Users/chrrum01/STM32CubeIDE/workspace_1.9.0/IOT_HTTP_WebServer/Drivers/BSP/Components/ism330dhcx/ism330dhcx_reg.c:7601:9:ism330dhcx_sh_batch_slave_3_set	24	static
/Users/chrrum01/STM32CubeIDE/workspace_1.9.0/IOT_HTTP_WebServer/Drivers/BSP/Components/ism330dhcx/ism330dhcx_reg.c:7635:9:ism330dhcx_sh_batch_slave_3_get	24	static
/Users/chrrum01/STM32CubeIDE/workspace_1.9.0/IOT_HTTP_WebServer/Drivers/BSP/Components/ism330dhcx/ism330dhcx_reg.c:7676:9:ism330dhcx_den_mode_set	24	static
/Users/chrrum01/STM32CubeIDE/workspace_1.9.0/IOT_HTTP_WebServer/Drivers/BSP/Components/ism330dhcx/ism330dhcx_reg.c:7701:9:ism330dhcx_den_mode_get	24	static
/Users/chrrum01/STM32CubeIDE/workspace_1.9.0/IOT_HTTP_WebServer/Drivers/BSP/Components/ism330dhcx/ism330dhcx_reg.c:7746:9:ism330dhcx_den_polarity_set	24	static
/Users/chrrum01/STM32CubeIDE/workspace_1.9.0/IOT_HTTP_WebServer/Drivers/BSP/Components/ism330dhcx/ism330dhcx_reg.c:7771:9:ism330dhcx_den_polarity_get	24	static
/Users/chrrum01/STM32CubeIDE/workspace_1.9.0/IOT_HTTP_WebServer/Drivers/BSP/Components/ism330dhcx/ism330dhcx_reg.c:7804:9:ism330dhcx_den_enable_set	24	static
/Users/chrrum01/STM32CubeIDE/workspace_1.9.0/IOT_HTTP_WebServer/Drivers/BSP/Components/ism330dhcx/ism330dhcx_reg.c:7829:9:ism330dhcx_den_enable_get	24	static
/Users/chrrum01/STM32CubeIDE/workspace_1.9.0/IOT_HTTP_WebServer/Drivers/BSP/Components/ism330dhcx/ism330dhcx_reg.c:7866:9:ism330dhcx_den_mark_axis_x_set	24	static
/Users/chrrum01/STM32CubeIDE/workspace_1.9.0/IOT_HTTP_WebServer/Drivers/BSP/Components/ism330dhcx/ism330dhcx_reg.c:7890:9:ism330dhcx_den_mark_axis_x_get	24	static
/Users/chrrum01/STM32CubeIDE/workspace_1.9.0/IOT_HTTP_WebServer/Drivers/BSP/Components/ism330dhcx/ism330dhcx_reg.c:7909:9:ism330dhcx_den_mark_axis_y_set	24	static
/Users/chrrum01/STM32CubeIDE/workspace_1.9.0/IOT_HTTP_WebServer/Drivers/BSP/Components/ism330dhcx/ism330dhcx_reg.c:7933:9:ism330dhcx_den_mark_axis_y_get	24	static
/Users/chrrum01/STM32CubeIDE/workspace_1.9.0/IOT_HTTP_WebServer/Drivers/BSP/Components/ism330dhcx/ism330dhcx_reg.c:7952:9:ism330dhcx_den_mark_axis_z_set	24	static
/Users/chrrum01/STM32CubeIDE/workspace_1.9.0/IOT_HTTP_WebServer/Drivers/BSP/Components/ism330dhcx/ism330dhcx_reg.c:7976:9:ism330dhcx_den_mark_axis_z_get	24	static
/Users/chrrum01/STM32CubeIDE/workspace_1.9.0/IOT_HTTP_WebServer/Drivers/BSP/Components/ism330dhcx/ism330dhcx_reg.c:8007:9:ism330dhcx_pedo_sens_set	24	static
/Users/chrrum01/STM32CubeIDE/workspace_1.9.0/IOT_HTTP_WebServer/Drivers/BSP/Components/ism330dhcx/ism330dhcx_reg.c:8039:9:ism330dhcx_pedo_sens_get	24	static
/Users/chrrum01/STM32CubeIDE/workspace_1.9.0/IOT_HTTP_WebServer/Drivers/BSP/Components/ism330dhcx/ism330dhcx_reg.c:8066:9:ism330dhcx_pedo_step_detect_get	24	static
/Users/chrrum01/STM32CubeIDE/workspace_1.9.0/IOT_HTTP_WebServer/Drivers/BSP/Components/ism330dhcx/ism330dhcx_reg.c:8094:9:ism330dhcx_pedo_debounce_steps_set	24	static
/Users/chrrum01/STM32CubeIDE/workspace_1.9.0/IOT_HTTP_WebServer/Drivers/BSP/Components/ism330dhcx/ism330dhcx_reg.c:8111:9:ism330dhcx_pedo_debounce_steps_get	24	static
/Users/chrrum01/STM32CubeIDE/workspace_1.9.0/IOT_HTTP_WebServer/Drivers/BSP/Components/ism330dhcx/ism330dhcx_reg.c:8128:9:ism330dhcx_pedo_steps_period_set	24	static
/Users/chrrum01/STM32CubeIDE/workspace_1.9.0/IOT_HTTP_WebServer/Drivers/BSP/Components/ism330dhcx/ism330dhcx_reg.c:8154:9:ism330dhcx_pedo_steps_period_get	24	static
/Users/chrrum01/STM32CubeIDE/workspace_1.9.0/IOT_HTTP_WebServer/Drivers/BSP/Components/ism330dhcx/ism330dhcx_reg.c:8181:9:ism330dhcx_pedo_int_mode_set	24	static
/Users/chrrum01/STM32CubeIDE/workspace_1.9.0/IOT_HTTP_WebServer/Drivers/BSP/Components/ism330dhcx/ism330dhcx_reg.c:8207:9:ism330dhcx_pedo_int_mode_get	24	static
/Users/chrrum01/STM32CubeIDE/workspace_1.9.0/IOT_HTTP_WebServer/Drivers/BSP/Components/ism330dhcx/ism330dhcx_reg.c:8253:9:ism330dhcx_motion_sens_set	24	static
/Users/chrrum01/STM32CubeIDE/workspace_1.9.0/IOT_HTTP_WebServer/Drivers/BSP/Components/ism330dhcx/ism330dhcx_reg.c:8285:9:ism330dhcx_motion_sens_get	24	static
/Users/chrrum01/STM32CubeIDE/workspace_1.9.0/IOT_HTTP_WebServer/Drivers/BSP/Components/ism330dhcx/ism330dhcx_reg.c:8312:9:ism330dhcx_motion_flag_data_ready_get	24	static
/Users/chrrum01/STM32CubeIDE/workspace_1.9.0/IOT_HTTP_WebServer/Drivers/BSP/Components/ism330dhcx/ism330dhcx_reg.c:8353:9:ism330dhcx_tilt_sens_set	24	static
/Users/chrrum01/STM32CubeIDE/workspace_1.9.0/IOT_HTTP_WebServer/Drivers/BSP/Components/ism330dhcx/ism330dhcx_reg.c:8385:9:ism330dhcx_tilt_sens_get	24	static
/Users/chrrum01/STM32CubeIDE/workspace_1.9.0/IOT_HTTP_WebServer/Drivers/BSP/Components/ism330dhcx/ism330dhcx_reg.c:8412:9:ism330dhcx_tilt_flag_data_ready_get	24	static
/Users/chrrum01/STM32CubeIDE/workspace_1.9.0/IOT_HTTP_WebServer/Drivers/BSP/Components/ism330dhcx/ism330dhcx_reg.c:8453:9:ism330dhcx_mag_sensitivity_set	24	static
/Users/chrrum01/STM32CubeIDE/workspace_1.9.0/IOT_HTTP_WebServer/Drivers/BSP/Components/ism330dhcx/ism330dhcx_reg.c:8479:9:ism330dhcx_mag_sensitivity_get	24	static
/Users/chrrum01/STM32CubeIDE/workspace_1.9.0/IOT_HTTP_WebServer/Drivers/BSP/Components/ism330dhcx/ism330dhcx_reg.c:8505:9:ism330dhcx_mag_offset_set	32	static
/Users/chrrum01/STM32CubeIDE/workspace_1.9.0/IOT_HTTP_WebServer/Drivers/BSP/Components/ism330dhcx/ism330dhcx_reg.c:8561:9:ism330dhcx_mag_offset_get	32	static
/Users/chrrum01/STM32CubeIDE/workspace_1.9.0/IOT_HTTP_WebServer/Drivers/BSP/Components/ism330dhcx/ism330dhcx_reg.c:8622:9:ism330dhcx_mag_soft_iron_set	40	static
/Users/chrrum01/STM32CubeIDE/workspace_1.9.0/IOT_HTTP_WebServer/Drivers/BSP/Components/ism330dhcx/ism330dhcx_reg.c:8725:9:ism330dhcx_mag_soft_iron_get	40	static
/Users/chrrum01/STM32CubeIDE/workspace_1.9.0/IOT_HTTP_WebServer/Drivers/BSP/Components/ism330dhcx/ism330dhcx_reg.c:8824:9:ism330dhcx_mag_z_orient_set	24	static
/Users/chrrum01/STM32CubeIDE/workspace_1.9.0/IOT_HTTP_WebServer/Drivers/BSP/Components/ism330dhcx/ism330dhcx_reg.c:8850:9:ism330dhcx_mag_z_orient_get	24	static
/Users/chrrum01/STM32CubeIDE/workspace_1.9.0/IOT_HTTP_WebServer/Drivers/BSP/Components/ism330dhcx/ism330dhcx_reg.c:8901:9:ism330dhcx_mag_y_orient_set	24	static
/Users/chrrum01/STM32CubeIDE/workspace_1.9.0/IOT_HTTP_WebServer/Drivers/BSP/Components/ism330dhcx/ism330dhcx_reg.c:8927:9:ism330dhcx_mag_y_orient_get	24	static
/Users/chrrum01/STM32CubeIDE/workspace_1.9.0/IOT_HTTP_WebServer/Drivers/BSP/Components/ism330dhcx/ism330dhcx_reg.c:8977:9:ism330dhcx_mag_x_orient_set	24	static
/Users/chrrum01/STM32CubeIDE/workspace_1.9.0/IOT_HTTP_WebServer/Drivers/BSP/Components/ism330dhcx/ism330dhcx_reg.c:9003:9:ism330dhcx_mag_x_orient_get	24	static
/Users/chrrum01/STM32CubeIDE/workspace_1.9.0/IOT_HTTP_WebServer/Drivers/BSP/Components/ism330dhcx/ism330dhcx_reg.c:9066:9:ism330dhcx_long_cnt_flag_data_ready_get	24	static
/Users/chrrum01/STM32CubeIDE/workspace_1.9.0/IOT_HTTP_WebServer/Drivers/BSP/Components/ism330dhcx/ism330dhcx_reg.c:9094:9:ism330dhcx_emb_fsm_en_set	24	static
/Users/chrrum01/STM32CubeIDE/workspace_1.9.0/IOT_HTTP_WebServer/Drivers/BSP/Components/ism330dhcx/ism330dhcx_reg.c:9126:9:ism330dhcx_emb_fsm_en_get	24	static
/Users/chrrum01/STM32CubeIDE/workspace_1.9.0/IOT_HTTP_WebServer/Drivers/BSP/Components/ism330dhcx/ism330dhcx_reg.c:9158:9:ism330dhcx_fsm_enable_set	24	static
/Users/chrrum01/STM32CubeIDE/workspace_1.9.0/IOT_HTTP_WebServer/Drivers/BSP/Components/ism330dhcx/ism330dhcx_reg.c:9225:9:ism330dhcx_fsm_enable_get	24	static
/Users/chrrum01/STM32CubeIDE/workspace_1.9.0/IOT_HTTP_WebServer/Drivers/BSP/Components/ism330dhcx/ism330dhcx_reg.c:9257:9:ism330dhcx_long_cnt_set	24	static
/Users/chrrum01/STM32CubeIDE/workspace_1.9.0/IOT_HTTP_WebServer/Drivers/BSP/Components/ism330dhcx/ism330dhcx_reg.c:9286:9:ism330dhcx_long_cnt_get	24	static
/Users/chrrum01/STM32CubeIDE/workspace_1.9.0/IOT_HTTP_WebServer/Drivers/BSP/Components/ism330dhcx/ism330dhcx_reg.c:9315:9:ism330dhcx_long_clr_set	24	static
/Users/chrrum01/STM32CubeIDE/workspace_1.9.0/IOT_HTTP_WebServer/Drivers/BSP/Components/ism330dhcx/ism330dhcx_reg.c:9348:9:ism330dhcx_long_clr_get	24	static
/Users/chrrum01/STM32CubeIDE/workspace_1.9.0/IOT_HTTP_WebServer/Drivers/BSP/Components/ism330dhcx/ism330dhcx_reg.c:9393:9:ism330dhcx_fsm_out_get	24	static
/Users/chrrum01/STM32CubeIDE/workspace_1.9.0/IOT_HTTP_WebServer/Drivers/BSP/Components/ism330dhcx/ism330dhcx_reg.c:9419:9:ism330dhcx_fsm_data_rate_set	24	static
/Users/chrrum01/STM32CubeIDE/workspace_1.9.0/IOT_HTTP_WebServer/Drivers/BSP/Components/ism330dhcx/ism330dhcx_reg.c:9454:9:ism330dhcx_fsm_data_rate_get	24	static
/Users/chrrum01/STM32CubeIDE/workspace_1.9.0/IOT_HTTP_WebServer/Drivers/BSP/Components/ism330dhcx/ism330dhcx_reg.c:9503:9:ism330dhcx_fsm_init_set	24	static
/Users/chrrum01/STM32CubeIDE/workspace_1.9.0/IOT_HTTP_WebServer/Drivers/BSP/Components/ism330dhcx/ism330dhcx_reg.c:9535:9:ism330dhcx_fsm_init_get	24	static
/Users/chrrum01/STM32CubeIDE/workspace_1.9.0/IOT_HTTP_WebServer/Drivers/BSP/Components/ism330dhcx/ism330dhcx_reg.c:9565:9:ism330dhcx_long_cnt_int_value_set	24	static
/Users/chrrum01/STM32CubeIDE/workspace_1.9.0/IOT_HTTP_WebServer/Drivers/BSP/Components/ism330dhcx/ism330dhcx_reg.c:9597:9:ism330dhcx_long_cnt_int_value_get	24	static
/Users/chrrum01/STM32CubeIDE/workspace_1.9.0/IOT_HTTP_WebServer/Drivers/BSP/Components/ism330dhcx/ism330dhcx_reg.c:9626:9:ism330dhcx_fsm_number_of_programs_set	24	static
/Users/chrrum01/STM32CubeIDE/workspace_1.9.0/IOT_HTTP_WebServer/Drivers/BSP/Components/ism330dhcx/ism330dhcx_reg.c:9649:9:ism330dhcx_fsm_number_of_programs_get	24	static
/Users/chrrum01/STM32CubeIDE/workspace_1.9.0/IOT_HTTP_WebServer/Drivers/BSP/Components/ism330dhcx/ism330dhcx_reg.c:9666:9:ism330dhcx_fsm_start_address_set	24	static
/Users/chrrum01/STM32CubeIDE/workspace_1.9.0/IOT_HTTP_WebServer/Drivers/BSP/Components/ism330dhcx/ism330dhcx_reg.c:9696:9:ism330dhcx_fsm_start_address_get	24	static
/Users/chrrum01/STM32CubeIDE/workspace_1.9.0/IOT_HTTP_WebServer/Drivers/BSP/Components/ism330dhcx/ism330dhcx_reg.c:9739:9:ism330dhcx_mlc_set	24	static
/Users/chrrum01/STM32CubeIDE/workspace_1.9.0/IOT_HTTP_WebServer/Drivers/BSP/Components/ism330dhcx/ism330dhcx_reg.c:9782:9:ism330dhcx_mlc_get	24	static
/Users/chrrum01/STM32CubeIDE/workspace_1.9.0/IOT_HTTP_WebServer/Drivers/BSP/Components/ism330dhcx/ism330dhcx_reg.c:9808:9:ism330dhcx_mlc_status_get	16	static
/Users/chrrum01/STM32CubeIDE/workspace_1.9.0/IOT_HTTP_WebServer/Drivers/BSP/Components/ism330dhcx/ism330dhcx_reg.c:9823:9:ism330dhcx_mlc_data_rate_set	24	static
/Users/chrrum01/STM32CubeIDE/workspace_1.9.0/IOT_HTTP_WebServer/Drivers/BSP/Components/ism330dhcx/ism330dhcx_reg.c:9856:9:ism330dhcx_mlc_data_rate_get	24	static
/Users/chrrum01/STM32CubeIDE/workspace_1.9.0/IOT_HTTP_WebServer/Drivers/BSP/Components/ism330dhcx/ism330dhcx_reg.c:9918:9:ism330dhcx_sh_read_data_raw_get	32	static
/Users/chrrum01/STM32CubeIDE/workspace_1.9.0/IOT_HTTP_WebServer/Drivers/BSP/Components/ism330dhcx/ism330dhcx_reg.c:9945:9:ism330dhcx_sh_slave_connected_set	24	static
/Users/chrrum01/STM32CubeIDE/workspace_1.9.0/IOT_HTTP_WebServer/Drivers/BSP/Components/ism330dhcx/ism330dhcx_reg.c:9978:9:ism330dhcx_sh_slave_connected_get	24	static
/Users/chrrum01/STM32CubeIDE/workspace_1.9.0/IOT_HTTP_WebServer/Drivers/BSP/Components/ism330dhcx/ism330dhcx_reg.c:10027:9:ism330dhcx_sh_master_set	24	static
/Users/chrrum01/STM32CubeIDE/workspace_1.9.0/IOT_HTTP_WebServer/Drivers/BSP/Components/ism330dhcx/ism330dhcx_reg.c:10059:9:ism330dhcx_sh_master_get	24	static
/Users/chrrum01/STM32CubeIDE/workspace_1.9.0/IOT_HTTP_WebServer/Drivers/BSP/Components/ism330dhcx/ism330dhcx_reg.c:10086:9:ism330dhcx_sh_pin_mode_set	24	static
/Users/chrrum01/STM32CubeIDE/workspace_1.9.0/IOT_HTTP_WebServer/Drivers/BSP/Components/ism330dhcx/ism330dhcx_reg.c:10119:9:ism330dhcx_sh_pin_mode_get	24	static
/Users/chrrum01/STM32CubeIDE/workspace_1.9.0/IOT_HTTP_WebServer/Drivers/BSP/Components/ism330dhcx/ism330dhcx_reg.c:10160:9:ism330dhcx_sh_pass_through_set	24	static
/Users/chrrum01/STM32CubeIDE/workspace_1.9.0/IOT_HTTP_WebServer/Drivers/BSP/Components/ism330dhcx/ism330dhcx_reg.c:10192:9:ism330dhcx_sh_pass_through_get	24	static
/Users/chrrum01/STM32CubeIDE/workspace_1.9.0/IOT_HTTP_WebServer/Drivers/BSP/Components/ism330dhcx/ism330dhcx_reg.c:10220:9:ism330dhcx_sh_syncro_mode_set	24	static
/Users/chrrum01/STM32CubeIDE/workspace_1.9.0/IOT_HTTP_WebServer/Drivers/BSP/Components/ism330dhcx/ism330dhcx_reg.c:10253:9:ism330dhcx_sh_syncro_mode_get	24	static
/Users/chrrum01/STM32CubeIDE/workspace_1.9.0/IOT_HTTP_WebServer/Drivers/BSP/Components/ism330dhcx/ism330dhcx_reg.c:10295:9:ism330dhcx_sh_write_mode_set	24	static
/Users/chrrum01/STM32CubeIDE/workspace_1.9.0/IOT_HTTP_WebServer/Drivers/BSP/Components/ism330dhcx/ism330dhcx_reg.c:10329:9:ism330dhcx_sh_write_mode_get	24	static
/Users/chrrum01/STM32CubeIDE/workspace_1.9.0/IOT_HTTP_WebServer/Drivers/BSP/Components/ism330dhcx/ism330dhcx_reg.c:10369:9:ism330dhcx_sh_reset_set	24	static
/Users/chrrum01/STM32CubeIDE/workspace_1.9.0/IOT_HTTP_WebServer/Drivers/BSP/Components/ism330dhcx/ism330dhcx_reg.c:10407:9:ism330dhcx_sh_reset_get	24	static
/Users/chrrum01/STM32CubeIDE/workspace_1.9.0/IOT_HTTP_WebServer/Drivers/BSP/Components/ism330dhcx/ism330dhcx_reg.c:10434:9:ism330dhcx_sh_data_rate_set	24	static
/Users/chrrum01/STM32CubeIDE/workspace_1.9.0/IOT_HTTP_WebServer/Drivers/BSP/Components/ism330dhcx/ism330dhcx_reg.c:10467:9:ism330dhcx_sh_data_rate_get	24	static
/Users/chrrum01/STM32CubeIDE/workspace_1.9.0/IOT_HTTP_WebServer/Drivers/BSP/Components/ism330dhcx/ism330dhcx_reg.c:10519:9:ism330dhcx_sh_cfg_write	24	static
/Users/chrrum01/STM32CubeIDE/workspace_1.9.0/IOT_HTTP_WebServer/Drivers/BSP/Components/ism330dhcx/ism330dhcx_reg.c:10561:9:ism330dhcx_sh_slv0_cfg_read	32	static
/Users/chrrum01/STM32CubeIDE/workspace_1.9.0/IOT_HTTP_WebServer/Drivers/BSP/Components/ism330dhcx/ism330dhcx_reg.c:10610:9:ism330dhcx_sh_slv1_cfg_read	32	static
/Users/chrrum01/STM32CubeIDE/workspace_1.9.0/IOT_HTTP_WebServer/Drivers/BSP/Components/ism330dhcx/ism330dhcx_reg.c:10659:9:ism330dhcx_sh_slv2_cfg_read	32	static
/Users/chrrum01/STM32CubeIDE/workspace_1.9.0/IOT_HTTP_WebServer/Drivers/BSP/Components/ism330dhcx/ism330dhcx_reg.c:10708:9:ism330dhcx_sh_slv3_cfg_read	32	static
/Users/chrrum01/STM32CubeIDE/workspace_1.9.0/IOT_HTTP_WebServer/Drivers/BSP/Components/ism330dhcx/ism330dhcx_reg.c:10754:9:ism330dhcx_sh_status_get	24	static
