/Users/chrrum01/STM32CubeIDE/workspace_1.9.0/IOT_HTTP_WebServer/Core/Src/stm32u5xx_it.c:39:6:NMI_Handler	4	static
/Users/chrrum01/STM32CubeIDE/workspace_1.9.0/IOT_HTTP_WebServer/Core/Src/stm32u5xx_it.c:49:6:HardFault_Handler	4	static
/Users/chrrum01/STM32CubeIDE/workspace_1.9.0/IOT_HTTP_WebServer/Core/Src/stm32u5xx_it.c:59:6:MemManage_Handler	4	static
/Users/chrrum01/STM32CubeIDE/workspace_1.9.0/IOT_HTTP_WebServer/Core/Src/stm32u5xx_it.c:69:6:BusFault_Handler	4	static
/Users/chrrum01/STM32CubeIDE/workspace_1.9.0/IOT_HTTP_WebServer/Core/Src/stm32u5xx_it.c:79:6:UsageFault_Handler	4	static
/Users/chrrum01/STM32CubeIDE/workspace_1.9.0/IOT_HTTP_WebServer/Core/Src/stm32u5xx_it.c:89:6:SecureFault_Handler	4	static
/Users/chrrum01/STM32CubeIDE/workspace_1.9.0/IOT_HTTP_WebServer/Core/Src/stm32u5xx_it.c:99:6:SVC_Handler	4	static
/Users/chrrum01/STM32CubeIDE/workspace_1.9.0/IOT_HTTP_WebServer/Core/Src/stm32u5xx_it.c:106:6:DebugMon_Handler	4	static
/Users/chrrum01/STM32CubeIDE/workspace_1.9.0/IOT_HTTP_WebServer/Core/Src/stm32u5xx_it.c:113:6:PendSV_Handler	4	static
/Users/chrrum01/STM32CubeIDE/workspace_1.9.0/IOT_HTTP_WebServer/Core/Src/stm32u5xx_it.c:120:6:SysTick_Handler	8	static
/Users/chrrum01/STM32CubeIDE/workspace_1.9.0/IOT_HTTP_WebServer/Core/Src/stm32u5xx_it.c:135:6:SPI2_IRQHandler	8	static
/Users/chrrum01/STM32CubeIDE/workspace_1.9.0/IOT_HTTP_WebServer/Core/Src/stm32u5xx_it.c:143:6:EXTI14_IRQHandler	8	static
/Users/chrrum01/STM32CubeIDE/workspace_1.9.0/IOT_HTTP_WebServer/Core/Src/stm32u5xx_it.c:151:6:EXTI15_IRQHandler	8	static
/Users/chrrum01/STM32CubeIDE/workspace_1.9.0/IOT_HTTP_WebServer/Core/Src/stm32u5xx_it.c:159:6:GPDMA1_Channel4_IRQHandler	8	static
/Users/chrrum01/STM32CubeIDE/workspace_1.9.0/IOT_HTTP_WebServer/Core/Src/stm32u5xx_it.c:167:6:GPDMA1_Channel5_IRQHandler	8	static
/Users/chrrum01/STM32CubeIDE/workspace_1.9.0/IOT_HTTP_WebServer/Core/Src/stm32u5xx_it.c:175:6:LPTIM1_IRQHandler	8	static
