/Users/chrrum01/STM32CubeIDE/workspace_1.9.0/IOT_HTTP_WebServer/Drivers/BSP/Components/ism330dhcx/ism330dhcx.c:100:9:ISM330DHCX_RegisterBusIO	24	static
/Users/chrrum01/STM32CubeIDE/workspace_1.9.0/IOT_HTTP_WebServer/Drivers/BSP/Components/ism330dhcx/ism330dhcx.c:157:9:ISM330DHCX_Init	16	static
/Users/chrrum01/STM32CubeIDE/workspace_1.9.0/IOT_HTTP_WebServer/Drivers/BSP/Components/ism330dhcx/ism330dhcx.c:237:9:ISM330DHCX_DeInit	16	static
/Users/chrrum01/STM32CubeIDE/workspace_1.9.0/IOT_HTTP_WebServer/Drivers/BSP/Components/ism330dhcx/ism330dhcx.c:265:9:ISM330DHCX_ReadID	16	static
/Users/chrrum01/STM32CubeIDE/workspace_1.9.0/IOT_HTTP_WebServer/Drivers/BSP/Components/ism330dhcx/ism330dhcx.c:281:9:ISM330DHCX_GetCapabilities	16	static
/Users/chrrum01/STM32CubeIDE/workspace_1.9.0/IOT_HTTP_WebServer/Drivers/BSP/Components/ism330dhcx/ism330dhcx.c:304:9:ISM330DHCX_ACC_Enable	16	static
/Users/chrrum01/STM32CubeIDE/workspace_1.9.0/IOT_HTTP_WebServer/Drivers/BSP/Components/ism330dhcx/ism330dhcx.c:328:9:ISM330DHCX_ACC_Disable	16	static
/Users/chrrum01/STM32CubeIDE/workspace_1.9.0/IOT_HTTP_WebServer/Drivers/BSP/Components/ism330dhcx/ism330dhcx.c:359:9:ISM330DHCX_ACC_GetSensitivity	24	static
/Users/chrrum01/STM32CubeIDE/workspace_1.9.0/IOT_HTTP_WebServer/Drivers/BSP/Components/ism330dhcx/ism330dhcx.c:403:9:ISM330DHCX_ACC_GetOutputDataRate	24	static
/Users/chrrum01/STM32CubeIDE/workspace_1.9.0/IOT_HTTP_WebServer/Drivers/BSP/Components/ism330dhcx/ism330dhcx.c:474:9:ISM330DHCX_ACC_SetOutputDataRate	16	static
/Users/chrrum01/STM32CubeIDE/workspace_1.9.0/IOT_HTTP_WebServer/Drivers/BSP/Components/ism330dhcx/ism330dhcx.c:493:9:ISM330DHCX_ACC_GetFullScale	24	static
/Users/chrrum01/STM32CubeIDE/workspace_1.9.0/IOT_HTTP_WebServer/Drivers/BSP/Components/ism330dhcx/ism330dhcx.c:536:9:ISM330DHCX_ACC_SetFullScale	24	static
/Users/chrrum01/STM32CubeIDE/workspace_1.9.0/IOT_HTTP_WebServer/Drivers/BSP/Components/ism330dhcx/ism330dhcx.c:561:9:ISM330DHCX_ACC_GetAxesRaw	24	static
/Users/chrrum01/STM32CubeIDE/workspace_1.9.0/IOT_HTTP_WebServer/Drivers/BSP/Components/ism330dhcx/ism330dhcx.c:585:9:ISM330DHCX_ACC_GetAxes	32	static
/Users/chrrum01/STM32CubeIDE/workspace_1.9.0/IOT_HTTP_WebServer/Drivers/BSP/Components/ism330dhcx/ism330dhcx.c:615:9:ISM330DHCX_GYRO_Enable	16	static
/Users/chrrum01/STM32CubeIDE/workspace_1.9.0/IOT_HTTP_WebServer/Drivers/BSP/Components/ism330dhcx/ism330dhcx.c:639:9:ISM330DHCX_GYRO_Disable	16	static
/Users/chrrum01/STM32CubeIDE/workspace_1.9.0/IOT_HTTP_WebServer/Drivers/BSP/Components/ism330dhcx/ism330dhcx.c:670:9:ISM330DHCX_GYRO_GetSensitivity	24	static
/Users/chrrum01/STM32CubeIDE/workspace_1.9.0/IOT_HTTP_WebServer/Drivers/BSP/Components/ism330dhcx/ism330dhcx.c:718:9:ISM330DHCX_GYRO_GetOutputDataRate	24	static
/Users/chrrum01/STM32CubeIDE/workspace_1.9.0/IOT_HTTP_WebServer/Drivers/BSP/Components/ism330dhcx/ism330dhcx.c:789:9:ISM330DHCX_GYRO_SetOutputDataRate	16	static
/Users/chrrum01/STM32CubeIDE/workspace_1.9.0/IOT_HTTP_WebServer/Drivers/BSP/Components/ism330dhcx/ism330dhcx.c:808:9:ISM330DHCX_GYRO_GetFullScale	24	static
/Users/chrrum01/STM32CubeIDE/workspace_1.9.0/IOT_HTTP_WebServer/Drivers/BSP/Components/ism330dhcx/ism330dhcx.c:855:9:ISM330DHCX_GYRO_SetFullScale	24	static
/Users/chrrum01/STM32CubeIDE/workspace_1.9.0/IOT_HTTP_WebServer/Drivers/BSP/Components/ism330dhcx/ism330dhcx.c:879:9:ISM330DHCX_GYRO_GetAxesRaw	24	static
/Users/chrrum01/STM32CubeIDE/workspace_1.9.0/IOT_HTTP_WebServer/Drivers/BSP/Components/ism330dhcx/ism330dhcx.c:903:9:ISM330DHCX_GYRO_GetAxes	32	static
/Users/chrrum01/STM32CubeIDE/workspace_1.9.0/IOT_HTTP_WebServer/Drivers/BSP/Components/ism330dhcx/ism330dhcx.c:935:9:ISM330DHCX_Read_Reg	24	static
/Users/chrrum01/STM32CubeIDE/workspace_1.9.0/IOT_HTTP_WebServer/Drivers/BSP/Components/ism330dhcx/ism330dhcx.c:952:9:ISM330DHCX_Write_Reg	16	static
/Users/chrrum01/STM32CubeIDE/workspace_1.9.0/IOT_HTTP_WebServer/Drivers/BSP/Components/ism330dhcx/ism330dhcx.c:968:9:ISM330DHCX_Set_Interrupt_Latch	16	static
/Users/chrrum01/STM32CubeIDE/workspace_1.9.0/IOT_HTTP_WebServer/Drivers/BSP/Components/ism330dhcx/ism330dhcx.c:989:9:ISM330DHCX_Set_INT1_Drdy	24	static
/Users/chrrum01/STM32CubeIDE/workspace_1.9.0/IOT_HTTP_WebServer/Drivers/BSP/Components/ism330dhcx/ism330dhcx.c:1014:9:ISM330DHCX_Set_Drdy_Mode	16	static
/Users/chrrum01/STM32CubeIDE/workspace_1.9.0/IOT_HTTP_WebServer/Drivers/BSP/Components/ism330dhcx/ism330dhcx.c:1029:9:ISM330DHCX_ACC_Enable_Free_Fall_Detection	40	static
/Users/chrrum01/STM32CubeIDE/workspace_1.9.0/IOT_HTTP_WebServer/Drivers/BSP/Components/ism330dhcx/ism330dhcx.c:1115:9:ISM330DHCX_ACC_Disable_Free_Fall_Detection	32	static
/Users/chrrum01/STM32CubeIDE/workspace_1.9.0/IOT_HTTP_WebServer/Drivers/BSP/Components/ism330dhcx/ism330dhcx.c:1166:9:ISM330DHCX_ACC_Set_Free_Fall_Threshold	16	static
/Users/chrrum01/STM32CubeIDE/workspace_1.9.0/IOT_HTTP_WebServer/Drivers/BSP/Components/ism330dhcx/ism330dhcx.c:1182:9:ISM330DHCX_ACC_Set_Free_Fall_Duration	16	static
/Users/chrrum01/STM32CubeIDE/workspace_1.9.0/IOT_HTTP_WebServer/Drivers/BSP/Components/ism330dhcx/ism330dhcx.c:1198:9:ISM330DHCX_ACC_Enable_Wake_Up_Detection	40	static
/Users/chrrum01/STM32CubeIDE/workspace_1.9.0/IOT_HTTP_WebServer/Drivers/BSP/Components/ism330dhcx/ism330dhcx.c:1272:9:ISM330DHCX_ACC_Disable_Wake_Up_Detection	32	static
/Users/chrrum01/STM32CubeIDE/workspace_1.9.0/IOT_HTTP_WebServer/Drivers/BSP/Components/ism330dhcx/ism330dhcx.c:1323:9:ISM330DHCX_ACC_Set_Wake_Up_Threshold	16	static
/Users/chrrum01/STM32CubeIDE/workspace_1.9.0/IOT_HTTP_WebServer/Drivers/BSP/Components/ism330dhcx/ism330dhcx.c:1340:9:ISM330DHCX_ACC_Set_Wake_Up_Duration	16	static
/Users/chrrum01/STM32CubeIDE/workspace_1.9.0/IOT_HTTP_WebServer/Drivers/BSP/Components/ism330dhcx/ism330dhcx.c:1357:9:ISM330DHCX_ACC_Enable_Single_Tap_Detection	40	static
/Users/chrrum01/STM32CubeIDE/workspace_1.9.0/IOT_HTTP_WebServer/Drivers/BSP/Components/ism330dhcx/ism330dhcx.c:1459:9:ISM330DHCX_ACC_Disable_Single_Tap_Detection	32	static
/Users/chrrum01/STM32CubeIDE/workspace_1.9.0/IOT_HTTP_WebServer/Drivers/BSP/Components/ism330dhcx/ism330dhcx.c:1534:9:ISM330DHCX_ACC_Enable_Double_Tap_Detection	40	static
/Users/chrrum01/STM32CubeIDE/workspace_1.9.0/IOT_HTTP_WebServer/Drivers/BSP/Components/ism330dhcx/ism330dhcx.c:1644:9:ISM330DHCX_ACC_Disable_Double_Tap_Detection	32	static
/Users/chrrum01/STM32CubeIDE/workspace_1.9.0/IOT_HTTP_WebServer/Drivers/BSP/Components/ism330dhcx/ism330dhcx.c:1731:9:ISM330DHCX_ACC_Set_Tap_Threshold	16	static
/Users/chrrum01/STM32CubeIDE/workspace_1.9.0/IOT_HTTP_WebServer/Drivers/BSP/Components/ism330dhcx/ism330dhcx.c:1748:9:ISM330DHCX_ACC_Set_Tap_Shock_Time	16	static
/Users/chrrum01/STM32CubeIDE/workspace_1.9.0/IOT_HTTP_WebServer/Drivers/BSP/Components/ism330dhcx/ism330dhcx.c:1765:9:ISM330DHCX_ACC_Set_Tap_Quiet_Time	16	static
/Users/chrrum01/STM32CubeIDE/workspace_1.9.0/IOT_HTTP_WebServer/Drivers/BSP/Components/ism330dhcx/ism330dhcx.c:1782:9:ISM330DHCX_ACC_Set_Tap_Duration_Time	16	static
/Users/chrrum01/STM32CubeIDE/workspace_1.9.0/IOT_HTTP_WebServer/Drivers/BSP/Components/ism330dhcx/ism330dhcx.c:1799:9:ISM330DHCX_ACC_Enable_6D_Orientation	40	static
/Users/chrrum01/STM32CubeIDE/workspace_1.9.0/IOT_HTTP_WebServer/Drivers/BSP/Components/ism330dhcx/ism330dhcx.c:1867:9:ISM330DHCX_ACC_Disable_6D_Orientation	32	static
/Users/chrrum01/STM32CubeIDE/workspace_1.9.0/IOT_HTTP_WebServer/Drivers/BSP/Components/ism330dhcx/ism330dhcx.c:1912:9:ISM330DHCX_ACC_Set_6D_Orientation_Threshold	16	static
/Users/chrrum01/STM32CubeIDE/workspace_1.9.0/IOT_HTTP_WebServer/Drivers/BSP/Components/ism330dhcx/ism330dhcx.c:1928:9:ISM330DHCX_ACC_Get_6D_Orientation_XL	24	static
/Users/chrrum01/STM32CubeIDE/workspace_1.9.0/IOT_HTTP_WebServer/Drivers/BSP/Components/ism330dhcx/ism330dhcx.c:1948:9:ISM330DHCX_ACC_Get_6D_Orientation_XH	24	static
/Users/chrrum01/STM32CubeIDE/workspace_1.9.0/IOT_HTTP_WebServer/Drivers/BSP/Components/ism330dhcx/ism330dhcx.c:1968:9:ISM330DHCX_ACC_Get_6D_Orientation_YL	24	static
/Users/chrrum01/STM32CubeIDE/workspace_1.9.0/IOT_HTTP_WebServer/Drivers/BSP/Components/ism330dhcx/ism330dhcx.c:1988:9:ISM330DHCX_ACC_Get_6D_Orientation_YH	24	static
/Users/chrrum01/STM32CubeIDE/workspace_1.9.0/IOT_HTTP_WebServer/Drivers/BSP/Components/ism330dhcx/ism330dhcx.c:2008:9:ISM330DHCX_ACC_Get_6D_Orientation_ZL	24	static
/Users/chrrum01/STM32CubeIDE/workspace_1.9.0/IOT_HTTP_WebServer/Drivers/BSP/Components/ism330dhcx/ism330dhcx.c:2028:9:ISM330DHCX_ACC_Get_6D_Orientation_ZH	24	static
/Users/chrrum01/STM32CubeIDE/workspace_1.9.0/IOT_HTTP_WebServer/Drivers/BSP/Components/ism330dhcx/ism330dhcx.c:2048:9:ISM330DHCX_ACC_Get_Event_Status	40	static
/Users/chrrum01/STM32CubeIDE/workspace_1.9.0/IOT_HTTP_WebServer/Drivers/BSP/Components/ism330dhcx/ism330dhcx.c:2138:9:ISM330DHCX_ACC_Set_SelfTest	24	static
/Users/chrrum01/STM32CubeIDE/workspace_1.9.0/IOT_HTTP_WebServer/Drivers/BSP/Components/ism330dhcx/ism330dhcx.c:2161:9:ISM330DHCX_ACC_Get_DRDY_Status	16	static
/Users/chrrum01/STM32CubeIDE/workspace_1.9.0/IOT_HTTP_WebServer/Drivers/BSP/Components/ism330dhcx/ism330dhcx.c:2177:9:ISM330DHCX_ACC_Get_Init_Status	16	static
/Users/chrrum01/STM32CubeIDE/workspace_1.9.0/IOT_HTTP_WebServer/Drivers/BSP/Components/ism330dhcx/ism330dhcx.c:2195:9:ISM330DHCX_ACC_Enable_HP_Filter	16	static
/Users/chrrum01/STM32CubeIDE/workspace_1.9.0/IOT_HTTP_WebServer/Drivers/BSP/Components/ism330dhcx/ism330dhcx.c:2210:9:ISM330DHCX_GYRO_Set_SelfTest	24	static
/Users/chrrum01/STM32CubeIDE/workspace_1.9.0/IOT_HTTP_WebServer/Drivers/BSP/Components/ism330dhcx/ism330dhcx.c:2234:9:ISM330DHCX_GYRO_Get_DRDY_Status	16	static
/Users/chrrum01/STM32CubeIDE/workspace_1.9.0/IOT_HTTP_WebServer/Drivers/BSP/Components/ism330dhcx/ism330dhcx.c:2250:9:ISM330DHCX_GYRO_Get_Init_Status	16	static
/Users/chrrum01/STM32CubeIDE/workspace_1.9.0/IOT_HTTP_WebServer/Drivers/BSP/Components/ism330dhcx/ism330dhcx.c:2268:9:ISM330DHCX_FIFO_Get_Num_Samples	16	static
/Users/chrrum01/STM32CubeIDE/workspace_1.9.0/IOT_HTTP_WebServer/Drivers/BSP/Components/ism330dhcx/ism330dhcx.c:2284:9:ISM330DHCX_FIFO_Get_Full_Status	24	static
/Users/chrrum01/STM32CubeIDE/workspace_1.9.0/IOT_HTTP_WebServer/Drivers/BSP/Components/ism330dhcx/ism330dhcx.c:2304:9:ISM330DHCX_FIFO_ACC_Set_BDR	24	static
/Users/chrrum01/STM32CubeIDE/workspace_1.9.0/IOT_HTTP_WebServer/Drivers/BSP/Components/ism330dhcx/ism330dhcx.c:2333:9:ISM330DHCX_FIFO_GYRO_Set_BDR	24	static
/Users/chrrum01/STM32CubeIDE/workspace_1.9.0/IOT_HTTP_WebServer/Drivers/BSP/Components/ism330dhcx/ism330dhcx.c:2362:9:ISM330DHCX_FIFO_Set_INT1_FIFO_Full	24	static
/Users/chrrum01/STM32CubeIDE/workspace_1.9.0/IOT_HTTP_WebServer/Drivers/BSP/Components/ism330dhcx/ism330dhcx.c:2387:9:ISM330DHCX_FIFO_Set_INT2_FIFO_Full	24	static
/Users/chrrum01/STM32CubeIDE/workspace_1.9.0/IOT_HTTP_WebServer/Drivers/BSP/Components/ism330dhcx/ism330dhcx.c:2412:9:ISM330DHCX_FIFO_Set_Watermark_Level	16	static
/Users/chrrum01/STM32CubeIDE/workspace_1.9.0/IOT_HTTP_WebServer/Drivers/BSP/Components/ism330dhcx/ism330dhcx.c:2428:9:ISM330DHCX_FIFO_Set_Stop_On_Fth	16	static
/Users/chrrum01/STM32CubeIDE/workspace_1.9.0/IOT_HTTP_WebServer/Drivers/BSP/Components/ism330dhcx/ism330dhcx.c:2444:9:ISM330DHCX_FIFO_Set_Mode	24	static
/Users/chrrum01/STM32CubeIDE/workspace_1.9.0/IOT_HTTP_WebServer/Drivers/BSP/Components/ism330dhcx/ism330dhcx.c:2482:9:ISM330DHCX_FIFO_Get_Tag	24	static
/Users/chrrum01/STM32CubeIDE/workspace_1.9.0/IOT_HTTP_WebServer/Drivers/BSP/Components/ism330dhcx/ism330dhcx.c:2502:9:ISM330DHCX_FIFO_Get_Data	16	static
/Users/chrrum01/STM32CubeIDE/workspace_1.9.0/IOT_HTTP_WebServer/Drivers/BSP/Components/ism330dhcx/ism330dhcx.c:2518:9:ISM330DHCX_FIFO_ACC_Get_Axes	48	static
/Users/chrrum01/STM32CubeIDE/workspace_1.9.0/IOT_HTTP_WebServer/Drivers/BSP/Components/ism330dhcx/ism330dhcx.c:2556:9:ISM330DHCX_FIFO_GYRO_Get_Axes	48	static
/Users/chrrum01/STM32CubeIDE/workspace_1.9.0/IOT_HTTP_WebServer/Drivers/BSP/Components/ism330dhcx/ism330dhcx.c:2594:9:ISM330DHCX_FIFO_Full_Set_INT1	24	static
/Users/chrrum01/STM32CubeIDE/workspace_1.9.0/IOT_HTTP_WebServer/Drivers/BSP/Components/ism330dhcx/ism330dhcx.c:2619:9:ISM330DHCX_FIFO_ACC_Get_Axis	48	static
/Users/chrrum01/STM32CubeIDE/workspace_1.9.0/IOT_HTTP_WebServer/Drivers/BSP/Components/ism330dhcx/ism330dhcx.c:2657:9:ISM330DHCX_FIFO_Get_Data_Word	24	static
/Users/chrrum01/STM32CubeIDE/workspace_1.9.0/IOT_HTTP_WebServer/Drivers/BSP/Components/ism330dhcx/ism330dhcx.c:2679:9:ISM330DHCX_FIFO_GYRO_Get_Axis	48	static
/Users/chrrum01/STM32CubeIDE/workspace_1.9.0/IOT_HTTP_WebServer/Drivers/BSP/Components/ism330dhcx/ism330dhcx.c:2716:9:ISM330DHCX_ACC_Enable_DRDY_On_INT1	24	static
/Users/chrrum01/STM32CubeIDE/workspace_1.9.0/IOT_HTTP_WebServer/Drivers/BSP/Components/ism330dhcx/ism330dhcx.c:2742:9:ISM330DHCX_ACC_Disable_DRDY_On_INT1	24	static
/Users/chrrum01/STM32CubeIDE/workspace_1.9.0/IOT_HTTP_WebServer/Drivers/BSP/Components/ism330dhcx/ism330dhcx.c:2767:9:ISM330DHCX_GYRO_Enable_DRDY_On_INT2	24	static
/Users/chrrum01/STM32CubeIDE/workspace_1.9.0/IOT_HTTP_WebServer/Drivers/BSP/Components/ism330dhcx/ism330dhcx.c:2793:9:ISM330DHCX_GYRO_Disable_DRDY_On_INT2	24	static
/Users/chrrum01/STM32CubeIDE/workspace_1.9.0/IOT_HTTP_WebServer/Drivers/BSP/Components/ism330dhcx/ism330dhcx.c:2819:9:ISM330DHCX_DRDY_Set_Mode	16	static
/Users/chrrum01/STM32CubeIDE/workspace_1.9.0/IOT_HTTP_WebServer/Drivers/BSP/Components/ism330dhcx/ism330dhcx.c:2844:16:ISM330DHCX_ACC_SetOutputDataRate_When_Enabled	24	static
/Users/chrrum01/STM32CubeIDE/workspace_1.9.0/IOT_HTTP_WebServer/Drivers/BSP/Components/ism330dhcx/ism330dhcx.c:2874:16:ISM330DHCX_ACC_SetOutputDataRate_When_Disabled	16	static
/Users/chrrum01/STM32CubeIDE/workspace_1.9.0/IOT_HTTP_WebServer/Drivers/BSP/Components/ism330dhcx/ism330dhcx.c:2896:16:ISM330DHCX_GYRO_SetOutputDataRate_When_Enabled	24	static
/Users/chrrum01/STM32CubeIDE/workspace_1.9.0/IOT_HTTP_WebServer/Drivers/BSP/Components/ism330dhcx/ism330dhcx.c:2926:16:ISM330DHCX_GYRO_SetOutputDataRate_When_Disabled	16	static
/Users/chrrum01/STM32CubeIDE/workspace_1.9.0/IOT_HTTP_WebServer/Drivers/BSP/Components/ism330dhcx/ism330dhcx.c:2948:9:ISM330DHCX_FIFO_Set_INT2_Drdy	24	static
/Users/chrrum01/STM32CubeIDE/workspace_1.9.0/IOT_HTTP_WebServer/Drivers/BSP/Components/ism330dhcx/ism330dhcx.c:2973:9:ISM330DHCX_Set_INT2_Drdy	24	static
/Users/chrrum01/STM32CubeIDE/workspace_1.9.0/IOT_HTTP_WebServer/Drivers/BSP/Components/ism330dhcx/ism330dhcx.c:3000:16:ReadRegWrap	40	static
/Users/chrrum01/STM32CubeIDE/workspace_1.9.0/IOT_HTTP_WebServer/Drivers/BSP/Components/ism330dhcx/ism330dhcx.c:3015:16:WriteRegWrap	40	static
