/Users/chrrum01/STM32CubeIDE/workspace_1.9.0/IOT_HTTP_WebServer/Drivers/BSP/Components/lps22hh/lps22hh_reg.c:48:9:lps22hh_read_reg	40	static
/Users/chrrum01/STM32CubeIDE/workspace_1.9.0/IOT_HTTP_WebServer/Drivers/BSP/Components/lps22hh/lps22hh_reg.c:67:9:lps22hh_write_reg	40	static
/Users/chrrum01/STM32CubeIDE/workspace_1.9.0/IOT_HTTP_WebServer/Drivers/BSP/Components/lps22hh/lps22hh_reg.c:87:9:lps22hh_from_lsb_to_hpa	16	static
/Users/chrrum01/STM32CubeIDE/workspace_1.9.0/IOT_HTTP_WebServer/Drivers/BSP/Components/lps22hh/lps22hh_reg.c:92:9:lps22hh_from_lsb_to_celsius	16	static
/Users/chrrum01/STM32CubeIDE/workspace_1.9.0/IOT_HTTP_WebServer/Drivers/BSP/Components/lps22hh/lps22hh_reg.c:118:9:lps22hh_autozero_rst_set	24	static
/Users/chrrum01/STM32CubeIDE/workspace_1.9.0/IOT_HTTP_WebServer/Drivers/BSP/Components/lps22hh/lps22hh_reg.c:142:9:lps22hh_autozero_rst_get	24	static
/Users/chrrum01/STM32CubeIDE/workspace_1.9.0/IOT_HTTP_WebServer/Drivers/BSP/Components/lps22hh/lps22hh_reg.c:160:9:lps22hh_autozero_set	24	static
/Users/chrrum01/STM32CubeIDE/workspace_1.9.0/IOT_HTTP_WebServer/Drivers/BSP/Components/lps22hh/lps22hh_reg.c:184:9:lps22hh_autozero_get	24	static
/Users/chrrum01/STM32CubeIDE/workspace_1.9.0/IOT_HTTP_WebServer/Drivers/BSP/Components/lps22hh/lps22hh_reg.c:202:9:lps22hh_pressure_snap_rst_set	24	static
/Users/chrrum01/STM32CubeIDE/workspace_1.9.0/IOT_HTTP_WebServer/Drivers/BSP/Components/lps22hh/lps22hh_reg.c:226:9:lps22hh_pressure_snap_rst_get	24	static
/Users/chrrum01/STM32CubeIDE/workspace_1.9.0/IOT_HTTP_WebServer/Drivers/BSP/Components/lps22hh/lps22hh_reg.c:244:9:lps22hh_pressure_snap_set	24	static
/Users/chrrum01/STM32CubeIDE/workspace_1.9.0/IOT_HTTP_WebServer/Drivers/BSP/Components/lps22hh/lps22hh_reg.c:268:9:lps22hh_pressure_snap_get	24	static
/Users/chrrum01/STM32CubeIDE/workspace_1.9.0/IOT_HTTP_WebServer/Drivers/BSP/Components/lps22hh/lps22hh_reg.c:286:9:lps22hh_block_data_update_set	24	static
/Users/chrrum01/STM32CubeIDE/workspace_1.9.0/IOT_HTTP_WebServer/Drivers/BSP/Components/lps22hh/lps22hh_reg.c:308:9:lps22hh_block_data_update_get	24	static
/Users/chrrum01/STM32CubeIDE/workspace_1.9.0/IOT_HTTP_WebServer/Drivers/BSP/Components/lps22hh/lps22hh_reg.c:325:9:lps22hh_data_rate_set	32	static
/Users/chrrum01/STM32CubeIDE/workspace_1.9.0/IOT_HTTP_WebServer/Drivers/BSP/Components/lps22hh/lps22hh_reg.c:362:9:lps22hh_data_rate_get	32	static
/Users/chrrum01/STM32CubeIDE/workspace_1.9.0/IOT_HTTP_WebServer/Drivers/BSP/Components/lps22hh/lps22hh_reg.c:456:9:lps22hh_pressure_ref_set	24	static
/Users/chrrum01/STM32CubeIDE/workspace_1.9.0/IOT_HTTP_WebServer/Drivers/BSP/Components/lps22hh/lps22hh_reg.c:477:9:lps22hh_pressure_ref_get	24	static
/Users/chrrum01/STM32CubeIDE/workspace_1.9.0/IOT_HTTP_WebServer/Drivers/BSP/Components/lps22hh/lps22hh_reg.c:497:9:lps22hh_pressure_offset_set	24	static
/Users/chrrum01/STM32CubeIDE/workspace_1.9.0/IOT_HTTP_WebServer/Drivers/BSP/Components/lps22hh/lps22hh_reg.c:518:9:lps22hh_pressure_offset_get	24	static
/Users/chrrum01/STM32CubeIDE/workspace_1.9.0/IOT_HTTP_WebServer/Drivers/BSP/Components/lps22hh/lps22hh_reg.c:536:9:lps22hh_all_sources_get	24	static
/Users/chrrum01/STM32CubeIDE/workspace_1.9.0/IOT_HTTP_WebServer/Drivers/BSP/Components/lps22hh/lps22hh_reg.c:564:9:lps22hh_status_reg_get	24	static
/Users/chrrum01/STM32CubeIDE/workspace_1.9.0/IOT_HTTP_WebServer/Drivers/BSP/Components/lps22hh/lps22hh_reg.c:580:9:lps22hh_press_flag_data_ready_get	24	static
/Users/chrrum01/STM32CubeIDE/workspace_1.9.0/IOT_HTTP_WebServer/Drivers/BSP/Components/lps22hh/lps22hh_reg.c:598:9:lps22hh_temp_flag_data_ready_get	24	static
/Users/chrrum01/STM32CubeIDE/workspace_1.9.0/IOT_HTTP_WebServer/Drivers/BSP/Components/lps22hh/lps22hh_reg.c:628:9:lps22hh_pressure_raw_get	24	static
/Users/chrrum01/STM32CubeIDE/workspace_1.9.0/IOT_HTTP_WebServer/Drivers/BSP/Components/lps22hh/lps22hh_reg.c:648:9:lps22hh_temperature_raw_get	24	static
/Users/chrrum01/STM32CubeIDE/workspace_1.9.0/IOT_HTTP_WebServer/Drivers/BSP/Components/lps22hh/lps22hh_reg.c:666:9:lps22hh_fifo_pressure_raw_get	24	static
/Users/chrrum01/STM32CubeIDE/workspace_1.9.0/IOT_HTTP_WebServer/Drivers/BSP/Components/lps22hh/lps22hh_reg.c:687:9:lps22hh_fifo_temperature_raw_get	24	static
/Users/chrrum01/STM32CubeIDE/workspace_1.9.0/IOT_HTTP_WebServer/Drivers/BSP/Components/lps22hh/lps22hh_reg.c:718:9:lps22hh_device_id_get	24	static
/Users/chrrum01/STM32CubeIDE/workspace_1.9.0/IOT_HTTP_WebServer/Drivers/BSP/Components/lps22hh/lps22hh_reg.c:734:9:lps22hh_reset_set	24	static
/Users/chrrum01/STM32CubeIDE/workspace_1.9.0/IOT_HTTP_WebServer/Drivers/BSP/Components/lps22hh/lps22hh_reg.c:757:9:lps22hh_reset_get	24	static
/Users/chrrum01/STM32CubeIDE/workspace_1.9.0/IOT_HTTP_WebServer/Drivers/BSP/Components/lps22hh/lps22hh_reg.c:776:9:lps22hh_auto_increment_set	24	static
/Users/chrrum01/STM32CubeIDE/workspace_1.9.0/IOT_HTTP_WebServer/Drivers/BSP/Components/lps22hh/lps22hh_reg.c:800:9:lps22hh_auto_increment_get	24	static
/Users/chrrum01/STM32CubeIDE/workspace_1.9.0/IOT_HTTP_WebServer/Drivers/BSP/Components/lps22hh/lps22hh_reg.c:818:9:lps22hh_boot_set	24	static
/Users/chrrum01/STM32CubeIDE/workspace_1.9.0/IOT_HTTP_WebServer/Drivers/BSP/Components/lps22hh/lps22hh_reg.c:841:9:lps22hh_boot_get	24	static
/Users/chrrum01/STM32CubeIDE/workspace_1.9.0/IOT_HTTP_WebServer/Drivers/BSP/Components/lps22hh/lps22hh_reg.c:871:9:lps22hh_lp_bandwidth_set	24	static
/Users/chrrum01/STM32CubeIDE/workspace_1.9.0/IOT_HTTP_WebServer/Drivers/BSP/Components/lps22hh/lps22hh_reg.c:894:9:lps22hh_lp_bandwidth_get	24	static
/Users/chrrum01/STM32CubeIDE/workspace_1.9.0/IOT_HTTP_WebServer/Drivers/BSP/Components/lps22hh/lps22hh_reg.c:943:9:lps22hh_i2c_interface_set	24	static
/Users/chrrum01/STM32CubeIDE/workspace_1.9.0/IOT_HTTP_WebServer/Drivers/BSP/Components/lps22hh/lps22hh_reg.c:966:9:lps22hh_i2c_interface_get	24	static
/Users/chrrum01/STM32CubeIDE/workspace_1.9.0/IOT_HTTP_WebServer/Drivers/BSP/Components/lps22hh/lps22hh_reg.c:998:9:lps22hh_i3c_interface_set	24	static
/Users/chrrum01/STM32CubeIDE/workspace_1.9.0/IOT_HTTP_WebServer/Drivers/BSP/Components/lps22hh/lps22hh_reg.c:1022:9:lps22hh_i3c_interface_get	24	static
/Users/chrrum01/STM32CubeIDE/workspace_1.9.0/IOT_HTTP_WebServer/Drivers/BSP/Components/lps22hh/lps22hh_reg.c:1058:9:lps22hh_sdo_sa0_mode_set	24	static
/Users/chrrum01/STM32CubeIDE/workspace_1.9.0/IOT_HTTP_WebServer/Drivers/BSP/Components/lps22hh/lps22hh_reg.c:1081:9:lps22hh_sdo_sa0_mode_get	24	static
/Users/chrrum01/STM32CubeIDE/workspace_1.9.0/IOT_HTTP_WebServer/Drivers/BSP/Components/lps22hh/lps22hh_reg.c:1113:9:lps22hh_sda_mode_set	24	static
/Users/chrrum01/STM32CubeIDE/workspace_1.9.0/IOT_HTTP_WebServer/Drivers/BSP/Components/lps22hh/lps22hh_reg.c:1135:9:lps22hh_sda_mode_get	24	static
/Users/chrrum01/STM32CubeIDE/workspace_1.9.0/IOT_HTTP_WebServer/Drivers/BSP/Components/lps22hh/lps22hh_reg.c:1166:9:lps22hh_spi_mode_set	24	static
/Users/chrrum01/STM32CubeIDE/workspace_1.9.0/IOT_HTTP_WebServer/Drivers/BSP/Components/lps22hh/lps22hh_reg.c:1188:9:lps22hh_spi_mode_get	24	static
/Users/chrrum01/STM32CubeIDE/workspace_1.9.0/IOT_HTTP_WebServer/Drivers/BSP/Components/lps22hh/lps22hh_reg.c:1232:9:lps22hh_int_notification_set	24	static
/Users/chrrum01/STM32CubeIDE/workspace_1.9.0/IOT_HTTP_WebServer/Drivers/BSP/Components/lps22hh/lps22hh_reg.c:1257:9:lps22hh_int_notification_get	24	static
/Users/chrrum01/STM32CubeIDE/workspace_1.9.0/IOT_HTTP_WebServer/Drivers/BSP/Components/lps22hh/lps22hh_reg.c:1290:9:lps22hh_pin_mode_set	24	static
/Users/chrrum01/STM32CubeIDE/workspace_1.9.0/IOT_HTTP_WebServer/Drivers/BSP/Components/lps22hh/lps22hh_reg.c:1312:9:lps22hh_pin_mode_get	24	static
/Users/chrrum01/STM32CubeIDE/workspace_1.9.0/IOT_HTTP_WebServer/Drivers/BSP/Components/lps22hh/lps22hh_reg.c:1343:9:lps22hh_pin_polarity_set	24	static
/Users/chrrum01/STM32CubeIDE/workspace_1.9.0/IOT_HTTP_WebServer/Drivers/BSP/Components/lps22hh/lps22hh_reg.c:1366:9:lps22hh_pin_polarity_get	24	static
/Users/chrrum01/STM32CubeIDE/workspace_1.9.0/IOT_HTTP_WebServer/Drivers/BSP/Components/lps22hh/lps22hh_reg.c:1398:9:lps22hh_pin_int_route_set	24	static
/Users/chrrum01/STM32CubeIDE/workspace_1.9.0/IOT_HTTP_WebServer/Drivers/BSP/Components/lps22hh/lps22hh_reg.c:1414:9:lps22hh_pin_int_route_get	24	static
/Users/chrrum01/STM32CubeIDE/workspace_1.9.0/IOT_HTTP_WebServer/Drivers/BSP/Components/lps22hh/lps22hh_reg.c:1443:9:lps22hh_int_on_threshold_set	24	static
/Users/chrrum01/STM32CubeIDE/workspace_1.9.0/IOT_HTTP_WebServer/Drivers/BSP/Components/lps22hh/lps22hh_reg.c:1477:9:lps22hh_int_on_threshold_get	24	static
/Users/chrrum01/STM32CubeIDE/workspace_1.9.0/IOT_HTTP_WebServer/Drivers/BSP/Components/lps22hh/lps22hh_reg.c:1518:9:lps22hh_int_treshold_set	32	static
/Users/chrrum01/STM32CubeIDE/workspace_1.9.0/IOT_HTTP_WebServer/Drivers/BSP/Components/lps22hh/lps22hh_reg.c:1544:9:lps22hh_int_treshold_get	32	static
/Users/chrrum01/STM32CubeIDE/workspace_1.9.0/IOT_HTTP_WebServer/Drivers/BSP/Components/lps22hh/lps22hh_reg.c:1582:9:lps22hh_fifo_mode_set	24	static
/Users/chrrum01/STM32CubeIDE/workspace_1.9.0/IOT_HTTP_WebServer/Drivers/BSP/Components/lps22hh/lps22hh_reg.c:1604:9:lps22hh_fifo_mode_get	24	static
/Users/chrrum01/STM32CubeIDE/workspace_1.9.0/IOT_HTTP_WebServer/Drivers/BSP/Components/lps22hh/lps22hh_reg.c:1657:9:lps22hh_fifo_stop_on_wtm_set	24	static
/Users/chrrum01/STM32CubeIDE/workspace_1.9.0/IOT_HTTP_WebServer/Drivers/BSP/Components/lps22hh/lps22hh_reg.c:1680:9:lps22hh_fifo_stop_on_wtm_get	24	static
/Users/chrrum01/STM32CubeIDE/workspace_1.9.0/IOT_HTTP_WebServer/Drivers/BSP/Components/lps22hh/lps22hh_reg.c:1697:9:lps22hh_fifo_watermark_set	24	static
/Users/chrrum01/STM32CubeIDE/workspace_1.9.0/IOT_HTTP_WebServer/Drivers/BSP/Components/lps22hh/lps22hh_reg.c:1719:9:lps22hh_fifo_watermark_get	24	static
/Users/chrrum01/STM32CubeIDE/workspace_1.9.0/IOT_HTTP_WebServer/Drivers/BSP/Components/lps22hh/lps22hh_reg.c:1736:9:lps22hh_fifo_data_level_get	24	static
/Users/chrrum01/STM32CubeIDE/workspace_1.9.0/IOT_HTTP_WebServer/Drivers/BSP/Components/lps22hh/lps22hh_reg.c:1751:9:lps22hh_fifo_src_get	24	static
/Users/chrrum01/STM32CubeIDE/workspace_1.9.0/IOT_HTTP_WebServer/Drivers/BSP/Components/lps22hh/lps22hh_reg.c:1768:9:lps22hh_fifo_full_flag_get	24	static
/Users/chrrum01/STM32CubeIDE/workspace_1.9.0/IOT_HTTP_WebServer/Drivers/BSP/Components/lps22hh/lps22hh_reg.c:1786:9:lps22hh_fifo_ovr_flag_get	24	static
/Users/chrrum01/STM32CubeIDE/workspace_1.9.0/IOT_HTTP_WebServer/Drivers/BSP/Components/lps22hh/lps22hh_reg.c:1804:9:lps22hh_fifo_wtm_flag_get	24	static
/Users/chrrum01/STM32CubeIDE/workspace_1.9.0/IOT_HTTP_WebServer/Drivers/BSP/Components/lps22hh/lps22hh_reg.c:1820:9:lps22hh_fifo_ovr_on_int_set	24	static
/Users/chrrum01/STM32CubeIDE/workspace_1.9.0/IOT_HTTP_WebServer/Drivers/BSP/Components/lps22hh/lps22hh_reg.c:1841:9:lps22hh_fifo_ovr_on_int_get	24	static
/Users/chrrum01/STM32CubeIDE/workspace_1.9.0/IOT_HTTP_WebServer/Drivers/BSP/Components/lps22hh/lps22hh_reg.c:1857:9:lps22hh_fifo_threshold_on_int_set	24	static
/Users/chrrum01/STM32CubeIDE/workspace_1.9.0/IOT_HTTP_WebServer/Drivers/BSP/Components/lps22hh/lps22hh_reg.c:1879:9:lps22hh_fifo_threshold_on_int_get	24	static
/Users/chrrum01/STM32CubeIDE/workspace_1.9.0/IOT_HTTP_WebServer/Drivers/BSP/Components/lps22hh/lps22hh_reg.c:1896:9:lps22hh_fifo_full_on_int_set	24	static
/Users/chrrum01/STM32CubeIDE/workspace_1.9.0/IOT_HTTP_WebServer/Drivers/BSP/Components/lps22hh/lps22hh_reg.c:1917:9:lps22hh_fifo_full_on_int_get	24	static
