/Users/chrrum01/STM32CubeIDE/workspace_1.9.0/IOT_HTTP_WebServer/Drivers/BSP/Components/lps22hh/lps22hh.c:92:9:LPS22HH_RegisterBusIO	24	static
/Users/chrrum01/STM32CubeIDE/workspace_1.9.0/IOT_HTTP_WebServer/Drivers/BSP/Components/lps22hh/lps22hh.c:149:9:LPS22HH_Init	16	static
/Users/chrrum01/STM32CubeIDE/workspace_1.9.0/IOT_HTTP_WebServer/Drivers/BSP/Components/lps22hh/lps22hh.c:169:9:LPS22HH_DeInit	16	static
/Users/chrrum01/STM32CubeIDE/workspace_1.9.0/IOT_HTTP_WebServer/Drivers/BSP/Components/lps22hh/lps22hh.c:195:9:LPS22HH_ReadID	16	static
/Users/chrrum01/STM32CubeIDE/workspace_1.9.0/IOT_HTTP_WebServer/Drivers/BSP/Components/lps22hh/lps22hh.c:211:9:LPS22HH_GetCapabilities	16	static
/Users/chrrum01/STM32CubeIDE/workspace_1.9.0/IOT_HTTP_WebServer/Drivers/BSP/Components/lps22hh/lps22hh.c:232:9:LPS22HH_Get_Init_Status	16	static
/Users/chrrum01/STM32CubeIDE/workspace_1.9.0/IOT_HTTP_WebServer/Drivers/BSP/Components/lps22hh/lps22hh.c:249:9:LPS22HH_PRESS_Enable	16	static
/Users/chrrum01/STM32CubeIDE/workspace_1.9.0/IOT_HTTP_WebServer/Drivers/BSP/Components/lps22hh/lps22hh.c:273:9:LPS22HH_PRESS_Disable	16	static
/Users/chrrum01/STM32CubeIDE/workspace_1.9.0/IOT_HTTP_WebServer/Drivers/BSP/Components/lps22hh/lps22hh.c:309:9:LPS22HH_PRESS_GetOutputDataRate	16	static
/Users/chrrum01/STM32CubeIDE/workspace_1.9.0/IOT_HTTP_WebServer/Drivers/BSP/Components/lps22hh/lps22hh.c:320:9:LPS22HH_PRESS_SetOutputDataRate	16	static
/Users/chrrum01/STM32CubeIDE/workspace_1.9.0/IOT_HTTP_WebServer/Drivers/BSP/Components/lps22hh/lps22hh.c:339:9:LPS22HH_PRESS_GetPressure	24	static
/Users/chrrum01/STM32CubeIDE/workspace_1.9.0/IOT_HTTP_WebServer/Drivers/BSP/Components/lps22hh/lps22hh.c:360:9:LPS22HH_PRESS_Get_DRDY_Status	16	static
/Users/chrrum01/STM32CubeIDE/workspace_1.9.0/IOT_HTTP_WebServer/Drivers/BSP/Components/lps22hh/lps22hh.c:375:9:LPS22HH_TEMP_Enable	16	static
/Users/chrrum01/STM32CubeIDE/workspace_1.9.0/IOT_HTTP_WebServer/Drivers/BSP/Components/lps22hh/lps22hh.c:399:9:LPS22HH_TEMP_Disable	16	static
/Users/chrrum01/STM32CubeIDE/workspace_1.9.0/IOT_HTTP_WebServer/Drivers/BSP/Components/lps22hh/lps22hh.c:435:9:LPS22HH_TEMP_GetOutputDataRate	16	static
/Users/chrrum01/STM32CubeIDE/workspace_1.9.0/IOT_HTTP_WebServer/Drivers/BSP/Components/lps22hh/lps22hh.c:446:9:LPS22HH_TEMP_SetOutputDataRate	16	static
/Users/chrrum01/STM32CubeIDE/workspace_1.9.0/IOT_HTTP_WebServer/Drivers/BSP/Components/lps22hh/lps22hh.c:465:9:LPS22HH_TEMP_GetTemperature	24	static
/Users/chrrum01/STM32CubeIDE/workspace_1.9.0/IOT_HTTP_WebServer/Drivers/BSP/Components/lps22hh/lps22hh.c:486:9:LPS22HH_TEMP_Get_DRDY_Status	16	static
/Users/chrrum01/STM32CubeIDE/workspace_1.9.0/IOT_HTTP_WebServer/Drivers/BSP/Components/lps22hh/lps22hh.c:503:9:LPS22HH_Read_Reg	24	static
/Users/chrrum01/STM32CubeIDE/workspace_1.9.0/IOT_HTTP_WebServer/Drivers/BSP/Components/lps22hh/lps22hh.c:520:9:LPS22HH_Write_Reg	16	static
/Users/chrrum01/STM32CubeIDE/workspace_1.9.0/IOT_HTTP_WebServer/Drivers/BSP/Components/lps22hh/lps22hh.c:544:9:LPS22HH_Get_Temp	24	static
/Users/chrrum01/STM32CubeIDE/workspace_1.9.0/IOT_HTTP_WebServer/Drivers/BSP/Components/lps22hh/lps22hh.c:565:16:LPS22HH_GetOutputDataRate	24	static
/Users/chrrum01/STM32CubeIDE/workspace_1.9.0/IOT_HTTP_WebServer/Drivers/BSP/Components/lps22hh/lps22hh.c:623:16:LPS22HH_SetOutputDataRate_When_Enabled	24	static
/Users/chrrum01/STM32CubeIDE/workspace_1.9.0/IOT_HTTP_WebServer/Drivers/BSP/Components/lps22hh/lps22hh.c:654:16:LPS22HH_SetOutputDataRate_When_Disabled	16	static
/Users/chrrum01/STM32CubeIDE/workspace_1.9.0/IOT_HTTP_WebServer/Drivers/BSP/Components/lps22hh/lps22hh.c:672:16:LPS22HH_Initialize	16	static
/Users/chrrum01/STM32CubeIDE/workspace_1.9.0/IOT_HTTP_WebServer/Drivers/BSP/Components/lps22hh/lps22hh.c:715:9:LPS22HH_FIFO_Get_Data	32	static
/Users/chrrum01/STM32CubeIDE/workspace_1.9.0/IOT_HTTP_WebServer/Drivers/BSP/Components/lps22hh/lps22hh.c:745:9:LPS22HH_FIFO_Get_FTh_Status	16	static
/Users/chrrum01/STM32CubeIDE/workspace_1.9.0/IOT_HTTP_WebServer/Drivers/BSP/Components/lps22hh/lps22hh.c:761:9:LPS22HH_FIFO_Get_Full_Status	16	static
/Users/chrrum01/STM32CubeIDE/workspace_1.9.0/IOT_HTTP_WebServer/Drivers/BSP/Components/lps22hh/lps22hh.c:777:9:LPS22HH_FIFO_Get_Ovr_Status	16	static
/Users/chrrum01/STM32CubeIDE/workspace_1.9.0/IOT_HTTP_WebServer/Drivers/BSP/Components/lps22hh/lps22hh.c:793:9:LPS22HH_FIFO_Get_Level	16	static
/Users/chrrum01/STM32CubeIDE/workspace_1.9.0/IOT_HTTP_WebServer/Drivers/BSP/Components/lps22hh/lps22hh.c:809:9:LPS22HH_FIFO_Reset_Interrupt	16	static
/Users/chrrum01/STM32CubeIDE/workspace_1.9.0/IOT_HTTP_WebServer/Drivers/BSP/Components/lps22hh/lps22hh.c:844:9:LPS22HH_FIFO_Set_Interrupt	16	static
/Users/chrrum01/STM32CubeIDE/workspace_1.9.0/IOT_HTTP_WebServer/Drivers/BSP/Components/lps22hh/lps22hh.c:879:9:LPS22HH_FIFO_Set_Mode	16	static
/Users/chrrum01/STM32CubeIDE/workspace_1.9.0/IOT_HTTP_WebServer/Drivers/BSP/Components/lps22hh/lps22hh.c:909:9:LPS22HH_FIFO_Set_Watermark_Level	16	static
/Users/chrrum01/STM32CubeIDE/workspace_1.9.0/IOT_HTTP_WebServer/Drivers/BSP/Components/lps22hh/lps22hh.c:925:9:LPS22HH_FIFO_Stop_On_Watermark	16	static
/Users/chrrum01/STM32CubeIDE/workspace_1.9.0/IOT_HTTP_WebServer/Drivers/BSP/Components/lps22hh/lps22hh.c:940:9:LPS22HH_Set_One_Shot	16	static
/Users/chrrum01/STM32CubeIDE/workspace_1.9.0/IOT_HTTP_WebServer/Drivers/BSP/Components/lps22hh/lps22hh.c:957:9:LPS22HH_Get_One_Shot_Status	24	static
/Users/chrrum01/STM32CubeIDE/workspace_1.9.0/IOT_HTTP_WebServer/Drivers/BSP/Components/lps22hh/lps22hh.c:991:9:LPS22HH_Enable_DRDY_Interrupt	24	static
/Users/chrrum01/STM32CubeIDE/workspace_1.9.0/IOT_HTTP_WebServer/Drivers/BSP/Components/lps22hh/lps22hh.c:1015:9:LPS22HH_Set_Power_Mode	24	static
/Users/chrrum01/STM32CubeIDE/workspace_1.9.0/IOT_HTTP_WebServer/Drivers/BSP/Components/lps22hh/lps22hh.c:1047:9:LPS22HH_Set_Filter_Mode	16	static
/Users/chrrum01/STM32CubeIDE/workspace_1.9.0/IOT_HTTP_WebServer/Drivers/BSP/Components/lps22hh/lps22hh.c:1064:16:ReadRegWrap	40	static
/Users/chrrum01/STM32CubeIDE/workspace_1.9.0/IOT_HTTP_WebServer/Drivers/BSP/Components/lps22hh/lps22hh.c:1079:16:WriteRegWrap	40	static
