/Users/chrrum01/STM32CubeIDE/workspace_1.9.0/IOT_HTTP_WebServer/Drivers/BSP/Components/mx_wifi/core/mx_wifi_ipc.c:82:17:get_new_req_id	4	static
/Users/chrrum01/STM32CubeIDE/workspace_1.9.0/IOT_HTTP_WebServer/Drivers/BSP/Components/mx_wifi/core/mx_wifi_ipc.c:88:17:mpic_get_req_id	16	static
/Users/chrrum01/STM32CubeIDE/workspace_1.9.0/IOT_HTTP_WebServer/Drivers/BSP/Components/mx_wifi/core/mx_wifi_ipc.c:93:17:mpic_get_api_id	16	static
/Users/chrrum01/STM32CubeIDE/workspace_1.9.0/IOT_HTTP_WebServer/Drivers/BSP/Components/mx_wifi/core/mx_wifi_ipc.c:98:17:mipc_event	40	static
/Users/chrrum01/STM32CubeIDE/workspace_1.9.0/IOT_HTTP_WebServer/Drivers/BSP/Components/mx_wifi/core/mx_wifi_ipc.c:179:9:mipc_init	24	static
/Users/chrrum01/STM32CubeIDE/workspace_1.9.0/IOT_HTTP_WebServer/Drivers/BSP/Components/mx_wifi/core/mx_wifi_ipc.c:192:9:mipc_deinit	16	static
/Users/chrrum01/STM32CubeIDE/workspace_1.9.0/IOT_HTTP_WebServer/Drivers/BSP/Components/mx_wifi/core/mx_wifi_ipc.c:202:9:mipc_request	48	static
/Users/chrrum01/STM32CubeIDE/workspace_1.9.0/IOT_HTTP_WebServer/Drivers/BSP/Components/mx_wifi/core/mx_wifi_ipc.c:296:6:mipc_poll	24	static
/Users/chrrum01/STM32CubeIDE/workspace_1.9.0/IOT_HTTP_WebServer/Drivers/BSP/Components/mx_wifi/core/mx_wifi_ipc.c:319:9:mipc_echo	40	static
/Users/chrrum01/STM32CubeIDE/workspace_1.9.0/IOT_HTTP_WebServer/Drivers/BSP/Components/mx_wifi/core/mx_wifi_ipc.c:345:6:mapi_reboot_event_callback	16	static
/Users/chrrum01/STM32CubeIDE/workspace_1.9.0/IOT_HTTP_WebServer/Drivers/BSP/Components/mx_wifi/core/mx_wifi_ipc.c:356:6:mapi_wifi_status_event_callback	40	static
/Users/chrrum01/STM32CubeIDE/workspace_1.9.0/IOT_HTTP_WebServer/Drivers/BSP/Components/mx_wifi/core/mx_wifi_ipc.c:400:6:mapi_wifi_netlink_input_callback	32	static
